Archive member included to satisfy reference by file (symbol)

c:/program files (x86)/atollic/truestudio for stm32 9.0.0/armtools/bin/../lib/gcc/arm-atollic-eabi/6.3.1/../../../../arm-atollic-eabi/lib/armv7e-m/fpu/fpv5-d16\libc_nano.a(lib_a-init.o)
                              startup\startup_stm32f765xx.o (__libc_init_array)
c:/program files (x86)/atollic/truestudio for stm32 9.0.0/armtools/bin/../lib/gcc/arm-atollic-eabi/6.3.1/../../../../arm-atollic-eabi/lib/armv7e-m/fpu/fpv5-d16\libc_nano.a(lib_a-malloc.o)
                              Middlewares\USB_Device_Library\usbd_msc.o (malloc)
c:/program files (x86)/atollic/truestudio for stm32 9.0.0/armtools/bin/../lib/gcc/arm-atollic-eabi/6.3.1/../../../../arm-atollic-eabi/lib/armv7e-m/fpu/fpv5-d16\libc_nano.a(lib_a-memcpy-stub.o)
                              Middlewares\FreeRTOS\queue.o (memcpy)
c:/program files (x86)/atollic/truestudio for stm32 9.0.0/armtools/bin/../lib/gcc/arm-atollic-eabi/6.3.1/../../../../arm-atollic-eabi/lib/armv7e-m/fpu/fpv5-d16\libc_nano.a(lib_a-nano-freer.o)
                              c:/program files (x86)/atollic/truestudio for stm32 9.0.0/armtools/bin/../lib/gcc/arm-atollic-eabi/6.3.1/../../../../arm-atollic-eabi/lib/armv7e-m/fpu/fpv5-d16\libc_nano.a(lib_a-malloc.o) (_free_r)
c:/program files (x86)/atollic/truestudio for stm32 9.0.0/armtools/bin/../lib/gcc/arm-atollic-eabi/6.3.1/../../../../arm-atollic-eabi/lib/armv7e-m/fpu/fpv5-d16\libc_nano.a(lib_a-nano-mallocr.o)
                              c:/program files (x86)/atollic/truestudio for stm32 9.0.0/armtools/bin/../lib/gcc/arm-atollic-eabi/6.3.1/../../../../arm-atollic-eabi/lib/armv7e-m/fpu/fpv5-d16\libc_nano.a(lib_a-malloc.o) (_malloc_r)
c:/program files (x86)/atollic/truestudio for stm32 9.0.0/armtools/bin/../lib/gcc/arm-atollic-eabi/6.3.1/../../../../arm-atollic-eabi/lib/armv7e-m/fpu/fpv5-d16\libc_nano.a(lib_a-sbrkr.o)
                              c:/program files (x86)/atollic/truestudio for stm32 9.0.0/armtools/bin/../lib/gcc/arm-atollic-eabi/6.3.1/../../../../arm-atollic-eabi/lib/armv7e-m/fpu/fpv5-d16\libc_nano.a(lib_a-nano-mallocr.o) (_sbrk_r)
c:/program files (x86)/atollic/truestudio for stm32 9.0.0/armtools/bin/../lib/gcc/arm-atollic-eabi/6.3.1/../../../../arm-atollic-eabi/lib/armv7e-m/fpu/fpv5-d16\libc_nano.a(lib_a-impure.o)
                              c:/program files (x86)/atollic/truestudio for stm32 9.0.0/armtools/bin/../lib/gcc/arm-atollic-eabi/6.3.1/../../../../arm-atollic-eabi/lib/armv7e-m/fpu/fpv5-d16\libc_nano.a(lib_a-malloc.o) (_impure_ptr)
c:/program files (x86)/atollic/truestudio for stm32 9.0.0/armtools/bin/../lib/gcc/arm-atollic-eabi/6.3.1/../../../../arm-atollic-eabi/lib/armv7e-m/fpu/fpv5-d16\libc_nano.a(lib_a-mlock.o)
                              c:/program files (x86)/atollic/truestudio for stm32 9.0.0/armtools/bin/../lib/gcc/arm-atollic-eabi/6.3.1/../../../../arm-atollic-eabi/lib/armv7e-m/fpu/fpv5-d16\libc_nano.a(lib_a-nano-freer.o) (__malloc_lock)
c:/program files (x86)/atollic/truestudio for stm32 9.0.0/armtools/bin/../lib/gcc/arm-atollic-eabi/6.3.1/../../../../arm-atollic-eabi/lib/armv7e-m/fpu/fpv5-d16\libc_nano.a(lib_a-reent.o)
                              c:/program files (x86)/atollic/truestudio for stm32 9.0.0/armtools/bin/../lib/gcc/arm-atollic-eabi/6.3.1/../../../../arm-atollic-eabi/lib/armv7e-m/fpu/fpv5-d16\libc_nano.a(lib_a-sbrkr.o) (errno)
c:/program files (x86)/atollic/truestudio for stm32 9.0.0/armtools/bin/../lib/gcc/arm-atollic-eabi/6.3.1/armv7e-m/fpu/fpv5-d16\libgcc.a(_aeabi_uldivmod.o)
                              Drivers\STM32F7xx_HAL_Driver\stm32f7xx_hal_rcc.o (__aeabi_uldivmod)
c:/program files (x86)/atollic/truestudio for stm32 9.0.0/armtools/bin/../lib/gcc/arm-atollic-eabi/6.3.1/armv7e-m/fpu/fpv5-d16\libgcc.a(_udivmoddi4.o)
                              c:/program files (x86)/atollic/truestudio for stm32 9.0.0/armtools/bin/../lib/gcc/arm-atollic-eabi/6.3.1/armv7e-m/fpu/fpv5-d16\libgcc.a(_aeabi_uldivmod.o) (__udivmoddi4)
c:/program files (x86)/atollic/truestudio for stm32 9.0.0/armtools/bin/../lib/gcc/arm-atollic-eabi/6.3.1/armv7e-m/fpu/fpv5-d16\libgcc.a(_dvmd_tls.o)
                              c:/program files (x86)/atollic/truestudio for stm32 9.0.0/armtools/bin/../lib/gcc/arm-atollic-eabi/6.3.1/armv7e-m/fpu/fpv5-d16\libgcc.a(_aeabi_uldivmod.o) (__aeabi_ldiv0)
c:/program files (x86)/atollic/truestudio for stm32 9.0.0/armtools/bin/../lib/gcc/arm-atollic-eabi/6.3.1/../../../../arm-atollic-eabi/lib/armv7e-m/fpu/fpv5-d16\libnosys.a(sbrk.o)
                              c:/program files (x86)/atollic/truestudio for stm32 9.0.0/armtools/bin/../lib/gcc/arm-atollic-eabi/6.3.1/../../../../arm-atollic-eabi/lib/armv7e-m/fpu/fpv5-d16\libc_nano.a(lib_a-sbrkr.o) (_sbrk)

Allocating common symbols
Common symbol       size              file

serial_buffer_USART2
                    0x100             Src\main.o
hUsbDeviceFS        0x29c             Src\usb_device.o
defaultTaskHandle   0x4               Src\freertos.o
[...]
Memory Configuration

Name             Origin             Length             Attributes
RAM              0x20000000         0x00080000         xrw
FLASH            0x08000000         0x00100000         xr
*default*        0x00000000         0xffffffff

Linker script and memory map

LOAD c:/program files (x86)/atollic/truestudio for stm32 9.0.0/armtools/bin/../lib/gcc/arm-atollic-eabi/6.3.1/armv7e-m/fpu/fpv5-d16/crti.o
LOAD c:/program files (x86)/atollic/truestudio for stm32 9.0.0/armtools/bin/../lib/gcc/arm-atollic-eabi/6.3.1/armv7e-m/fpu/fpv5-d16/crtbegin.o
LOAD Drivers\STM32F7xx_HAL_Driver\stm32f7xx_hal.o
LOAD Drivers\STM32F7xx_HAL_Driver\stm32f7xx_hal_cortex.o
LOAD Drivers\STM32F7xx_HAL_Driver\stm32f7xx_hal_dma.o
LOAD Drivers\STM32F7xx_HAL_Driver\stm32f7xx_hal_dma_ex.o
LOAD Drivers\STM32F7xx_HAL_Driver\stm32f7xx_hal_flash.o
LOAD Drivers\STM32F7xx_HAL_Driver\stm32f7xx_hal_flash_ex.o
LOAD Drivers\STM32F7xx_HAL_Driver\stm32f7xx_hal_gpio.o
LOAD Drivers\STM32F7xx_HAL_Driver\stm32f7xx_hal_i2c.o
LOAD Drivers\STM32F7xx_HAL_Driver\stm32f7xx_hal_i2c_ex.o
LOAD Drivers\STM32F7xx_HAL_Driver\stm32f7xx_hal_pcd.o
LOAD Drivers\STM32F7xx_HAL_Driver\stm32f7xx_hal_pcd_ex.o
LOAD Drivers\STM32F7xx_HAL_Driver\stm32f7xx_hal_pwr.o
LOAD Drivers\STM32F7xx_HAL_Driver\stm32f7xx_hal_pwr_ex.o
LOAD Drivers\STM32F7xx_HAL_Driver\stm32f7xx_hal_rcc.o
LOAD Drivers\STM32F7xx_HAL_Driver\stm32f7xx_hal_rcc_ex.o
LOAD Drivers\STM32F7xx_HAL_Driver\stm32f7xx_hal_spi.o
LOAD Drivers\STM32F7xx_HAL_Driver\stm32f7xx_hal_tim.o
LOAD Drivers\STM32F7xx_HAL_Driver\stm32f7xx_hal_tim_ex.o
LOAD Drivers\STM32F7xx_HAL_Driver\stm32f7xx_hal_uart.o
LOAD Drivers\STM32F7xx_HAL_Driver\stm32f7xx_ll_usb.o
LOAD Middlewares\FreeRTOS\cmsis_os.o
LOAD Middlewares\FreeRTOS\croutine.o
LOAD Middlewares\FreeRTOS\event_groups.o
LOAD Middlewares\FreeRTOS\heap_4.o
LOAD Middlewares\FreeRTOS\list.o
LOAD Middlewares\FreeRTOS\port.o
LOAD Middlewares\FreeRTOS\queue.o
LOAD Middlewares\FreeRTOS\tasks.o
LOAD Middlewares\FreeRTOS\timers.o
LOAD Middlewares\USB_Device_Library\usbd_core.o
LOAD Middlewares\USB_Device_Library\usbd_ctlreq.o
LOAD Middlewares\USB_Device_Library\usbd_ioreq.o
LOAD Middlewares\USB_Device_Library\usbd_msc.o
LOAD Middlewares\USB_Device_Library\usbd_msc_bot.o
LOAD Middlewares\USB_Device_Library\usbd_msc_data.o
LOAD Middlewares\USB_Device_Library\usbd_msc_scsi.o
LOAD SPIDS\SPIDS.o
LOAD SPIDS\SPIDS_STM32F7_SPI_Driver.o
LOAD SPIDS\diskio.o
LOAD SPIDS\ff.o
LOAD SPIDS\ffsystem.o
LOAD SPIDS\ffunicode.o
LOAD Src\freertos.o
LOAD Src\gpio.o
LOAD Src\main.o
LOAD Src\spi.o
LOAD Src\stm32f7xx_hal_msp.o
LOAD Src\stm32f7xx_hal_timebase_TIM.o
LOAD Src\stm32f7xx_it.o
LOAD Src\system_stm32f7xx.o
LOAD Src\usart.o
LOAD Src\usb_device.o
LOAD Src\usbd_conf.o
LOAD Src\usbd_desc.o
LOAD Src\usbd_storage_if.o
LOAD serial\serial.o
LOAD startup\startup_stm32f765xx.o
                0x00000080                malloc_getpagesize_P = 0x80
START GROUP
LOAD c:/program files (x86)/atollic/truestudio for stm32 9.0.0/armtools/bin/../lib/gcc/arm-atollic-eabi/6.3.1/../../../../arm-atollic-eabi/lib/armv7e-m/fpu/fpv5-d16\libc_nano.a
LOAD c:/program files (x86)/atollic/truestudio for stm32 9.0.0/armtools/bin/../lib/gcc/arm-atollic-eabi/6.3.1/../../../../arm-atollic-eabi/lib/armv7e-m/fpu/fpv5-d16\libm.a
END GROUP
START GROUP
LOAD c:/program files (x86)/atollic/truestudio for stm32 9.0.0/armtools/bin/../lib/gcc/arm-atollic-eabi/6.3.1/armv7e-m/fpu/fpv5-d16\libgcc.a
LOAD c:/program files (x86)/atollic/truestudio for stm32 9.0.0/armtools/bin/../lib/gcc/arm-atollic-eabi/6.3.1/../../../../arm-atollic-eabi/lib/armv7e-m/fpu/fpv5-d16\libc_nano.a
END GROUP
START GROUP
LOAD c:/program files (x86)/atollic/truestudio for stm32 9.0.0/armtools/bin/../lib/gcc/arm-atollic-eabi/6.3.1/armv7e-m/fpu/fpv5-d16\libgcc.a
LOAD c:/program files (x86)/atollic/truestudio for stm32 9.0.0/armtools/bin/../lib/gcc/arm-atollic-eabi/6.3.1/../../../../arm-atollic-eabi/lib/armv7e-m/fpu/fpv5-d16\libc_nano.a
LOAD c:/program files (x86)/atollic/truestudio for stm32 9.0.0/armtools/bin/../lib/gcc/arm-atollic-eabi/6.3.1/../../../../arm-atollic-eabi/lib/armv7e-m/fpu/fpv5-d16\libnosys.a
END GROUP
START GROUP
LOAD c:/program files (x86)/atollic/truestudio for stm32 9.0.0/armtools/bin/../lib/gcc/arm-atollic-eabi/6.3.1/armv7e-m/fpu/fpv5-d16\libgcc.a
LOAD c:/program files (x86)/atollic/truestudio for stm32 9.0.0/armtools/bin/../lib/gcc/arm-atollic-eabi/6.3.1/../../../../arm-atollic-eabi/lib/armv7e-m/fpu/fpv5-d16\libc_nano.a
LOAD c:/program files (x86)/atollic/truestudio for stm32 9.0.0/armtools/bin/../lib/gcc/arm-atollic-eabi/6.3.1/../../../../arm-atollic-eabi/lib/armv7e-m/fpu/fpv5-d16\libnosys.a
END GROUP
LOAD c:/program files (x86)/atollic/truestudio for stm32 9.0.0/armtools/bin/../lib/gcc/arm-atollic-eabi/6.3.1/armv7e-m/fpu/fpv5-d16/crtend.o
LOAD c:/program files (x86)/atollic/truestudio for stm32 9.0.0/armtools/bin/../lib/gcc/arm-atollic-eabi/6.3.1/armv7e-m/fpu/fpv5-d16/crtn.o
                0x20080000                _estack = 0x20080000
                0x00000200                _Min_Heap_Size = 0x200
                0x00000400                _Min_Stack_Size = 0x400

.isr_vector     0x08000000      0x1f8
                0x08000000                . = ALIGN (0x4)
 *(.isr_vector)
 .isr_vector    0x08000000      0x1f8 startup\startup_stm32f765xx.o
                0x08000000                g_pfnVectors
                0x080001f8                . = ALIGN (0x4)

.text           0x08000200     0x72f0
                0x08000200                . = ALIGN (0x4)
 *(.text)
 .text          0x08000200       0x40 c:/program files (x86)/atollic/truestudio for stm32 9.0.0/armtools/bin/../lib/gcc/arm-atollic-eabi/6.3.1/armv7e-m/fpu/fpv5-d16/crtbegin.o
 .text          0x08000240       0x30 c:/program files (x86)/atollic/truestudio for stm32 9.0.0/armtools/bin/../lib/gcc/arm-atollic-eabi/6.3.1/armv7e-m/fpu/fpv5-d16\libgcc.a(_aeabi_uldivmod.o)
                0x08000240                __aeabi_uldivmod
 .text          0x08000270      0x2dc c:/program files (x86)/atollic/truestudio for stm32 9.0.0/armtools/bin/../lib/gcc/arm-atollic-eabi/6.3.1/armv7e-m/fpu/fpv5-d16\libgcc.a(_udivmoddi4.o)
                0x08000270                __udivmoddi4
 .text          0x0800054c        0x4 c:/program files (x86)/atollic/truestudio for stm32 9.0.0/armtools/bin/../lib/gcc/arm-atollic-eabi/6.3.1/armv7e-m/fpu/fpv5-d16\libgcc.a(_dvmd_tls.o)
                0x0800054c                __aeabi_idiv0
                0x0800054c                __aeabi_ldiv0
 *(.text*)
 .text.HAL_Init
                0x08000550       0x16 Drivers\STM32F7xx_HAL_Driver\stm32f7xx_hal.o
                0x08000550                HAL_Init
 *fill*         0x08000566        0x2 
 .text.HAL_IncTick
                0x08000568       0x18 Drivers\STM32F7xx_HAL_Driver\stm32f7xx_hal.o
                0x08000568                HAL_IncTick
 .text.HAL_GetTick
                0x08000580        0xc Drivers\STM32F7xx_HAL_Driver\stm32f7xx_hal.o
                0x08000580                HAL_GetTick
 .text.HAL_Delay
                0x0800058c       0x24 Drivers\STM32F7xx_HAL_Driver\stm32f7xx_hal.o
                0x0800058c                HAL_Delay
 .text.HAL_NVIC_SetPriorityGrouping
                0x080005b0       0x24 Drivers\STM32F7xx_HAL_Driver\stm32f7xx_hal_cortex.o
                0x080005b0                HAL_NVIC_SetPriorityGrouping
 .text.HAL_NVIC_SetPriority
                0x080005d4       0x70 Drivers\STM32F7xx_HAL_Driver\stm32f7xx_hal_cortex.o
                0x080005d4                HAL_NVIC_SetPriority
 .text.HAL_NVIC_EnableIRQ
                0x08000644       0x18 Drivers\STM32F7xx_HAL_Driver\stm32f7xx_hal_cortex.o
                0x08000644                HAL_NVIC_EnableIRQ
 .text.HAL_SYSTICK_Config
                0x0800065c       0x2c Drivers\STM32F7xx_HAL_Driver\stm32f7xx_hal_cortex.o
                0x0800065c                HAL_SYSTICK_Config
 .text.HAL_SYSTICK_CLKSourceConfig
                0x08000688       0x18 Drivers\STM32F7xx_HAL_Driver\stm32f7xx_hal_cortex.o
                0x08000688                HAL_SYSTICK_CLKSourceConfig
 .text.DMA_CalcBaseAndBitshift
                0x080006a0       0x2c Drivers\STM32F7xx_HAL_Driver\stm32f7xx_hal_dma.o
 .text.HAL_DMA_Init
                0x080006cc       0xfc Drivers\STM32F7xx_HAL_Driver\stm32f7xx_hal_dma.o
                0x080006cc                HAL_DMA_Init
 .text.HAL_DMA_Abort_IT
                0x080007c8       0x24 Drivers\STM32F7xx_HAL_Driver\stm32f7xx_hal_dma.o
                0x080007c8                HAL_DMA_Abort_IT
 .text.FLASH_SetErrorCode
                0x080007ec       0x64 Drivers\STM32F7xx_HAL_Driver\stm32f7xx_hal_flash.o
 .text.HAL_FLASH_EndOfOperationCallback
                0x08000850        0x2 Drivers\STM32F7xx_HAL_Driver\stm32f7xx_hal_flash.o
                0x08000850                HAL_FLASH_EndOfOperationCallback
 .text.HAL_FLASH_OperationErrorCallback
                0x08000852        0x2 Drivers\STM32F7xx_HAL_Driver\stm32f7xx_hal_flash.o
                0x08000852                HAL_FLASH_OperationErrorCallback
 .text.HAL_FLASH_IRQHandler
                0x08000854       0xe8 Drivers\STM32F7xx_HAL_Driver\stm32f7xx_hal_flash.o
                0x08000854                HAL_FLASH_IRQHandler
 .text.FLASH_Erase_Sector
                0x0800093c       0x54 Drivers\STM32F7xx_HAL_Driver\stm32f7xx_hal_flash_ex.o
                0x0800093c                FLASH_Erase_Sector
 .text.HAL_GPIO_Init
                0x08000990      0x1d4 Drivers\STM32F7xx_HAL_Driver\stm32f7xx_hal_gpio.o
                0x08000990                HAL_GPIO_Init
 .text.HAL_GPIO_WritePin
                0x08000b64        0xa Drivers\STM32F7xx_HAL_Driver\stm32f7xx_hal_gpio.o
                0x08000b64                HAL_GPIO_WritePin
 .text.HAL_PCD_Init
                0x08000b6e       0xe8 Drivers\STM32F7xx_HAL_Driver\stm32f7xx_hal_pcd.o
                0x08000b6e                HAL_PCD_Init
 .text.HAL_PCD_Start
                0x08000c56       0x2a Drivers\STM32F7xx_HAL_Driver\stm32f7xx_hal_pcd.o
                0x08000c56                HAL_PCD_Start
 .text.HAL_PCD_IRQHandler
                0x08000c80      0x664 Drivers\STM32F7xx_HAL_Driver\stm32f7xx_hal_pcd.o
                0x08000c80                HAL_PCD_IRQHandler
 .text.HAL_PCD_SetAddress
                0x080012e4       0x28 Drivers\STM32F7xx_HAL_Driver\stm32f7xx_hal_pcd.o
                0x080012e4                HAL_PCD_SetAddress
 .text.HAL_PCD_EP_Open
                0x0800130c       0x68 Drivers\STM32F7xx_HAL_Driver\stm32f7xx_hal_pcd.o
                0x0800130c                HAL_PCD_EP_Open
 .text.HAL_PCD_EP_Close
                0x08001374       0x56 Drivers\STM32F7xx_HAL_Driver\stm32f7xx_hal_pcd.o
                0x08001374                HAL_PCD_EP_Close
 .text.HAL_PCD_EP_Receive
                0x080013ca       0x48 Drivers\STM32F7xx_HAL_Driver\stm32f7xx_hal_pcd.o
                0x080013ca                HAL_PCD_EP_Receive
 .text.HAL_PCD_EP_GetRxCount
                0x08001412       0x10 Drivers\STM32F7xx_HAL_Driver\stm32f7xx_hal_pcd.o
                0x08001412                HAL_PCD_EP_GetRxCount
 .text.HAL_PCD_EP_Transmit
                0x08001422       0x40 Drivers\STM32F7xx_HAL_Driver\stm32f7xx_hal_pcd.o
                0x08001422                HAL_PCD_EP_Transmit
 .text.HAL_PCD_EP_SetStall
                0x08001462       0x74 Drivers\STM32F7xx_HAL_Driver\stm32f7xx_hal_pcd.o
                0x08001462                HAL_PCD_EP_SetStall
 .text.HAL_PCD_EP_ClrStall
                0x080014d6       0x62 Drivers\STM32F7xx_HAL_Driver\stm32f7xx_hal_pcd.o
                0x080014d6                HAL_PCD_EP_ClrStall
 .text.HAL_PCD_EP_Flush
                0x08001538       0x34 Drivers\STM32F7xx_HAL_Driver\stm32f7xx_hal_pcd.o
                0x08001538                HAL_PCD_EP_Flush
 .text.HAL_PCDEx_SetTxFiFo
                0x0800156c       0x42 Drivers\STM32F7xx_HAL_Driver\stm32f7xx_hal_pcd_ex.o
                0x0800156c                HAL_PCDEx_SetTxFiFo
 .text.HAL_PCDEx_SetRxFiFo
                0x080015ae        0x8 Drivers\STM32F7xx_HAL_Driver\stm32f7xx_hal_pcd_ex.o
                0x080015ae                HAL_PCDEx_SetRxFiFo
 .text.HAL_PCDEx_ActivateLPM
                0x080015b6       0x26 Drivers\STM32F7xx_HAL_Driver\stm32f7xx_hal_pcd_ex.o
                0x080015b6                HAL_PCDEx_ActivateLPM
 .text.HAL_PWR_PVDCallback
                0x080015dc        0x2 Drivers\STM32F7xx_HAL_Driver\stm32f7xx_hal_pwr.o
                0x080015dc                HAL_PWR_PVDCallback
 *fill*         0x080015de        0x2 
 .text.HAL_PWR_PVD_IRQHandler
                0x080015e0       0x1c Drivers\STM32F7xx_HAL_Driver\stm32f7xx_hal_pwr.o
                0x080015e0                HAL_PWR_PVD_IRQHandler
 .text.HAL_PWREx_EnableOverDrive
                0x080015fc       0x70 Drivers\STM32F7xx_HAL_Driver\stm32f7xx_hal_pwr_ex.o
                0x080015fc                HAL_PWREx_EnableOverDrive
 .text.HAL_RCC_OscConfig
                0x0800166c      0x328 Drivers\STM32F7xx_HAL_Driver\stm32f7xx_hal_rcc.o
                0x0800166c                HAL_RCC_OscConfig
 .text.HAL_RCC_GetSysClockFreq
                0x08001994       0x5c Drivers\STM32F7xx_HAL_Driver\stm32f7xx_hal_rcc.o
                0x08001994                HAL_RCC_GetSysClockFreq
 .text.HAL_RCC_ClockConfig
                0x080019f0      0x13c Drivers\STM32F7xx_HAL_Driver\stm32f7xx_hal_rcc.o
                0x080019f0                HAL_RCC_ClockConfig
 .text.HAL_RCC_GetHCLKFreq
                0x08001b2c        0xc Drivers\STM32F7xx_HAL_Driver\stm32f7xx_hal_rcc.o
                0x08001b2c                HAL_RCC_GetHCLKFreq
 .text.HAL_RCC_GetPCLK1Freq
                0x08001b38       0x20 Drivers\STM32F7xx_HAL_Driver\stm32f7xx_hal_rcc.o
                0x08001b38                HAL_RCC_GetPCLK1Freq
 .text.HAL_RCC_GetPCLK2Freq
                0x08001b58       0x20 Drivers\STM32F7xx_HAL_Driver\stm32f7xx_hal_rcc.o
                0x08001b58                HAL_RCC_GetPCLK2Freq
 .text.HAL_RCC_GetOscConfig
                0x08001b78       0xb0 Drivers\STM32F7xx_HAL_Driver\stm32f7xx_hal_rcc.o
                0x08001b78                HAL_RCC_GetOscConfig
 .text.HAL_RCC_GetClockConfig
                0x08001c28       0x3c Drivers\STM32F7xx_HAL_Driver\stm32f7xx_hal_rcc.o
                0x08001c28                HAL_RCC_GetClockConfig
 .text.HAL_RCCEx_PeriphCLKConfig
                0x08001c64      0x51c Drivers\STM32F7xx_HAL_Driver\stm32f7xx_hal_rcc_ex.o
                0x08001c64                HAL_RCCEx_PeriphCLKConfig
 .text.SPI_WaitFifoStateUntilTimeout.part.1
                0x08002180       0x54 Drivers\STM32F7xx_HAL_Driver\stm32f7xx_hal_spi.o
 .text.SPI_WaitFlagStateUntilTimeout.constprop.10
                0x080021d4       0x30 Drivers\STM32F7xx_HAL_Driver\stm32f7xx_hal_spi.o
 .text.SPI_WaitFifoStateUntilTimeout.constprop.11
                0x08002204       0x40 Drivers\STM32F7xx_HAL_Driver\stm32f7xx_hal_spi.o
 .text.SPI_EndRxTxTransaction
                0x08002244       0x44 Drivers\STM32F7xx_HAL_Driver\stm32f7xx_hal_spi.o
 .text.HAL_SPI_Init
                0x08002288       0xaa Drivers\STM32F7xx_HAL_Driver\stm32f7xx_hal_spi.o
                0x08002288                HAL_SPI_Init
 .text.HAL_SPI_Transmit
                0x08002332      0x148 Drivers\STM32F7xx_HAL_Driver\stm32f7xx_hal_spi.o
                0x08002332                HAL_SPI_Transmit
 .text.HAL_SPI_TransmitReceive
                0x0800247a      0x242 Drivers\STM32F7xx_HAL_Driver\stm32f7xx_hal_spi.o
                0x0800247a                HAL_SPI_TransmitReceive
 .text.HAL_TIM_Base_MspInit
                0x080026bc        0x2 Drivers\STM32F7xx_HAL_Driver\stm32f7xx_hal_tim.o
                0x080026bc                HAL_TIM_Base_MspInit
 .text.HAL_TIM_Base_Start_IT
                0x080026be       0x16 Drivers\STM32F7xx_HAL_Driver\stm32f7xx_hal_tim.o
                0x080026be                HAL_TIM_Base_Start_IT
 .text.HAL_TIM_OC_DelayElapsedCallback
                0x080026d4        0x2 Drivers\STM32F7xx_HAL_Driver\stm32f7xx_hal_tim.o
                0x080026d4                HAL_TIM_OC_DelayElapsedCallback
 .text.HAL_TIM_IC_CaptureCallback
                0x080026d6        0x2 Drivers\STM32F7xx_HAL_Driver\stm32f7xx_hal_tim.o
                0x080026d6                HAL_TIM_IC_CaptureCallback
 .text.HAL_TIM_PWM_PulseFinishedCallback
                0x080026d8        0x2 Drivers\STM32F7xx_HAL_Driver\stm32f7xx_hal_tim.o
                0x080026d8                HAL_TIM_PWM_PulseFinishedCallback
 .text.HAL_TIM_TriggerCallback
                0x080026da        0x2 Drivers\STM32F7xx_HAL_Driver\stm32f7xx_hal_tim.o
                0x080026da                HAL_TIM_TriggerCallback
 .text.HAL_TIM_IRQHandler
                0x080026dc      0x160 Drivers\STM32F7xx_HAL_Driver\stm32f7xx_hal_tim.o
                0x080026dc                HAL_TIM_IRQHandler
 .text.TIM_Base_SetConfig
                0x0800283c       0xd0 Drivers\STM32F7xx_HAL_Driver\stm32f7xx_hal_tim.o
                0x0800283c                TIM_Base_SetConfig
 .text.HAL_TIM_Base_Init
                0x0800290c       0x34 Drivers\STM32F7xx_HAL_Driver\stm32f7xx_hal_tim.o
                0x0800290c                HAL_TIM_Base_Init
 .text.HAL_TIMEx_CommutationCallback
                0x08002940        0x2 Drivers\STM32F7xx_HAL_Driver\stm32f7xx_hal_tim_ex.o
                0x08002940                HAL_TIMEx_CommutationCallback
 .text.HAL_TIMEx_BreakCallback
                0x08002942        0x2 Drivers\STM32F7xx_HAL_Driver\stm32f7xx_hal_tim_ex.o
                0x08002942                HAL_TIMEx_BreakCallback
 .text.UART_EndRxTransfer
                0x08002944       0x1a Drivers\STM32F7xx_HAL_Driver\stm32f7xx_hal_uart.o
 .text.HAL_UART_Transmit_IT
                0x0800295e       0x42 Drivers\STM32F7xx_HAL_Driver\stm32f7xx_hal_uart.o
                0x0800295e                HAL_UART_Transmit_IT
 .text.HAL_UART_Receive_IT
                0x080029a0       0x88 Drivers\STM32F7xx_HAL_Driver\stm32f7xx_hal_uart.o
                0x080029a0                HAL_UART_Receive_IT
 .text.UART_WaitOnFlagUntilTimeout
                0x08002a28       0x62 Drivers\STM32F7xx_HAL_Driver\stm32f7xx_hal_uart.o
                0x08002a28                UART_WaitOnFlagUntilTimeout
 .text.UART_Receive_IT
                0x08002a8a       0x6e Drivers\STM32F7xx_HAL_Driver\stm32f7xx_hal_uart.o
 .text.HAL_UART_ErrorCallback
                0x08002af8        0x2 Drivers\STM32F7xx_HAL_Driver\stm32f7xx_hal_uart.o
                0x08002af8                HAL_UART_ErrorCallback
 *fill*         0x08002afa        0x2 
 .text.HAL_UART_IRQHandler
                0x08002afc      0x15c Drivers\STM32F7xx_HAL_Driver\stm32f7xx_hal_uart.o
                0x08002afc                HAL_UART_IRQHandler
 .text.UART_DMAAbortOnError
                0x08002c58       0x14 Drivers\STM32F7xx_HAL_Driver\stm32f7xx_hal_uart.o
 .text.UART_SetConfig
                0x08002c6c      0x290 Drivers\STM32F7xx_HAL_Driver\stm32f7xx_hal_uart.o
                0x08002c6c                UART_SetConfig
 .text.UART_AdvFeatureConfig
                0x08002efc       0xaa Drivers\STM32F7xx_HAL_Driver\stm32f7xx_hal_uart.o
                0x08002efc                UART_AdvFeatureConfig
 .text.UART_CheckIdleState
                0x08002fa6       0x44 Drivers\STM32F7xx_HAL_Driver\stm32f7xx_hal_uart.o
                0x08002fa6                UART_CheckIdleState
 .text.HAL_UART_Init
                0x08002fea       0x64 Drivers\STM32F7xx_HAL_Driver\stm32f7xx_hal_uart.o
                0x08002fea                HAL_UART_Init
 *fill*         0x0800304e        0x2 
 .text.USB_CoreReset
                0x08003050       0x30 Drivers\STM32F7xx_HAL_Driver\stm32f7xx_ll_usb.o
 .text.USB_CoreInit
                0x08003080       0x76 Drivers\STM32F7xx_HAL_Driver\stm32f7xx_ll_usb.o
                0x08003080                USB_CoreInit
 .text.USB_EnableGlobalInt
                0x080030f6        0xc Drivers\STM32F7xx_HAL_Driver\stm32f7xx_ll_usb.o
                0x080030f6                USB_EnableGlobalInt
 .text.USB_DisableGlobalInt
                0x08003102        0xc Drivers\STM32F7xx_HAL_Driver\stm32f7xx_ll_usb.o
                0x08003102                USB_DisableGlobalInt
 .text.USB_SetCurrentMode
                0x0800310e       0x2e Drivers\STM32F7xx_HAL_Driver\stm32f7xx_ll_usb.o
                0x0800310e                USB_SetCurrentMode
 .text.USB_FlushTxFifo
                0x0800313c       0x24 Drivers\STM32F7xx_HAL_Driver\stm32f7xx_ll_usb.o
                0x0800313c                USB_FlushTxFifo
 .text.USB_FlushRxFifo
                0x08003160       0x20 Drivers\STM32F7xx_HAL_Driver\stm32f7xx_ll_usb.o
                0x08003160                USB_FlushRxFifo
 .text.USB_SetDevSpeed
                0x08003180        0xe Drivers\STM32F7xx_HAL_Driver\stm32f7xx_ll_usb.o
                0x08003180                USB_SetDevSpeed
 *fill*         0x0800318e        0x2 
 .text.USB_DevInit
                0x08003190      0x170 Drivers\STM32F7xx_HAL_Driver\stm32f7xx_ll_usb.o
                0x08003190                USB_DevInit
 .text.USB_GetDevSpeed
                0x08003300       0x1c Drivers\STM32F7xx_HAL_Driver\stm32f7xx_ll_usb.o
                0x08003300                USB_GetDevSpeed
 .text.USB_ActivateEndpoint
                0x0800331c       0x82 Drivers\STM32F7xx_HAL_Driver\stm32f7xx_ll_usb.o
                0x0800331c                USB_ActivateEndpoint
 *fill*         0x0800339e        0x2 
 .text.USB_DeactivateEndpoint
                0x080033a0       0x64 Drivers\STM32F7xx_HAL_Driver\stm32f7xx_ll_usb.o
                0x080033a0                USB_DeactivateEndpoint
 .text.USB_EP0StartXfer
                0x08003404      0x100 Drivers\STM32F7xx_HAL_Driver\stm32f7xx_ll_usb.o
                0x08003404                USB_EP0StartXfer
 .text.USB_WritePacket
                0x08003504       0x28 Drivers\STM32F7xx_HAL_Driver\stm32f7xx_ll_usb.o
                0x08003504                USB_WritePacket
 .text.USB_EPStartXfer
                0x0800352c      0x1a4 Drivers\STM32F7xx_HAL_Driver\stm32f7xx_ll_usb.o
                0x0800352c                USB_EPStartXfer
 .text.USB_ReadPacket
                0x080036d0       0x1c Drivers\STM32F7xx_HAL_Driver\stm32f7xx_ll_usb.o
                0x080036d0                USB_ReadPacket
 .text.USB_EPSetStall
                0x080036ec       0x5a Drivers\STM32F7xx_HAL_Driver\stm32f7xx_ll_usb.o
                0x080036ec                USB_EPSetStall
 .text.USB_EPClearStall
                0x08003746       0x56 Drivers\STM32F7xx_HAL_Driver\stm32f7xx_ll_usb.o
                0x08003746                USB_EPClearStall
 .text.USB_SetDevAddress
                0x0800379c       0x20 Drivers\STM32F7xx_HAL_Driver\stm32f7xx_ll_usb.o
                0x0800379c                USB_SetDevAddress
 .text.USB_DevConnect
                0x080037bc       0x18 Drivers\STM32F7xx_HAL_Driver\stm32f7xx_ll_usb.o
                0x080037bc                USB_DevConnect
 .text.USB_DevDisconnect
                0x080037d4       0x18 Drivers\STM32F7xx_HAL_Driver\stm32f7xx_ll_usb.o
                0x080037d4                USB_DevDisconnect
 .text.USB_ReadInterrupts
                0x080037ec        0x8 Drivers\STM32F7xx_HAL_Driver\stm32f7xx_ll_usb.o
                0x080037ec                USB_ReadInterrupts
 .text.USB_ReadDevAllOutEpInterrupt
                0x080037f4       0x10 Drivers\STM32F7xx_HAL_Driver\stm32f7xx_ll_usb.o
                0x080037f4                USB_ReadDevAllOutEpInterrupt
 .text.USB_ReadDevAllInEpInterrupt
                0x08003804       0x10 Drivers\STM32F7xx_HAL_Driver\stm32f7xx_ll_usb.o
                0x08003804                USB_ReadDevAllInEpInterrupt
 .text.USB_ReadDevOutEPInterrupt
                0x08003814       0x12 Drivers\STM32F7xx_HAL_Driver\stm32f7xx_ll_usb.o
                0x08003814                USB_ReadDevOutEPInterrupt
 .text.USB_ReadDevInEPInterrupt
                0x08003826       0x24 Drivers\STM32F7xx_HAL_Driver\stm32f7xx_ll_usb.o
                0x08003826                USB_ReadDevInEPInterrupt
 .text.USB_GetMode
                0x0800384a        0x8 Drivers\STM32F7xx_HAL_Driver\stm32f7xx_ll_usb.o
                0x0800384a                USB_GetMode
 .text.USB_ActivateSetup
                0x08003852       0x36 Drivers\STM32F7xx_HAL_Driver\stm32f7xx_ll_usb.o
                0x08003852                USB_ActivateSetup
 .text.USB_EP0_OutStart
                0x08003888       0x40 Drivers\STM32F7xx_HAL_Driver\stm32f7xx_ll_usb.o
                0x08003888                USB_EP0_OutStart
 .text.osKernelStart
                0x080038c8        0xa Middlewares\FreeRTOS\cmsis_os.o
                0x080038c8                osKernelStart
 .text.osThreadCreate
                0x080038d2       0x30 Middlewares\FreeRTOS\cmsis_os.o
                0x080038d2                osThreadCreate
 .text.osDelay  0x08003902       0x10 Middlewares\FreeRTOS\cmsis_os.o
                0x08003902                osDelay
 .text.osSystickHandler
                0x08003912       0x14 Middlewares\FreeRTOS\cmsis_os.o
                0x08003912                osSystickHandler
 *fill*         0x08003926        0x2 
 .text.unlikely.prvInsertBlockIntoFreeList
                0x08003928       0x48 Middlewares\FreeRTOS\heap_4.o
 .text.pvPortMalloc
                0x08003970      0x124 Middlewares\FreeRTOS\heap_4.o
                0x08003970                pvPortMalloc
 .text.vPortFree
                0x08003a94       0x78 Middlewares\FreeRTOS\heap_4.o
                0x08003a94                vPortFree
 .text.vListInitialise
                0x08003b0c       0x16 Middlewares\FreeRTOS\list.o
                0x08003b0c                vListInitialise
 .text.vListInitialiseItem
                0x08003b22        0x6 Middlewares\FreeRTOS\list.o
                0x08003b22                vListInitialiseItem
 .text.vListInsertEnd
                0x08003b28       0x18 Middlewares\FreeRTOS\list.o
                0x08003b28                vListInsertEnd
 .text.vListInsert
                0x08003b40       0x2e Middlewares\FreeRTOS\list.o
                0x08003b40                vListInsert
 .text.uxListRemove
                0x08003b6e       0x20 Middlewares\FreeRTOS\list.o
                0x08003b6e                uxListRemove
 *fill*         0x08003b8e        0x2 
 .text.prvTaskExitError
                0x08003b90       0x38 Middlewares\FreeRTOS\port.o
 .text.prvPortStartFirstTask
                0x08003bc8       0x20 Middlewares\FreeRTOS\port.o
 .text.vPortEnableVFP
                0x08003be8       0x14 Middlewares\FreeRTOS\port.o
 .text.pxPortInitialiseStack
                0x08003bfc       0x24 Middlewares\FreeRTOS\port.o
                0x08003bfc                pxPortInitialiseStack
 .text.SVC_Handler
                0x08003c20       0x24 Middlewares\FreeRTOS\port.o
                0x08003c20                SVC_Handler
 .text.vPortEnterCritical
                0x08003c44       0x4c Middlewares\FreeRTOS\port.o
                0x08003c44                vPortEnterCritical
 .text.vPortExitCritical
                0x08003c90       0x2c Middlewares\FreeRTOS\port.o
                0x08003c90                vPortExitCritical
 *fill*         0x08003cbc        0x4 
 .text.PendSV_Handler
                0x08003cc0       0x64 Middlewares\FreeRTOS\port.o
                0x08003cc0                PendSV_Handler
 .text.xPortSysTickHandler
                0x08003d24       0x30 Middlewares\FreeRTOS\port.o
                0x08003d24                xPortSysTickHandler
 .text.vPortSetupTimerInterrupt
                0x08003d54       0x28 Middlewares\FreeRTOS\port.o
                0x08003d54                vPortSetupTimerInterrupt
 .text.xPortStartScheduler
                0x08003d7c       0xa8 Middlewares\FreeRTOS\port.o
                0x08003d7c                xPortStartScheduler
 .text.prvResetNextTaskUnblockTime
                0x08003e24       0x24 Middlewares\FreeRTOS\tasks.o
 .text.prvAddCurrentTaskToDelayedList
                0x08003e48       0x8c Middlewares\FreeRTOS\tasks.o
 .text.xTaskCreate
                0x08003ed4      0x1a0 Middlewares\FreeRTOS\tasks.o
                0x08003ed4                xTaskCreate
 .text.vTaskStartScheduler
                0x08004074       0x80 Middlewares\FreeRTOS\tasks.o
                0x08004074                vTaskStartScheduler
 .text.vTaskSuspendAll
                0x080040f4       0x10 Middlewares\FreeRTOS\tasks.o
                0x080040f4                vTaskSuspendAll
 .text.xTaskIncrementTick
                0x08004104      0x128 Middlewares\FreeRTOS\tasks.o
                0x08004104                xTaskIncrementTick
 .text.xTaskResumeAll
                0x0800422c       0xf4 Middlewares\FreeRTOS\tasks.o
                0x0800422c                xTaskResumeAll
 .text.vTaskDelay
                0x08004320       0x4c Middlewares\FreeRTOS\tasks.o
                0x08004320                vTaskDelay
 .text.prvIdleTask
                0x0800436c       0x74 Middlewares\FreeRTOS\tasks.o
 .text.vTaskSwitchContext
                0x080043e0       0x78 Middlewares\FreeRTOS\tasks.o
                0x080043e0                vTaskSwitchContext
 .text.xTaskGetSchedulerState
                0x08004458       0x20 Middlewares\FreeRTOS\tasks.o
                0x08004458                xTaskGetSchedulerState
 .text.USBD_Init
                0x08004478       0x2a Middlewares\USB_Device_Library\usbd_core.o
                0x08004478                USBD_Init
 .text.USBD_RegisterClass
                0x080044a2        0xe Middlewares\USB_Device_Library\usbd_core.o
                0x080044a2                USBD_RegisterClass
 .text.USBD_Start
                0x080044b0        0xa Middlewares\USB_Device_Library\usbd_core.o
                0x080044b0                USBD_Start
 .text.USBD_SetClassConfig
                0x080044ba       0x16 Middlewares\USB_Device_Library\usbd_core.o
                0x080044ba                USBD_SetClassConfig
 .text.USBD_ClrClassConfig
                0x080044d0        0xe Middlewares\USB_Device_Library\usbd_core.o
                0x080044d0                USBD_ClrClassConfig
 .text.USBD_LL_SetupStage
                0x080044de       0x5a Middlewares\USB_Device_Library\usbd_core.o
                0x080044de                USBD_LL_SetupStage
 .text.USBD_LL_DataOutStage
                0x08004538       0x70 Middlewares\USB_Device_Library\usbd_core.o
                0x08004538                USBD_LL_DataOutStage
 .text.USBD_LL_DataInStage
                0x080045a8       0xb6 Middlewares\USB_Device_Library\usbd_core.o
                0x080045a8                USBD_LL_DataInStage
 .text.USBD_LL_Reset
                0x0800465e       0x4e Middlewares\USB_Device_Library\usbd_core.o
                0x0800465e                USBD_LL_Reset
 .text.USBD_LL_SetSpeed
                0x080046ac        0x6 Middlewares\USB_Device_Library\usbd_core.o
                0x080046ac                USBD_LL_SetSpeed
 .text.USBD_LL_Suspend
                0x080046b2       0x12 Middlewares\USB_Device_Library\usbd_core.o
                0x080046b2                USBD_LL_Suspend
 .text.USBD_LL_Resume
                0x080046c4        0xc Middlewares\USB_Device_Library\usbd_core.o
                0x080046c4                USBD_LL_Resume
 .text.USBD_LL_SOF
                0x080046d0       0x18 Middlewares\USB_Device_Library\usbd_core.o
                0x080046d0                USBD_LL_SOF
 .text.USBD_LL_IsoINIncomplete
                0x080046e8        0x4 Middlewares\USB_Device_Library\usbd_core.o
                0x080046e8                USBD_LL_IsoINIncomplete
 .text.USBD_LL_IsoOUTIncomplete
                0x080046ec        0x4 Middlewares\USB_Device_Library\usbd_core.o
                0x080046ec                USBD_LL_IsoOUTIncomplete
 .text.USBD_LL_DevConnected
                0x080046f0        0x4 Middlewares\USB_Device_Library\usbd_core.o
                0x080046f0                USBD_LL_DevConnected
 .text.USBD_LL_DevDisconnected
                0x080046f4       0x16 Middlewares\USB_Device_Library\usbd_core.o
                0x080046f4                USBD_LL_DevDisconnected
 .text.USBD_CtlError.constprop.1
                0x0800470a       0x16 Middlewares\USB_Device_Library\usbd_ctlreq.o
 .text.USBD_StdDevReq
                0x08004720      0x244 Middlewares\USB_Device_Library\usbd_ctlreq.o
                0x08004720                USBD_StdDevReq
 .text.USBD_StdItfReq
                0x08004964       0x4a Middlewares\USB_Device_Library\usbd_ctlreq.o
                0x08004964                USBD_StdItfReq
 .text.USBD_StdEPReq
                0x080049ae      0x114 Middlewares\USB_Device_Library\usbd_ctlreq.o
                0x080049ae                USBD_StdEPReq
 .text.USBD_ParseSetupRequest
                0x08004ac2       0x28 Middlewares\USB_Device_Library\usbd_ctlreq.o
                0x08004ac2                USBD_ParseSetupRequest
 .text.USBD_CtlError
                0x08004aea       0x16 Middlewares\USB_Device_Library\usbd_ctlreq.o
                0x08004aea                USBD_CtlError
 .text.USBD_GetString
                0x08004b00       0x38 Middlewares\USB_Device_Library\usbd_ctlreq.o
                0x08004b00                USBD_GetString
 .text.USBD_CtlSendData
                0x08004b38       0x1a Middlewares\USB_Device_Library\usbd_ioreq.o
                0x08004b38                USBD_CtlSendData
 .text.USBD_CtlContinueSendData
                0x08004b52       0x10 Middlewares\USB_Device_Library\usbd_ioreq.o
                0x08004b52                USBD_CtlContinueSendData
 .text.USBD_CtlContinueRx
                0x08004b62       0x10 Middlewares\USB_Device_Library\usbd_ioreq.o
                0x08004b62                USBD_CtlContinueRx
 .text.USBD_CtlSendStatus
                0x08004b72       0x16 Middlewares\USB_Device_Library\usbd_ioreq.o
                0x08004b72                USBD_CtlSendStatus
 .text.USBD_CtlReceiveStatus
                0x08004b88       0x16 Middlewares\USB_Device_Library\usbd_ioreq.o
                0x08004b88                USBD_CtlReceiveStatus
 *fill*         0x08004b9e        0x2 
 .text.USBD_MSC_GetHSCfgDesc
                0x08004ba0        0xc Middlewares\USB_Device_Library\usbd_msc.o
                0x08004ba0                USBD_MSC_GetHSCfgDesc
 .text.USBD_MSC_GetFSCfgDesc
                0x08004bac        0xc Middlewares\USB_Device_Library\usbd_msc.o
                0x08004bac                USBD_MSC_GetFSCfgDesc
 .text.USBD_MSC_GetOtherSpeedCfgDesc
                0x08004bb8        0xc Middlewares\USB_Device_Library\usbd_msc.o
                0x08004bb8                USBD_MSC_GetOtherSpeedCfgDesc
 .text.USBD_MSC_GetDeviceQualifierDescriptor
                0x08004bc4        0xc Middlewares\USB_Device_Library\usbd_msc.o
                0x08004bc4                USBD_MSC_GetDeviceQualifierDescriptor
 .text.USBD_MSC_Init
                0x08004bd0       0x5a Middlewares\USB_Device_Library\usbd_msc.o
                0x08004bd0                USBD_MSC_Init
 .text.USBD_MSC_DeInit
                0x08004c2a       0x32 Middlewares\USB_Device_Library\usbd_msc.o
                0x08004c2a                USBD_MSC_DeInit
 .text.USBD_MSC_Setup
                0x08004c5c      0x128 Middlewares\USB_Device_Library\usbd_msc.o
                0x08004c5c                USBD_MSC_Setup
 .text.USBD_MSC_DataIn
                0x08004d84        0xa Middlewares\USB_Device_Library\usbd_msc.o
                0x08004d84                USBD_MSC_DataIn
 .text.USBD_MSC_DataOut
                0x08004d8e        0xa Middlewares\USB_Device_Library\usbd_msc.o
                0x08004d8e                USBD_MSC_DataOut
 .text.USBD_MSC_RegisterStorage
                0x08004d98        0xa Middlewares\USB_Device_Library\usbd_msc.o
                0x08004d98                USBD_MSC_RegisterStorage
 .text.MSC_BOT_Abort
                0x08004da2       0x40 Middlewares\USB_Device_Library\usbd_msc_bot.o
 .text.MSC_BOT_Init
                0x08004de2       0x40 Middlewares\USB_Device_Library\usbd_msc_bot.o
                0x08004de2                MSC_BOT_Init
 .text.MSC_BOT_Reset
                0x08004e22       0x16 Middlewares\USB_Device_Library\usbd_msc_bot.o
                0x08004e22                MSC_BOT_Reset
 .text.MSC_BOT_DeInit
                0x08004e38        0xa Middlewares\USB_Device_Library\usbd_msc_bot.o
                0x08004e38                MSC_BOT_DeInit
 *fill*         0x08004e42        0x2 
 .text.MSC_BOT_SendCSW
                0x08004e44       0x38 Middlewares\USB_Device_Library\usbd_msc_bot.o
                0x08004e44                MSC_BOT_SendCSW
 .text.MSC_BOT_DataIn
                0x08004e7c       0x38 Middlewares\USB_Device_Library\usbd_msc_bot.o
                0x08004e7c                MSC_BOT_DataIn
 .text.MSC_BOT_DataOut
                0x08004eb4       0xdc Middlewares\USB_Device_Library\usbd_msc_bot.o
                0x08004eb4                MSC_BOT_DataOut
 .text.MSC_BOT_CplClrFeature
                0x08004f90       0x2c Middlewares\USB_Device_Library\usbd_msc_bot.o
                0x08004f90                MSC_BOT_CplClrFeature
 .text.SCSI_SenseCode.constprop.8
                0x08004fbc       0x28 Middlewares\USB_Device_Library\usbd_msc_scsi.o
 .text.SCSI_ProcessCmd
                0x08004fe4      0x464 Middlewares\USB_Device_Library\usbd_msc_scsi.o
                0x08004fe4                SCSI_ProcessCmd
 .text.SCSI_SenseCode
                0x08005448       0x28 Middlewares\USB_Device_Library\usbd_msc_scsi.o
                0x08005448                SCSI_SenseCode
 .text.SPIDS_LinkDriver_EX
                0x08005470       0x44 SPIDS\SPIDS.o
                0x08005470                SPIDS_LinkDriver_EX
 .text.SPIDS_LinkDriver
                0x080054b4        0x6 SPIDS\SPIDS.o
                0x080054b4                SPIDS_LinkDriver
 *fill*         0x080054ba        0x2 
 .text.SPIDS_STM32F4_SPI_Settings_Initialize
                0x080054bc       0x24 SPIDS\SPIDS_STM32F7_SPI_Driver.o
                0x080054bc                SPIDS_STM32F4_SPI_Settings_Initialize
 .text.SPIDS_STM32F4_SPI_CMD
                0x080054e0       0x3a SPIDS\SPIDS_STM32F7_SPI_Driver.o
                0x080054e0                SPIDS_STM32F4_SPI_CMD
 *fill*         0x0800551a        0x2 
 .text.SPIDS_STM32F4_SPI_GET_R1
                0x0800551c       0x50 SPIDS\SPIDS_STM32F7_SPI_Driver.o
                0x0800551c                SPIDS_STM32F4_SPI_GET_R1
 .text.SPIDS_STM32F4_SPI_CMD_SD_APP_OP_COND
                0x0800556c       0x42 SPIDS\SPIDS_STM32F7_SPI_Driver.o
                0x0800556c                SPIDS_STM32F4_SPI_CMD_SD_APP_OP_COND
 *fill*         0x080055ae        0x2 
 .text.SPIDS_STM32F4_SPI_GET_R2
                0x080055b0       0x3c SPIDS\SPIDS_STM32F7_SPI_Driver.o
                0x080055b0                SPIDS_STM32F4_SPI_GET_R2
 .text.SPIDS_STM32F4_SPI_disk_status
                0x080055ec       0x4c SPIDS\SPIDS_STM32F7_SPI_Driver.o
                0x080055ec                SPIDS_STM32F4_SPI_disk_status
 .text.SPIDS_STM32F4_SPI_GET_R3
                0x08005638       0x38 SPIDS\SPIDS_STM32F7_SPI_Driver.o
                0x08005638                SPIDS_STM32F4_SPI_GET_R3
 .text.SPIDS_STM32F4_SPI_Read_Data_Packet
                0x08005670       0x80 SPIDS\SPIDS_STM32F7_SPI_Driver.o
                0x08005670                SPIDS_STM32F4_SPI_Read_Data_Packet
 .text.SPIDS_STM32F4_SPI_disk_read
                0x080056f0      0x108 SPIDS\SPIDS_STM32F7_SPI_Driver.o
                0x080056f0                SPIDS_STM32F4_SPI_disk_read
 .text.SPIDS_STM32F4_SPI_Write_Data_Packet
                0x080057f8       0x48 SPIDS\SPIDS_STM32F7_SPI_Driver.o
                0x080057f8                SPIDS_STM32F4_SPI_Write_Data_Packet
 .text.SPIDS_STM32F4_SPI_disk_write
                0x08005840      0x178 SPIDS\SPIDS_STM32F7_SPI_Driver.o
                0x08005840                SPIDS_STM32F4_SPI_disk_write
 .text.SPIDS_STM32F4_SPI_Get_Num_Sectors
                0x080059b8       0xc8 SPIDS\SPIDS_STM32F7_SPI_Driver.o
                0x080059b8                SPIDS_STM32F4_SPI_Get_Num_Sectors
 .text.SPIDS_STM32F4_SPI_Get_Sector_Size
                0x08005a80       0x98 SPIDS\SPIDS_STM32F7_SPI_Driver.o
                0x08005a80                SPIDS_STM32F4_SPI_Get_Sector_Size
 .text.SPIDS_STM32F4_SPI_disk_ioctl
                0x08005b18       0x30 SPIDS\SPIDS_STM32F7_SPI_Driver.o
                0x08005b18                SPIDS_STM32F4_SPI_disk_ioctl
 .text.SPIDS_STM32F4_SPI_assert_spi_bus
                0x08005b48      0x27c SPIDS\SPIDS_STM32F7_SPI_Driver.o
                0x08005b48                SPIDS_STM32F4_SPI_assert_spi_bus
 .text.SPIDS_STM32F4_SPI_disk_initialize
                0x08005dc4      0x1c4 SPIDS\SPIDS_STM32F7_SPI_Driver.o
                0x08005dc4                SPIDS_STM32F4_SPI_disk_initialize
 .text.disk_status
                0x08005f88       0x14 SPIDS\diskio.o
                0x08005f88                disk_status
 .text.disk_initialize
                0x08005f9c       0x14 SPIDS\diskio.o
                0x08005f9c                disk_initialize
 .text.disk_read
                0x08005fb0       0x1c SPIDS\diskio.o
                0x08005fb0                disk_read
 .text.disk_write
                0x08005fcc       0x1c SPIDS\diskio.o
                0x08005fcc                disk_write
 .text.ld_dword
                0x08005fe8       0x10 SPIDS\ff.o
 .text.mem_cmp  0x08005ff8       0x1c SPIDS\ff.o
 .text.get_ldnumber
                0x08006014       0x34 SPIDS\ff.o
 .text.sync_window
                0x08006048       0x44 SPIDS\ff.o
 .text.move_window
                0x0800608c       0x36 SPIDS\ff.o
 *fill*         0x080060c2        0x2 
 .text.check_fs
                0x080060c4       0x70 SPIDS\ff.o
 .text.find_volume
                0x08006134      0x288 SPIDS\ff.o
 .text.f_mount  0x080063bc       0x4c SPIDS\ff.o
                0x080063bc                f_mount
 .text.StartDefaultTask
                0x08006408        0xe Src\freertos.o
                0x08006408                StartDefaultTask
 *fill*         0x08006416        0x2 
 .text.MX_FREERTOS_Init
                0x08006418       0x28 Src\freertos.o
                0x08006418                MX_FREERTOS_Init
 .text.MX_GPIO_Init
                0x08006440       0xc8 Src\gpio.o
                0x08006440                MX_GPIO_Init
 .text.Heartbeet_Task
                0x08006508       0x20 Src\main.o
                0x08006508                Heartbeet_Task
 .text.AES_SPI_disk_initialize
                0x08006528        0xc Src\main.o
                0x08006528                AES_SPI_disk_initialize
 .text.AES_SPI_disk_status
                0x08006534        0xc Src\main.o
                0x08006534                AES_SPI_disk_status
 .text.AES_SPI_disk_read
                0x08006540       0x14 Src\main.o
                0x08006540                AES_SPI_disk_read
 .text.AES_SPI_disk_write
                0x08006554       0x14 Src\main.o
                0x08006554                AES_SPI_disk_write
 .text.AES_SPI_disk_ioctl
                0x08006568        0xc Src\main.o
                0x08006568                AES_SPI_disk_ioctl
 .text.SystemClock_Config
                0x08006574       0xc8 Src\main.o
                0x08006574                SystemClock_Config
 .text.startup.main
                0x0800663c       0xbc Src\main.o
                0x0800663c                main
 .text.HAL_TIM_PeriodElapsedCallback
                0x080066f8       0x14 Src\main.o
                0x080066f8                HAL_TIM_PeriodElapsedCallback
 .text._Error_Handler
                0x0800670c        0x2 Src\main.o
                0x0800670c                _Error_Handler
 *fill*         0x0800670e        0x2 
 .text.MX_SPI1_Init
                0x08006710       0x58 Src\spi.o
                0x08006710                MX_SPI1_Init
 .text.HAL_SPI_MspInit
                0x08006768       0x7c Src\spi.o
                0x08006768                HAL_SPI_MspInit
 .text.HAL_MspInit
                0x080067e4       0xcc Src\stm32f7xx_hal_msp.o
                0x080067e4                HAL_MspInit
 .text.HAL_InitTick
                0x080068b0       0x78 Src\stm32f7xx_hal_timebase_TIM.o
                0x080068b0                HAL_InitTick
 .text.NMI_Handler
                0x08006928        0x2 Src\stm32f7xx_it.o
                0x08006928                NMI_Handler
 .text.HardFault_Handler
                0x0800692a        0x2 Src\stm32f7xx_it.o
                0x0800692a                HardFault_Handler
 .text.MemManage_Handler
                0x0800692c        0x2 Src\stm32f7xx_it.o
                0x0800692c                MemManage_Handler
 .text.BusFault_Handler
                0x0800692e        0x2 Src\stm32f7xx_it.o
                0x0800692e                BusFault_Handler
 .text.UsageFault_Handler
                0x08006930        0x2 Src\stm32f7xx_it.o
                0x08006930                UsageFault_Handler
 .text.DebugMon_Handler
                0x08006932        0x2 Src\stm32f7xx_it.o
                0x08006932                DebugMon_Handler
 .text.SysTick_Handler
                0x08006934        0x4 Src\stm32f7xx_it.o
                0x08006934                SysTick_Handler
 .text.PVD_IRQHandler
                0x08006938        0x4 Src\stm32f7xx_it.o
                0x08006938                PVD_IRQHandler
 .text.FLASH_IRQHandler
                0x0800693c        0x4 Src\stm32f7xx_it.o
                0x0800693c                FLASH_IRQHandler
 .text.RCC_IRQHandler
                0x08006940        0x2 Src\stm32f7xx_it.o
                0x08006940                RCC_IRQHandler
 *fill*         0x08006942        0x2 
 .text.TIM7_IRQHandler
                0x08006944        0xc Src\stm32f7xx_it.o
                0x08006944                TIM7_IRQHandler
 .text.OTG_FS_IRQHandler
                0x08006950        0xc Src\stm32f7xx_it.o
                0x08006950                OTG_FS_IRQHandler
 .text.FPU_IRQHandler
                0x0800695c        0x2 Src\stm32f7xx_it.o
                0x0800695c                FPU_IRQHandler
 *fill*         0x0800695e        0x2 
 .text.UART7_IRQHandler
                0x08006960        0xc Src\stm32f7xx_it.o
                0x08006960                UART7_IRQHandler
 .text.SystemInit
                0x0800696c       0x4c Src\system_stm32f7xx.o
                0x0800696c                SystemInit
 .text.MX_UART7_Init
                0x080069b8       0x44 Src\usart.o
                0x080069b8                MX_UART7_Init
 .text.HAL_UART_MspInit
                0x080069fc       0x5c Src\usart.o
                0x080069fc                HAL_UART_MspInit
 .text.MX_USB_DEVICE_Init
                0x08006a58       0x38 Src\usb_device.o
                0x08006a58                MX_USB_DEVICE_Init
 .text.HAL_PCD_MspInit
                0x08006a90       0x6c Src\usbd_conf.o
                0x08006a90                HAL_PCD_MspInit
 .text.HAL_PCD_SetupStageCallback
                0x08006afc        0xc Src\usbd_conf.o
                0x08006afc                HAL_PCD_SetupStageCallback
 .text.HAL_PCD_DataOutStageCallback
                0x08006b08       0x12 Src\usbd_conf.o
                0x08006b08                HAL_PCD_DataOutStageCallback
 .text.HAL_PCD_DataInStageCallback
                0x08006b1a       0x10 Src\usbd_conf.o
                0x08006b1a                HAL_PCD_DataInStageCallback
 .text.HAL_PCD_SOFCallback
                0x08006b2a        0x8 Src\usbd_conf.o
                0x08006b2a                HAL_PCD_SOFCallback
 .text.HAL_PCD_ResetCallback
                0x08006b32       0x20 Src\usbd_conf.o
                0x08006b32                HAL_PCD_ResetCallback
 *fill*         0x08006b52        0x2 
 .text.HAL_PCD_SuspendCallback
                0x08006b54       0x30 Src\usbd_conf.o
                0x08006b54                HAL_PCD_SuspendCallback
 .text.HAL_PCD_ResumeCallback
                0x08006b84        0x8 Src\usbd_conf.o
                0x08006b84                HAL_PCD_ResumeCallback
 .text.HAL_PCD_ISOOUTIncompleteCallback
                0x08006b8c        0x8 Src\usbd_conf.o
                0x08006b8c                HAL_PCD_ISOOUTIncompleteCallback
 .text.HAL_PCD_ISOINIncompleteCallback
                0x08006b94        0x8 Src\usbd_conf.o
                0x08006b94                HAL_PCD_ISOINIncompleteCallback
 .text.HAL_PCD_ConnectCallback
                0x08006b9c        0x8 Src\usbd_conf.o
                0x08006b9c                HAL_PCD_ConnectCallback
 .text.HAL_PCD_DisconnectCallback
                0x08006ba4        0x8 Src\usbd_conf.o
                0x08006ba4                HAL_PCD_DisconnectCallback
 .text.USBD_LL_Init
                0x08006bac       0x68 Src\usbd_conf.o
                0x08006bac                USBD_LL_Init
 .text.USBD_LL_Start
                0x08006c14       0x1c Src\usbd_conf.o
                0x08006c14                USBD_LL_Start
 .text.USBD_LL_OpenEP
                0x08006c30       0x20 Src\usbd_conf.o
                0x08006c30                USBD_LL_OpenEP
 .text.USBD_LL_CloseEP
                0x08006c50       0x1c Src\usbd_conf.o
                0x08006c50                USBD_LL_CloseEP
 .text.USBD_LL_FlushEP
                0x08006c6c       0x1c Src\usbd_conf.o
                0x08006c6c                USBD_LL_FlushEP
 .text.USBD_LL_StallEP
                0x08006c88       0x1c Src\usbd_conf.o
                0x08006c88                USBD_LL_StallEP
 .text.USBD_LL_ClearStallEP
                0x08006ca4       0x1c Src\usbd_conf.o
                0x08006ca4                USBD_LL_ClearStallEP
 .text.USBD_LL_IsStallEP
                0x08006cc0       0x26 Src\usbd_conf.o
                0x08006cc0                USBD_LL_IsStallEP
 *fill*         0x08006ce6        0x2 
 .text.USBD_LL_SetUSBAddress
                0x08006ce8       0x1c Src\usbd_conf.o
                0x08006ce8                USBD_LL_SetUSBAddress
 .text.USBD_LL_Transmit
                0x08006d04       0x1c Src\usbd_conf.o
                0x08006d04                USBD_LL_Transmit
 .text.USBD_LL_PrepareReceive
                0x08006d20       0x1c Src\usbd_conf.o
                0x08006d20                USBD_LL_PrepareReceive
 .text.USBD_LL_GetRxDataSize
                0x08006d3c        0xc Src\usbd_conf.o
                0x08006d3c                USBD_LL_GetRxDataSize
 .text.HAL_PCDEx_LPM_Callback
                0x08006d48       0x64 Src\usbd_conf.o
                0x08006d48                HAL_PCDEx_LPM_Callback
 .text.USBD_FS_DeviceDescriptor
                0x08006dac        0xc Src\usbd_desc.o
                0x08006dac                USBD_FS_DeviceDescriptor
 .text.USBD_FS_LangIDStrDescriptor
                0x08006db8        0xc Src\usbd_desc.o
                0x08006db8                USBD_FS_LangIDStrDescriptor
 .text.USBD_FS_USR_BOSDescriptor
                0x08006dc4        0xc Src\usbd_desc.o
                0x08006dc4                USBD_FS_USR_BOSDescriptor
 .text.USBD_FS_ManufacturerStrDescriptor
                0x08006dd0       0x1c Src\usbd_desc.o
                0x08006dd0                USBD_FS_ManufacturerStrDescriptor
 .text.USBD_FS_ProductStrDescriptor
                0x08006dec       0x1c Src\usbd_desc.o
                0x08006dec                USBD_FS_ProductStrDescriptor
 .text.USBD_FS_SerialStrDescriptor
                0x08006e08       0x1c Src\usbd_desc.o
                0x08006e08                USBD_FS_SerialStrDescriptor
 .text.USBD_FS_ConfigStrDescriptor
                0x08006e24       0x1c Src\usbd_desc.o
                0x08006e24                USBD_FS_ConfigStrDescriptor
 .text.USBD_FS_InterfaceStrDescriptor
                0x08006e40       0x1c Src\usbd_desc.o
                0x08006e40                USBD_FS_InterfaceStrDescriptor
 .text.STORAGE_GetMaxLun_FS
                0x08006e5c        0x4 Src\usbd_storage_if.o
 .text.STORAGE_Write_FS
                0x08006e60       0x1c Src\usbd_storage_if.o
 .text.STORAGE_Read_FS
                0x08006e7c       0x1c Src\usbd_storage_if.o
 .text.STORAGE_IsWriteProtected_FS
                0x08006e98       0x18 Src\usbd_storage_if.o
 .text.STORAGE_IsReady_FS
                0x08006eb0       0x18 Src\usbd_storage_if.o
 .text.STORAGE_GetCapacity_FS
                0x08006ec8       0x24 Src\usbd_storage_if.o
 .text.STORAGE_Init_FS
                0x08006eec       0x38 Src\usbd_storage_if.o
 .text.serial_write
                0x08006f24       0x16 serial\serial.o
                0x08006f24                serial_write
 .text.serial_print
                0x08006f3a       0x1a serial\serial.o
                0x08006f3a                serial_print
 .text.serial_println
                0x08006f54       0x1e serial\serial.o
                0x08006f54                serial_println
 *fill*         0x08006f72        0x2 
 .text.serial_HAL_UART_MspInit
                0x08006f74      0x174 serial\serial.o
                0x08006f74                serial_HAL_UART_MspInit
 .text.serial_initialize
                0x080070e8       0x98 serial\serial.o
                0x080070e8                serial_initialize
 .text.HAL_UART_TxCpltCallback
                0x08007180       0x6c serial\serial.o
                0x08007180                HAL_UART_TxCpltCallback
 .text.HAL_UART_RxCpltCallback
                0x080071ec       0x98 serial\serial.o
                0x080071ec                HAL_UART_RxCpltCallback
 .text.Reset_Handler
                0x08007284       0x50 startup\startup_stm32f765xx.o
                0x08007284                Reset_Handler
 .text.Default_Handler
                0x080072d4        0x2 startup\startup_stm32f765xx.o
                0x080072d4                RTC_Alarm_IRQHandler
                0x080072d4                EXTI2_IRQHandler
                0x080072d4                TIM8_CC_IRQHandler
                0x080072d4                UART8_IRQHandler
                0x080072d4                SPI4_IRQHandler
                0x080072d4                TIM1_CC_IRQHandler
                0x080072d4                DMA2_Stream5_IRQHandler
                0x080072d4                DMA1_Stream5_IRQHandler
                0x080072d4                CAN3_RX1_IRQHandler
                0x080072d4                TAMP_STAMP_IRQHandler
                0x080072d4                CAN2_RX1_IRQHandler
                0x080072d4                EXTI3_IRQHandler
                0x080072d4                TIM8_TRG_COM_TIM14_IRQHandler
                0x080072d4                DFSDM1_FLT1_IRQHandler
                0x080072d4                TIM1_UP_TIM10_IRQHandler
                0x080072d4                TIM8_UP_TIM13_IRQHandler
                0x080072d4                I2C3_ER_IRQHandler
                0x080072d4                DFSDM1_FLT2_IRQHandler
                0x080072d4                EXTI0_IRQHandler
                0x080072d4                I2C2_EV_IRQHandler
                0x080072d4                DMA1_Stream2_IRQHandler
                0x080072d4                CAN1_RX0_IRQHandler
                0x080072d4                OTG_HS_WKUP_IRQHandler
                0x080072d4                CAN3_SCE_IRQHandler
                0x080072d4                CAN2_SCE_IRQHandler
                0x080072d4                DMA2_Stream2_IRQHandler
                0x080072d4                SPI1_IRQHandler
                0x080072d4                TIM6_DAC_IRQHandler
                0x080072d4                TIM1_BRK_TIM9_IRQHandler
                0x080072d4                DCMI_IRQHandler
                0x080072d4                CAN2_RX0_IRQHandler
                0x080072d4                DMA2_Stream3_IRQHandler
                0x080072d4                SAI2_IRQHandler
                0x080072d4                DFSDM1_FLT3_IRQHandler
                0x080072d4                USART6_IRQHandler
                0x080072d4                CAN3_RX0_IRQHandler
                0x080072d4                USART3_IRQHandler
                0x080072d4                CAN1_RX1_IRQHandler
                0x080072d4                UART5_IRQHandler
                0x080072d4                DMA2_Stream0_IRQHandler
                0x080072d4                TIM4_IRQHandler
                0x080072d4                QUADSPI_IRQHandler
                0x080072d4                I2C1_EV_IRQHandler
                0x080072d4                DMA1_Stream6_IRQHandler
                0x080072d4                DMA1_Stream1_IRQHandler
                0x080072d4                UART4_IRQHandler
                0x080072d4                TIM3_IRQHandler
                0x080072d4                TIM8_BRK_TIM12_IRQHandler
                0x080072d4                Default_Handler
                0x080072d4                CEC_IRQHandler
                0x080072d4                EXTI15_10_IRQHandler
                0x080072d4                ADC_IRQHandler
                0x080072d4                DMA1_Stream7_IRQHandler
                0x080072d4                SPI5_IRQHandler
                0x080072d4                SDMMC1_IRQHandler
                0x080072d4                CAN2_TX_IRQHandler
                0x080072d4                TIM5_IRQHandler
                0x080072d4                DMA2_Stream7_IRQHandler
                0x080072d4                I2C3_EV_IRQHandler
                0x080072d4                EXTI9_5_IRQHandler
                0x080072d4                RTC_WKUP_IRQHandler
                0x080072d4                ETH_WKUP_IRQHandler
                0x080072d4                SPDIF_RX_IRQHandler
                0x080072d4                SPI2_IRQHandler
                0x080072d4                OTG_HS_EP1_IN_IRQHandler
                0x080072d4                DMA1_Stream0_IRQHandler
                0x080072d4                CAN1_TX_IRQHandler
                0x080072d4                EXTI4_IRQHandler
                0x080072d4                RNG_IRQHandler
                0x080072d4                ETH_IRQHandler
                0x080072d4                OTG_HS_EP1_OUT_IRQHandler
                0x080072d4                WWDG_IRQHandler
                0x080072d4                SPI6_IRQHandler
                0x080072d4                MDIOS_IRQHandler
                0x080072d4                I2C4_EV_IRQHandler
                0x080072d4                CAN3_TX_IRQHandler
                0x080072d4                TIM2_IRQHandler
                0x080072d4                OTG_FS_WKUP_IRQHandler
                0x080072d4                TIM1_TRG_COM_TIM11_IRQHandler
                0x080072d4                OTG_HS_IRQHandler
                0x080072d4                DMA2D_IRQHandler
                0x080072d4                EXTI1_IRQHandler
                0x080072d4                SDMMC2_IRQHandler
                0x080072d4                USART2_IRQHandler
                0x080072d4                DFSDM1_FLT0_IRQHandler
                0x080072d4                I2C2_ER_IRQHandler
                0x080072d4                DMA2_Stream1_IRQHandler
                0x080072d4                CAN1_SCE_IRQHandler
                0x080072d4                DMA2_Stream4_IRQHandler
                0x080072d4                USART1_IRQHandler
                0x080072d4                SPI3_IRQHandler
                0x080072d4                DMA1_Stream4_IRQHandler
                0x080072d4                I2C1_ER_IRQHandler
                0x080072d4                FMC_IRQHandler
                0x080072d4                LPTIM1_IRQHandler
                0x080072d4                I2C4_ER_IRQHandler
                0x080072d4                DMA2_Stream6_IRQHandler
                0x080072d4                SAI1_IRQHandler
                0x080072d4                DMA1_Stream3_IRQHandler
 *fill*         0x080072d6        0x2 
 .text.__libc_init_array
                0x080072d8       0x48 c:/program files (x86)/atollic/truestudio for stm32 9.0.0/armtools/bin/../lib/gcc/arm-atollic-eabi/6.3.1/../../../../arm-atollic-eabi/lib/armv7e-m/fpu/fpv5-d16\libc_nano.a(lib_a-init.o)
                0x080072d8                __libc_init_array
 .text.malloc   0x08007320       0x10 c:/program files (x86)/atollic/truestudio for stm32 9.0.0/armtools/bin/../lib/gcc/arm-atollic-eabi/6.3.1/../../../../arm-atollic-eabi/lib/armv7e-m/fpu/fpv5-d16\libc_nano.a(lib_a-malloc.o)
                0x08007320                malloc
 .text.free     0x08007330       0x10 c:/program files (x86)/atollic/truestudio for stm32 9.0.0/armtools/bin/../lib/gcc/arm-atollic-eabi/6.3.1/../../../../arm-atollic-eabi/lib/armv7e-m/fpu/fpv5-d16\libc_nano.a(lib_a-malloc.o)
                0x08007330                free
 .text._free_r  0x08007340       0x9c c:/program files (x86)/atollic/truestudio for stm32 9.0.0/armtools/bin/../lib/gcc/arm-atollic-eabi/6.3.1/../../../../arm-atollic-eabi/lib/armv7e-m/fpu/fpv5-d16\libc_nano.a(lib_a-nano-freer.o)
                0x08007340                _free_r
 .text._malloc_r
                0x080073dc       0xbc c:/program files (x86)/atollic/truestudio for stm32 9.0.0/armtools/bin/../lib/gcc/arm-atollic-eabi/6.3.1/../../../../arm-atollic-eabi/lib/armv7e-m/fpu/fpv5-d16\libc_nano.a(lib_a-nano-mallocr.o)
                0x080073dc                _malloc_r
 .text._sbrk_r  0x08007498       0x20 c:/program files (x86)/atollic/truestudio for stm32 9.0.0/armtools/bin/../lib/gcc/arm-atollic-eabi/6.3.1/../../../../arm-atollic-eabi/lib/armv7e-m/fpu/fpv5-d16\libc_nano.a(lib_a-sbrkr.o)
                0x08007498                _sbrk_r
 .text.__malloc_lock
                0x080074b8        0x2 c:/program files (x86)/atollic/truestudio for stm32 9.0.0/armtools/bin/../lib/gcc/arm-atollic-eabi/6.3.1/../../../../arm-atollic-eabi/lib/armv7e-m/fpu/fpv5-d16\libc_nano.a(lib_a-mlock.o)
                0x080074b8                __malloc_lock
 .text.__malloc_unlock
                0x080074ba        0x2 c:/program files (x86)/atollic/truestudio for stm32 9.0.0/armtools/bin/../lib/gcc/arm-atollic-eabi/6.3.1/../../../../arm-atollic-eabi/lib/armv7e-m/fpu/fpv5-d16\libc_nano.a(lib_a-mlock.o)
                0x080074ba                __malloc_unlock
 .text._sbrk    0x080074bc       0x1c c:/program files (x86)/atollic/truestudio for stm32 9.0.0/armtools/bin/../lib/gcc/arm-atollic-eabi/6.3.1/../../../../arm-atollic-eabi/lib/armv7e-m/fpu/fpv5-d16\libnosys.a(sbrk.o)
                0x080074bc                _sbrk
 *(.glue_7)
 .glue_7        0x080074d8        0x0 linker stubs
 *(.glue_7t)
 .glue_7t       0x080074d8        0x0 linker stubs
 *(.eh_frame)
 .eh_frame      0x080074d8        0x0 c:/program files (x86)/atollic/truestudio for stm32 9.0.0/armtools/bin/../lib/gcc/arm-atollic-eabi/6.3.1/armv7e-m/fpu/fpv5-d16/crtbegin.o
 *(.init)
 .init          0x080074d8        0x4 c:/program files (x86)/atollic/truestudio for stm32 9.0.0/armtools/bin/../lib/gcc/arm-atollic-eabi/6.3.1/armv7e-m/fpu/fpv5-d16/crti.o
                0x080074d8                _init
 .init          0x080074dc        0x8 c:/program files (x86)/atollic/truestudio for stm32 9.0.0/armtools/bin/../lib/gcc/arm-atollic-eabi/6.3.1/armv7e-m/fpu/fpv5-d16/crtn.o
 *(.fini)
 .fini          0x080074e4        0x4 c:/program files (x86)/atollic/truestudio for stm32 9.0.0/armtools/bin/../lib/gcc/arm-atollic-eabi/6.3.1/armv7e-m/fpu/fpv5-d16/crti.o
                0x080074e4                _fini
 .fini          0x080074e8        0x8 c:/program files (x86)/atollic/truestudio for stm32 9.0.0/armtools/bin/../lib/gcc/arm-atollic-eabi/6.3.1/armv7e-m/fpu/fpv5-d16/crtn.o
                0x080074f0                . = ALIGN (0x4)
                0x080074f0                _etext = .

.vfp11_veneer   0x080074f0        0x0
 .vfp11_veneer  0x080074f0        0x0 linker stubs

.v4_bx          0x080074f0        0x0
 .v4_bx         0x080074f0        0x0 linker stubs

.iplt           0x080074f0        0x0
 .iplt          0x080074f0        0x0 c:/program files (x86)/atollic/truestudio for stm32 9.0.0/armtools/bin/../lib/gcc/arm-atollic-eabi/6.3.1/armv7e-m/fpu/fpv5-d16/crtbegin.o

.rodata         0x080074f0      0x17c
                0x080074f0                . = ALIGN (0x4)
 *(.rodata)
 .rodata        0x080074f0        0x8 SPIDS\SPIDS_STM32F7_SPI_Driver.o
 .rodata        0x080074f8       0x14 Src\freertos.o
 *(.rodata*)
 .rodata.flagBitshiftOffset.10025
                0x0800750c        0x8 Drivers\STM32F7xx_HAL_Driver\stm32f7xx_hal_dma.o
 .rodata.CSWTCH.38
                0x08007514        0x4 Drivers\STM32F7xx_HAL_Driver\stm32f7xx_hal_uart.o
 .rodata.CSWTCH.39
                0x08007518        0xd Drivers\STM32F7xx_HAL_Driver\stm32f7xx_hal_uart.o
 .rodata.vTaskStartScheduler.str1.1
                0x08007525        0x5 Middlewares\FreeRTOS\tasks.o
 .rodata.MSC_Mode_Sense10_data
                0x0800752a        0x8 Middlewares\USB_Device_Library\usbd_msc_data.o
                0x0800752a                MSC_Mode_Sense10_data
 .rodata.MSC_Mode_Sense6_data
                0x08007532        0x8 Middlewares\USB_Device_Library\usbd_msc_data.o
                0x08007532                MSC_Mode_Sense6_data
 .rodata.MSC_Page00_Inquiry_Data
                0x0800753a        0x7 Middlewares\USB_Device_Library\usbd_msc_data.o
                0x0800753a                MSC_Page00_Inquiry_Data
 .rodata.SPIDS_STM32F4_SPI_assert_spi_bus.str1.1
                0x08007541       0x24 SPIDS\SPIDS_STM32F7_SPI_Driver.o
 .rodata.check_fs.str1.1
                0x08007565        0xa SPIDS\ff.o
 .rodata.str1.1
                0x0800756f        0xc Src\freertos.o
 .rodata.Heartbeet_Task.str1.1
                0x0800757b       0x16 Src\main.o
 .rodata.main.str1.1
                0x08007591        0xa Src\main.o
 .rodata.MX_SPI1_Init.str1.1
                0x0800759b        0xd Src\spi.o
 .rodata.AHBPrescTable
                0x080075a8       0x10 Src\system_stm32f7xx.o
                0x080075a8                AHBPrescTable
 .rodata.APBPrescTable
                0x080075b8        0x8 Src\system_stm32f7xx.o
                0x080075b8                APBPrescTable
 .rodata.MX_UART7_Init.str1.1
                0x080075c0        0xf Src\usart.o
 .rodata.CSWTCH.41
                0x080075cf        0x4 Src\usbd_conf.o
 .rodata.USBD_LL_Init.str1.1
                0x080075d3       0x13 Src\usbd_conf.o
 .rodata.USBD_FS_ConfigStrDescriptor.str1.1
                0x080075e6        0xb Src\usbd_desc.o
 .rodata.USBD_FS_InterfaceStrDescriptor.str1.1
                0x080075f1        0xe Src\usbd_desc.o
 .rodata.USBD_FS_ManufacturerStrDescriptor.str1.1
                0x080075ff       0x13 Src\usbd_desc.o
 .rodata.USBD_FS_ProductStrDescriptor.str1.1
                0x08007612       0x13 Src\usbd_desc.o
 .rodata.USBD_FS_SerialStrDescriptor.str1.1
                0x08007625        0xd Src\usbd_desc.o
 .rodata.STORAGE_Inquirydata_FS
                0x08007632       0x24 Src\usbd_storage_if.o
                0x08007632                STORAGE_Inquirydata_FS
 .rodata.serial_HAL_UART_MspInit.str1.1
                0x08007656       0x13 serial\serial.o
                0x0800766c                . = ALIGN (0x4)
 *fill*         0x08007669        0x3 

.ARM.extab
 *(.ARM.extab* .gnu.linkonce.armextab.*)

.ARM            0x0800766c        0x8
                0x0800766c                __exidx_start = .
 *(.ARM.exidx*)
 .ARM.exidx     0x0800766c        0x8 c:/program files (x86)/atollic/truestudio for stm32 9.0.0/armtools/bin/../lib/gcc/arm-atollic-eabi/6.3.1/armv7e-m/fpu/fpv5-d16\libgcc.a(_udivmoddi4.o)
                0x08007674                __exidx_end = .

.rel.dyn        0x08007674        0x0
 .rel.iplt      0x08007674        0x0 c:/program files (x86)/atollic/truestudio for stm32 9.0.0/armtools/bin/../lib/gcc/arm-atollic-eabi/6.3.1/armv7e-m/fpu/fpv5-d16/crtbegin.o

.preinit_array  0x08007674        0x0
                0x08007674                PROVIDE (__preinit_array_start, .)
 *(.preinit_array*)
                0x08007674                PROVIDE (__preinit_array_end, .)

.init_array     0x08007674        0x4
                0x08007674                PROVIDE (__init_array_start, .)
 *(SORT(.init_array.*))
 *(.init_array*)
 .init_array    0x08007674        0x4 c:/program files (x86)/atollic/truestudio for stm32 9.0.0/armtools/bin/../lib/gcc/arm-atollic-eabi/6.3.1/armv7e-m/fpu/fpv5-d16/crtbegin.o
                0x08007678                PROVIDE (__init_array_end, .)

.fini_array     0x08007678        0x4
                [!provide]                PROVIDE (__fini_array_start, .)
 *(SORT(.fini_array.*))
 *(.fini_array*)
 .fini_array    0x08007678        0x4 c:/program files (x86)/atollic/truestudio for stm32 9.0.0/armtools/bin/../lib/gcc/arm-atollic-eabi/6.3.1/armv7e-m/fpu/fpv5-d16/crtbegin.o
                [!provide]                PROVIDE (__fini_array_end, .)
                0x0800767c                _sidata = LOADADDR (.data)

.data           0x20000000      0x17c load address 0x0800767c
                0x20000000                . = ALIGN (0x4)
                0x20000000                _sdata = .
 *(.data)
 *(.data*)
 .data.uwTickFreq
                0x20000000        0x1 Drivers\STM32F7xx_HAL_Driver\stm32f7xx_hal.o
                0x20000000                uwTickFreq
 *fill*         0x20000001        0x3 
 .data.uxCriticalNesting
                0x20000004        0x4 Middlewares\FreeRTOS\port.o
 .data.USBD_MSC
                0x20000008       0x38 Middlewares\USB_Device_Library\usbd_msc.o
                0x20000008                USBD_MSC
 .data.USBD_MSC_CfgFSDesc
                0x20000040       0x20 Middlewares\USB_Device_Library\usbd_msc.o
                0x20000040                USBD_MSC_CfgFSDesc
 .data.USBD_MSC_CfgHSDesc
                0x20000060       0x20 Middlewares\USB_Device_Library\usbd_msc.o
                0x20000060                USBD_MSC_CfgHSDesc
 .data.USBD_MSC_DeviceQualifierDesc
                0x20000080        0xa Middlewares\USB_Device_Library\usbd_msc.o
                0x20000080                USBD_MSC_DeviceQualifierDesc
 *fill*         0x2000008a        0x2 
 .data.USBD_MSC_OtherSpeedCfgDesc
                0x2000008c       0x20 Middlewares\USB_Device_Library\usbd_msc.o
                0x2000008c                USBD_MSC_OtherSpeedCfgDesc
 .data.ALL_HIGH
                0x200000ac        0x1 SPIDS\SPIDS_STM32F7_SPI_Driver.o
                0x200000ac                ALL_HIGH
 *fill*         0x200000ad        0x3 
 .data.SystemCoreClock
                0x200000b0        0x4 Src\system_stm32f7xx.o
                0x200000b0                SystemCoreClock
 .data.FS_Desc  0x200000b4       0x20 Src\usbd_desc.o
                0x200000b4                FS_Desc
 .data.USBD_FS_BOSDesc
                0x200000d4        0xc Src\usbd_desc.o
                0x200000d4                USBD_FS_BOSDesc
 .data.USBD_FS_DeviceDesc
                0x200000e0       0x12 Src\usbd_desc.o
                0x200000e0                USBD_FS_DeviceDesc
 *fill*         0x200000f2        0x2 
 .data.USBD_LangIDDesc
                0x200000f4        0x4 Src\usbd_desc.o
                0x200000f4                USBD_LangIDDesc
 .data.USBD_Storage_Interface_fops_FS
                0x200000f8       0x20 Src\usbd_storage_if.o
                0x200000f8                USBD_Storage_Interface_fops_FS
 .data._impure_ptr
                0x20000118        0x4 c:/program files (x86)/atollic/truestudio for stm32 9.0.0/armtools/bin/../lib/gcc/arm-atollic-eabi/6.3.1/../../../../arm-atollic-eabi/lib/armv7e-m/fpu/fpv5-d16\libc_nano.a(lib_a-impure.o)
                0x20000118                _impure_ptr
 .data.impure_data
                0x2000011c       0x60 c:/program files (x86)/atollic/truestudio for stm32 9.0.0/armtools/bin/../lib/gcc/arm-atollic-eabi/6.3.1/../../../../arm-atollic-eabi/lib/armv7e-m/fpu/fpv5-d16\libc_nano.a(lib_a-impure.o)
                0x2000017c                . = ALIGN (0x4)
                0x2000017c                _edata = .

.igot.plt       0x2000017c        0x0 load address 0x080077f8
 .igot.plt      0x2000017c        0x0 c:/program files (x86)/atollic/truestudio for stm32 9.0.0/armtools/bin/../lib/gcc/arm-atollic-eabi/6.3.1/armv7e-m/fpu/fpv5-d16/crtbegin.o
                0x2000017c                . = ALIGN (0x4)

.bss            0x2000017c     0x53dc load address 0x080077f8
                0x2000017c                _sbss = .
                0x2000017c                __bss_start__ = _sbss
 *(.bss)
 .bss           0x2000017c       0x1c c:/program files (x86)/atollic/truestudio for stm32 9.0.0/armtools/bin/../lib/gcc/arm-atollic-eabi/6.3.1/armv7e-m/fpu/fpv5-d16/crtbegin.o
 *(.bss*)
 .bss.pxEnd     0x20000198        0x4 Middlewares\FreeRTOS\heap_4.o
 .bss.ucHeap    0x2000019c     0x3c00 Middlewares\FreeRTOS\heap_4.o
 .bss.xBlockAllocatedBit
                0x20003d9c        0x4 Middlewares\FreeRTOS\heap_4.o
 .bss.xFreeBytesRemaining
                0x20003da0        0x4 Middlewares\FreeRTOS\heap_4.o
 .bss.xMinimumEverFreeBytesRemaining
                0x20003da4        0x4 Middlewares\FreeRTOS\heap_4.o
 .bss.xStart    0x20003da8        0x8 Middlewares\FreeRTOS\heap_4.o
 .bss.ucMaxSysCallPriority
                0x20003db0        0x1 Middlewares\FreeRTOS\port.o
 *fill*         0x20003db1        0x3 
 .bss.ulMaxPRIGROUPValue
                0x20003db4        0x4 Middlewares\FreeRTOS\port.o
 .bss.pxCurrentTCB
                0x20003db8        0x4 Middlewares\FreeRTOS\tasks.o
                0x20003db8                pxCurrentTCB
 .bss.pxDelayedTaskList
                0x20003dbc        0x4 Middlewares\FreeRTOS\tasks.o
 .bss.pxOverflowDelayedTaskList
                0x20003dc0        0x4 Middlewares\FreeRTOS\tasks.o
 .bss.pxReadyTasksLists
                0x20003dc4       0x8c Middlewares\FreeRTOS\tasks.o
 .bss.uxCurrentNumberOfTasks
                0x20003e50        0x4 Middlewares\FreeRTOS\tasks.o
 .bss.uxDeletedTasksWaitingCleanUp
                0x20003e54        0x4 Middlewares\FreeRTOS\tasks.o
 .bss.uxPendedTicks
                0x20003e58        0x4 Middlewares\FreeRTOS\tasks.o
 .bss.uxSchedulerSuspended
                0x20003e5c        0x4 Middlewares\FreeRTOS\tasks.o
 .bss.uxTaskNumber
                0x20003e60        0x4 Middlewares\FreeRTOS\tasks.o
 .bss.uxTopReadyPriority
                0x20003e64        0x4 Middlewares\FreeRTOS\tasks.o
 .bss.xDelayedTaskList1
                0x20003e68       0x14 Middlewares\FreeRTOS\tasks.o
 .bss.xDelayedTaskList2
                0x20003e7c       0x14 Middlewares\FreeRTOS\tasks.o
 .bss.xIdleTaskHandle
                0x20003e90        0x4 Middlewares\FreeRTOS\tasks.o
 .bss.xNextTaskUnblockTime
                0x20003e94        0x4 Middlewares\FreeRTOS\tasks.o
 .bss.xNumOfOverflows
                0x20003e98        0x4 Middlewares\FreeRTOS\tasks.o
 .bss.xPendingReadyList
                0x20003e9c       0x14 Middlewares\FreeRTOS\tasks.o
 .bss.xSchedulerRunning
                0x20003eb0        0x4 Middlewares\FreeRTOS\tasks.o
 .bss.xSuspendedTaskList
                0x20003eb4       0x14 Middlewares\FreeRTOS\tasks.o
 .bss.xTasksWaitingTermination
                0x20003ec8       0x14 Middlewares\FreeRTOS\tasks.o
 .bss.xTickCount
                0x20003edc        0x4 Middlewares\FreeRTOS\tasks.o
 .bss.xYieldPending
                0x20003ee0        0x4 Middlewares\FreeRTOS\tasks.o
 .bss.cfgidx.10863
                0x20003ee4        0x1 Middlewares\USB_Device_Library\usbd_ctlreq.o
 *fill*         0x20003ee5        0x3 
 .bss.systemDisks
                0x20003ee8        0xc SPIDS\SPIDS.o
                0x20003ee8                systemDisks
 .bss.CurrVol   0x20003ef4        0x1 SPIDS\ff.o
 *fill*         0x20003ef5        0x3 
 .bss.FatFs     0x20003ef8        0x4 SPIDS\ff.o
 .bss.Fsid      0x20003efc        0x2 SPIDS\ff.o
 *fill*         0x20003efe        0x2 
 .bss.Heartbeet_Task_Handle
                0x20003f00        0x4 Src\main.o
                0x20003f00                Heartbeet_Task_Handle
 .bss.__malloc_free_list
                0x20003f04        0x4 c:/program files (x86)/atollic/truestudio for stm32 9.0.0/armtools/bin/../lib/gcc/arm-atollic-eabi/6.3.1/../../../../arm-atollic-eabi/lib/armv7e-m/fpu/fpv5-d16\libc_nano.a(lib_a-nano-mallocr.o)
                0x20003f04                __malloc_free_list
 .bss.__malloc_sbrk_start
                0x20003f08        0x4 c:/program files (x86)/atollic/truestudio for stm32 9.0.0/armtools/bin/../lib/gcc/arm-atollic-eabi/6.3.1/../../../../arm-atollic-eabi/lib/armv7e-m/fpu/fpv5-d16\libc_nano.a(lib_a-nano-mallocr.o)
                0x20003f08                __malloc_sbrk_start
 .bss.heap_end.5239
                0x20003f0c        0x4 c:/program files (x86)/atollic/truestudio for stm32 9.0.0/armtools/bin/../lib/gcc/arm-atollic-eabi/6.3.1/../../../../arm-atollic-eabi/lib/armv7e-m/fpu/fpv5-d16\libnosys.a(sbrk.o)
 *(COMMON)
 COMMON         0x20003f10        0x4 Drivers\STM32F7xx_HAL_Driver\stm32f7xx_hal.o
                0x20003f10                uwTick
 COMMON         0x20003f14       0x1c Drivers\STM32F7xx_HAL_Driver\stm32f7xx_hal_flash.o
                0x20003f14                pFlash
 COMMON         0x20003f30      0x200 SPIDS\SPIDS_STM32F7_SPI_Driver.o
                0x20003f30                ALL_HIGH_BLOCKLEN
 COMMON         0x20004130        0x4 Src\freertos.o
                0x20004130                defaultTaskHandle
 COMMON         0x20004134      0xa10 Src\main.o
                0x20004134                serial_buffer_USART2
                0x20004234                serial_buffer_USART1
                0x20004334                serial6
                0x2000434c                AES_SDPath
                0x20004350                serial1
                0x20004368                mydir
                0x2000439c                serial7
                0x200043b4                AES_SPIDS_SPI_Settings
                0x200043d0                fileinfo
                0x200044e8                AES_SPIDS_SPI_Driver
                0x200044fc                fresult
                0x200044fd                serial_buffer_USART6
                0x200045fd                receivebuff
                0x200046c8                fatfs
                0x20004900                serial2
                0x20004918                myfile
 COMMON         0x20004b44       0x64 Src\spi.o
                0x20004b44                hspi1
 COMMON         0x20004ba8       0x40 Src\stm32f7xx_hal_timebase_TIM.o
                0x20004ba8                htim7
 COMMON         0x20004be8       0x70 Src\usart.o
                0x20004be8                huart7
 COMMON         0x20004c58      0x29c Src\usb_device.o
                0x20004c58                hUsbDeviceFS
 COMMON         0x20004ef4      0x400 Src\usbd_conf.o
                0x20004ef4                hpcd_USB_OTG_FS
 COMMON         0x200052f4      0x200 Src\usbd_desc.o
                0x200052f4                USBD_StrDesc
 COMMON         0x200054f4       0x60 serial\serial.o
                0x200054f4                hdma_usart2_rx
 COMMON         0x20005554        0x4 c:/program files (x86)/atollic/truestudio for stm32 9.0.0/armtools/bin/../lib/gcc/arm-atollic-eabi/6.3.1/../../../../arm-atollic-eabi/lib/armv7e-m/fpu/fpv5-d16\libc_nano.a(lib_a-reent.o)
                0x20005554                errno
                0x20005558                . = ALIGN (0x4)
                0x20005558                _ebss = .
                0x20005558                __bss_end__ = _ebss

._user_heap_stack
                0x20005558      0x600 load address 0x080077f8
                0x20005558                . = ALIGN (0x4)
                0x20005558                PROVIDE (end, .)
                [!provide]                PROVIDE (_end, .)
                0x20005758                . = (. + _Min_Heap_Size)
 *fill*         0x20005558      0x200 
                0x20005b58                . = (. + _Min_Stack_Size)
 *fill*         0x20005758      0x400 
                0x20005b58                . = ALIGN (0x4)

/DISCARD/
 libc.a(*)
 libm.a(*)
 libgcc.a(*)

.ARM.attributes
                0x00000000       0x2e
 *(.ARM.attributes)
 .ARM.attributes
                0x00000000       0x20 c:/program files (x86)/atollic/truestudio for stm32 9.0.0/armtools/bin/../lib/gcc/arm-atollic-eabi/6.3.1/armv7e-m/fpu/fpv5-d16/crti.o
 .ARM.attributes
                0x00000020       0x32 c:/program files (x86)/atollic/truestudio for stm32 9.0.0/armtools/bin/../lib/gcc/arm-atollic-eabi/6.3.1/armv7e-m/fpu/fpv5-d16/crtbegin.o
 .ARM.attributes
                0x00000052       0x37 Drivers\STM32F7xx_HAL_Driver\stm32f7xx_hal.o
 .ARM.attributes
                0x00000089       0x37 Drivers\STM32F7xx_HAL_Driver\stm32f7xx_hal_cortex.o
 .ARM.attributes
                0x000000c0       0x37 Drivers\STM32F7xx_HAL_Driver\stm32f7xx_hal_dma.o
 .ARM.attributes
                0x000000f7       0x37 Drivers\STM32F7xx_HAL_Driver\stm32f7xx_hal_flash.o
 .ARM.attributes
                0x0000012e       0x37 Drivers\STM32F7xx_HAL_Driver\stm32f7xx_hal_flash_ex.o
 .ARM.attributes
                0x00000165       0x37 Drivers\STM32F7xx_HAL_Driver\stm32f7xx_hal_gpio.o
 .ARM.attributes
                0x0000019c       0x37 Drivers\STM32F7xx_HAL_Driver\stm32f7xx_hal_pcd.o
 .ARM.attributes
                0x000001d3       0x37 Drivers\STM32F7xx_HAL_Driver\stm32f7xx_hal_pcd_ex.o
 .ARM.attributes
                0x0000020a       0x37 Drivers\STM32F7xx_HAL_Driver\stm32f7xx_hal_pwr.o
 .ARM.attributes
                0x00000241       0x37 Drivers\STM32F7xx_HAL_Driver\stm32f7xx_hal_pwr_ex.o
 .ARM.attributes
                0x00000278       0x37 Drivers\STM32F7xx_HAL_Driver\stm32f7xx_hal_rcc.o
 .ARM.attributes
                0x000002af       0x37 Drivers\STM32F7xx_HAL_Driver\stm32f7xx_hal_rcc_ex.o
 .ARM.attributes
                0x000002e6       0x37 Drivers\STM32F7xx_HAL_Driver\stm32f7xx_hal_spi.o
 .ARM.attributes
                0x0000031d       0x37 Drivers\STM32F7xx_HAL_Driver\stm32f7xx_hal_tim.o
 .ARM.attributes
                0x00000354       0x37 Drivers\STM32F7xx_HAL_Driver\stm32f7xx_hal_tim_ex.o
 .ARM.attributes
                0x0000038b       0x37 Drivers\STM32F7xx_HAL_Driver\stm32f7xx_hal_uart.o
 .ARM.attributes
                0x000003c2       0x37 Drivers\STM32F7xx_HAL_Driver\stm32f7xx_ll_usb.o
 .ARM.attributes
                0x000003f9       0x37 Middlewares\FreeRTOS\cmsis_os.o
 .ARM.attributes
                0x00000430       0x37 Middlewares\FreeRTOS\heap_4.o
 .ARM.attributes
                0x00000467       0x37 Middlewares\FreeRTOS\list.o
 .ARM.attributes
                0x0000049e       0x37 Middlewares\FreeRTOS\port.o
 .ARM.attributes
                0x000004d5       0x37 Middlewares\FreeRTOS\tasks.o
 .ARM.attributes
                0x0000050c       0x37 Middlewares\USB_Device_Library\usbd_core.o
 .ARM.attributes
                0x00000543       0x37 Middlewares\USB_Device_Library\usbd_ctlreq.o
 .ARM.attributes
                0x0000057a       0x37 Middlewares\USB_Device_Library\usbd_ioreq.o
 .ARM.attributes
                0x000005b1       0x37 Middlewares\USB_Device_Library\usbd_msc.o
 .ARM.attributes
                0x000005e8       0x37 Middlewares\USB_Device_Library\usbd_msc_bot.o
 .ARM.attributes
                0x0000061f       0x37 Middlewares\USB_Device_Library\usbd_msc_data.o
 .ARM.attributes
                0x00000656       0x37 Middlewares\USB_Device_Library\usbd_msc_scsi.o
 .ARM.attributes
                0x0000068d       0x37 SPIDS\SPIDS.o
 .ARM.attributes
                0x000006c4       0x37 SPIDS\SPIDS_STM32F7_SPI_Driver.o
 .ARM.attributes
                0x000006fb       0x37 SPIDS\diskio.o
 .ARM.attributes
                0x00000732       0x37 SPIDS\ff.o
 .ARM.attributes
                0x00000769       0x37 Src\freertos.o
 .ARM.attributes
                0x000007a0       0x37 Src\gpio.o
 .ARM.attributes
                0x000007d7       0x37 Src\main.o
 .ARM.attributes
                0x0000080e       0x37 Src\spi.o
 .ARM.attributes
                0x00000845       0x37 Src\stm32f7xx_hal_msp.o
 .ARM.attributes
                0x0000087c       0x37 Src\stm32f7xx_hal_timebase_TIM.o
 .ARM.attributes
                0x000008b3       0x37 Src\stm32f7xx_it.o
 .ARM.attributes
                0x000008ea       0x37 Src\system_stm32f7xx.o
 .ARM.attributes
                0x00000921       0x37 Src\usart.o
 .ARM.attributes
                0x00000958       0x37 Src\usb_device.o
 .ARM.attributes
                0x0000098f       0x37 Src\usbd_conf.o
 .ARM.attributes
                0x000009c6       0x37 Src\usbd_desc.o
 .ARM.attributes
                0x000009fd       0x37 Src\usbd_storage_if.o
 .ARM.attributes
                0x00000a34       0x37 serial\serial.o
 .ARM.attributes
                0x00000a6b       0x21 startup\startup_stm32f765xx.o
 .ARM.attributes
                0x00000a8c       0x32 c:/program files (x86)/atollic/truestudio for stm32 9.0.0/armtools/bin/../lib/gcc/arm-atollic-eabi/6.3.1/../../../../arm-atollic-eabi/lib/armv7e-m/fpu/fpv5-d16\libc_nano.a(lib_a-init.o)
 .ARM.attributes
                0x00000abe       0x32 c:/program files (x86)/atollic/truestudio for stm32 9.0.0/armtools/bin/../lib/gcc/arm-atollic-eabi/6.3.1/../../../../arm-atollic-eabi/lib/armv7e-m/fpu/fpv5-d16\libc_nano.a(lib_a-malloc.o)
 .ARM.attributes
                0x00000af0       0x32 c:/program files (x86)/atollic/truestudio for stm32 9.0.0/armtools/bin/../lib/gcc/arm-atollic-eabi/6.3.1/../../../../arm-atollic-eabi/lib/armv7e-m/fpu/fpv5-d16\libc_nano.a(lib_a-nano-freer.o)
 .ARM.attributes
                0x00000b22       0x32 c:/program files (x86)/atollic/truestudio for stm32 9.0.0/armtools/bin/../lib/gcc/arm-atollic-eabi/6.3.1/../../../../arm-atollic-eabi/lib/armv7e-m/fpu/fpv5-d16\libc_nano.a(lib_a-nano-mallocr.o)
 .ARM.attributes
                0x00000b54       0x32 c:/program files (x86)/atollic/truestudio for stm32 9.0.0/armtools/bin/../lib/gcc/arm-atollic-eabi/6.3.1/../../../../arm-atollic-eabi/lib/armv7e-m/fpu/fpv5-d16\libc_nano.a(lib_a-sbrkr.o)
 .ARM.attributes
                0x00000b86       0x32 c:/program files (x86)/atollic/truestudio for stm32 9.0.0/armtools/bin/../lib/gcc/arm-atollic-eabi/6.3.1/../../../../arm-atollic-eabi/lib/armv7e-m/fpu/fpv5-d16\libc_nano.a(lib_a-impure.o)
 .ARM.attributes
                0x00000bb8       0x32 c:/program files (x86)/atollic/truestudio for stm32 9.0.0/armtools/bin/../lib/gcc/arm-atollic-eabi/6.3.1/../../../../arm-atollic-eabi/lib/armv7e-m/fpu/fpv5-d16\libc_nano.a(lib_a-mlock.o)
 .ARM.attributes
                0x00000bea       0x32 c:/program files (x86)/atollic/truestudio for stm32 9.0.0/armtools/bin/../lib/gcc/arm-atollic-eabi/6.3.1/../../../../arm-atollic-eabi/lib/armv7e-m/fpu/fpv5-d16\libc_nano.a(lib_a-reent.o)
 .ARM.attributes
                0x00000c1c       0x20 c:/program files (x86)/atollic/truestudio for stm32 9.0.0/armtools/bin/../lib/gcc/arm-atollic-eabi/6.3.1/armv7e-m/fpu/fpv5-d16\libgcc.a(_aeabi_uldivmod.o)
 .ARM.attributes
                0x00000c3c       0x32 c:/program files (x86)/atollic/truestudio for stm32 9.0.0/armtools/bin/../lib/gcc/arm-atollic-eabi/6.3.1/armv7e-m/fpu/fpv5-d16\libgcc.a(_udivmoddi4.o)
 .ARM.attributes
                0x00000c6e       0x20 c:/program files (x86)/atollic/truestudio for stm32 9.0.0/armtools/bin/../lib/gcc/arm-atollic-eabi/6.3.1/armv7e-m/fpu/fpv5-d16\libgcc.a(_dvmd_tls.o)
 .ARM.attributes
                0x00000c8e       0x32 c:/program files (x86)/atollic/truestudio for stm32 9.0.0/armtools/bin/../lib/gcc/arm-atollic-eabi/6.3.1/../../../../arm-atollic-eabi/lib/armv7e-m/fpu/fpv5-d16\libnosys.a(sbrk.o)
 .ARM.attributes
                0x00000cc0       0x20 c:/program files (x86)/atollic/truestudio for stm32 9.0.0/armtools/bin/../lib/gcc/arm-atollic-eabi/6.3.1/armv7e-m/fpu/fpv5-d16/crtn.o
OUTPUT(USB_Cube.elf elf32-littlearm)

.debug_info     0x00000000    0x464c4
 .debug_info    0x00000000     0x12f1 Drivers\STM32F7xx_HAL_Driver\stm32f7xx_hal.o
 .debug_info    0x000012f1     0x1996 Drivers\STM32F7xx_HAL_Driver\stm32f7xx_hal_cortex.o
 .debug_info    0x00002c87     0x125c Drivers\STM32F7xx_HAL_Driver\stm32f7xx_hal_dma.o
 .debug_info    0x00003ee3      0xf75 Drivers\STM32F7xx_HAL_Driver\stm32f7xx_hal_flash.o
 .debug_info    0x00004e58     0x123a Drivers\STM32F7xx_HAL_Driver\stm32f7xx_hal_flash_ex.o
 .debug_info    0x00006092      0xfbc Drivers\STM32F7xx_HAL_Driver\stm32f7xx_hal_gpio.o
 .debug_info    0x0000704e     0x1e1d Drivers\STM32F7xx_HAL_Driver\stm32f7xx_hal_pcd.o
 .debug_info    0x00008e6b      0xfd1 Drivers\STM32F7xx_HAL_Driver\stm32f7xx_hal_pcd_ex.o
 .debug_info    0x00009e3c     0x1236 Drivers\STM32F7xx_HAL_Driver\stm32f7xx_hal_pwr.o
 .debug_info    0x0000b072     0x122c Drivers\STM32F7xx_HAL_Driver\stm32f7xx_hal_pwr_ex.o
 .debug_info    0x0000c29e     0x1367 Drivers\STM32F7xx_HAL_Driver\stm32f7xx_hal_rcc.o
 .debug_info    0x0000d605     0x108a Drivers\STM32F7xx_HAL_Driver\stm32f7xx_hal_rcc_ex.o
 .debug_info    0x0000e68f     0x2880 Drivers\STM32F7xx_HAL_Driver\stm32f7xx_hal_spi.o
 .debug_info    0x00010f0f     0x3ad5 Drivers\STM32F7xx_HAL_Driver\stm32f7xx_hal_tim.o
 .debug_info    0x000149e4     0x1e62 Drivers\STM32F7xx_HAL_Driver\stm32f7xx_hal_tim_ex.o
 .debug_info    0x00016846     0x20b0 Drivers\STM32F7xx_HAL_Driver\stm32f7xx_hal_uart.o
 .debug_info    0x000188f6     0x2310 Drivers\STM32F7xx_HAL_Driver\stm32f7xx_ll_usb.o
 .debug_info    0x0001ac06     0x24f5 Middlewares\FreeRTOS\cmsis_os.o
 .debug_info    0x0001d0fb      0xca5 Middlewares\FreeRTOS\heap_4.o
 .debug_info    0x0001dda0      0xac0 Middlewares\FreeRTOS\list.o
 .debug_info    0x0001e860      0x4e8 Middlewares\FreeRTOS\port.o
 .debug_info    0x0001ed48     0x2999 Middlewares\FreeRTOS\tasks.o
 .debug_info    0x000216e1     0x14d9 Middlewares\USB_Device_Library\usbd_core.o
 .debug_info    0x00022bba     0x14f4 Middlewares\USB_Device_Library\usbd_ctlreq.o
 .debug_info    0x000240ae      0xff9 Middlewares\USB_Device_Library\usbd_ioreq.o
 .debug_info    0x000250a7     0x15ef Middlewares\USB_Device_Library\usbd_msc.o
 .debug_info    0x00026696     0x15f6 Middlewares\USB_Device_Library\usbd_msc_bot.o
 .debug_info    0x00027c8c      0x98a Middlewares\USB_Device_Library\usbd_msc_data.o
 .debug_info    0x00028616     0x1c32 Middlewares\USB_Device_Library\usbd_msc_scsi.o
 .debug_info    0x0002a248      0x45d SPIDS\SPIDS.o
 .debug_info    0x0002a6a5     0x27b9 SPIDS\SPIDS_STM32F7_SPI_Driver.o
 .debug_info    0x0002ce5e      0x421 SPIDS\diskio.o
 .debug_info    0x0002d27f     0x5a7a SPIDS\ff.o
 .debug_info    0x00032cf9      0x237 Src\freertos.o
 .debug_info    0x00032f30      0xd70 Src\gpio.o
 .debug_info    0x00033ca0     0x3502 Src\main.o
 .debug_info    0x000371a2     0x12ac Src\spi.o
 .debug_info    0x0003844e      0xfca Src\stm32f7xx_hal_msp.o
 .debug_info    0x00039418     0x14bf Src\stm32f7xx_hal_timebase_TIM.o
 .debug_info    0x0003a8d7     0x1714 Src\stm32f7xx_it.o
 .debug_info    0x0003bfeb      0xf05 Src\system_stm32f7xx.o
 .debug_info    0x0003cef0     0x15aa Src\usart.o
 .debug_info    0x0003e49a      0xf6c Src\usb_device.o
 .debug_info    0x0003f406     0x2690 Src\usbd_conf.o
 .debug_info    0x00041a96      0xde7 Src\usbd_desc.o
 .debug_info    0x0004287d     0x1d96 Src\usbd_storage_if.o
 .debug_info    0x00044613     0x1e05 serial\serial.o
 .debug_info    0x00046418       0xac startup\startup_stm32f765xx.o

.debug_abbrev   0x00000000     0x85a2
 .debug_abbrev  0x00000000      0x2f9 Drivers\STM32F7xx_HAL_Driver\stm32f7xx_hal.o
 .debug_abbrev  0x000002f9      0x399 Drivers\STM32F7xx_HAL_Driver\stm32f7xx_hal_cortex.o
 .debug_abbrev  0x00000692      0x34a Drivers\STM32F7xx_HAL_Driver\stm32f7xx_hal_dma.o
 .debug_abbrev  0x000009dc      0x35c Drivers\STM32F7xx_HAL_Driver\stm32f7xx_hal_flash.o
 .debug_abbrev  0x00000d38      0x359 Drivers\STM32F7xx_HAL_Driver\stm32f7xx_hal_flash_ex.o
 .debug_abbrev  0x00001091      0x268 Drivers\STM32F7xx_HAL_Driver\stm32f7xx_hal_gpio.o
 .debug_abbrev  0x000012f9      0x3a7 Drivers\STM32F7xx_HAL_Driver\stm32f7xx_hal_pcd.o
 .debug_abbrev  0x000016a0      0x25f Drivers\STM32F7xx_HAL_Driver\stm32f7xx_hal_pcd_ex.o
 .debug_abbrev  0x000018ff      0x24a Drivers\STM32F7xx_HAL_Driver\stm32f7xx_hal_pwr.o
 .debug_abbrev  0x00001b49      0x2b6 Drivers\STM32F7xx_HAL_Driver\stm32f7xx_hal_pwr_ex.o
 .debug_abbrev  0x00001dff      0x35e Drivers\STM32F7xx_HAL_Driver\stm32f7xx_hal_rcc.o
 .debug_abbrev  0x0000215d      0x25f Drivers\STM32F7xx_HAL_Driver\stm32f7xx_hal_rcc_ex.o
 .debug_abbrev  0x000023bc      0x39a Drivers\STM32F7xx_HAL_Driver\stm32f7xx_hal_spi.o
 .debug_abbrev  0x00002756      0x381 Drivers\STM32F7xx_HAL_Driver\stm32f7xx_hal_tim.o
 .debug_abbrev  0x00002ad7      0x30d Drivers\STM32F7xx_HAL_Driver\stm32f7xx_hal_tim_ex.o
 .debug_abbrev  0x00002de4      0x3a6 Drivers\STM32F7xx_HAL_Driver\stm32f7xx_hal_uart.o
 .debug_abbrev  0x0000318a      0x39f Drivers\STM32F7xx_HAL_Driver\stm32f7xx_ll_usb.o
 .debug_abbrev  0x00003529      0x468 Middlewares\FreeRTOS\cmsis_os.o
 .debug_abbrev  0x00003991      0x314 Middlewares\FreeRTOS\heap_4.o
 .debug_abbrev  0x00003ca5      0x1e3 Middlewares\FreeRTOS\list.o
 .debug_abbrev  0x00003e88      0x211 Middlewares\FreeRTOS\port.o
 .debug_abbrev  0x00004099      0x419 Middlewares\FreeRTOS\tasks.o
 .debug_abbrev  0x000044b2      0x331 Middlewares\USB_Device_Library\usbd_core.o
 .debug_abbrev  0x000047e3      0x3d7 Middlewares\USB_Device_Library\usbd_ctlreq.o
 .debug_abbrev  0x00004bba      0x206 Middlewares\USB_Device_Library\usbd_ioreq.o
 .debug_abbrev  0x00004dc0      0x2c8 Middlewares\USB_Device_Library\usbd_msc.o
 .debug_abbrev  0x00005088      0x382 Middlewares\USB_Device_Library\usbd_msc_bot.o
 .debug_abbrev  0x0000540a      0x16e Middlewares\USB_Device_Library\usbd_msc_data.o
 .debug_abbrev  0x00005578      0x3b4 Middlewares\USB_Device_Library\usbd_msc_scsi.o
 .debug_abbrev  0x0000592c      0x1e9 SPIDS\SPIDS.o
 .debug_abbrev  0x00005b15      0x3ad SPIDS\SPIDS_STM32F7_SPI_Driver.o
 .debug_abbrev  0x00005ec2      0x192 SPIDS\diskio.o
 .debug_abbrev  0x00006054      0x3c1 SPIDS\ff.o
 .debug_abbrev  0x00006415      0x14d Src\freertos.o
 .debug_abbrev  0x00006562      0x1f7 Src\gpio.o
 .debug_abbrev  0x00006759      0x3d5 Src\main.o
 .debug_abbrev  0x00006b2e      0x227 Src\spi.o
 .debug_abbrev  0x00006d55      0x200 Src\stm32f7xx_hal_msp.o
 .debug_abbrev  0x00006f55      0x258 Src\stm32f7xx_hal_timebase_TIM.o
 .debug_abbrev  0x000071ad      0x269 Src\stm32f7xx_it.o
 .debug_abbrev  0x00007416      0x1e6 Src\system_stm32f7xx.o
 .debug_abbrev  0x000075fc      0x230 Src\usart.o
 .debug_abbrev  0x0000782c      0x203 Src\usb_device.o
 .debug_abbrev  0x00007a2f      0x30d Src\usbd_conf.o
 .debug_abbrev  0x00007d3c      0x261 Src\usbd_desc.o
 .debug_abbrev  0x00007f9d      0x2e5 Src\usbd_storage_if.o