Archive member included to satisfy reference by file (symbol)

c:/program files (x86)/atollic/truestudio for stm32 9.0.0/armtools/bin/../lib/gcc/arm-atollic-eabi/6.3.1/../../../../arm-atollic-eabi/lib/armv7e-m/fpu/fpv5-d16\libc_nano.a(lib_a-init.o)
                              startup\startup_stm32f765xx.o (__libc_init_array)
c:/program files (x86)/atollic/truestudio for stm32 9.0.0/armtools/bin/../lib/gcc/arm-atollic-eabi/6.3.1/../../../../arm-atollic-eabi/lib/armv7e-m/fpu/fpv5-d16\libc_nano.a(lib_a-malloc.o)
                              Middlewares\USB_Device_Library\usbd_cdc.o (malloc)
c:/program files (x86)/atollic/truestudio for stm32 9.0.0/armtools/bin/../lib/gcc/arm-atollic-eabi/6.3.1/../../../../arm-atollic-eabi/lib/armv7e-m/fpu/fpv5-d16\libc_nano.a(lib_a-memcpy-stub.o)
                              Middlewares\FreeRTOS\queue.o (memcpy)
c:/program files (x86)/atollic/truestudio for stm32 9.0.0/armtools/bin/../lib/gcc/arm-atollic-eabi/6.3.1/../../../../arm-atollic-eabi/lib/armv7e-m/fpu/fpv5-d16\libc_nano.a(lib_a-nano-freer.o)
                              c:/program files (x86)/atollic/truestudio for stm32 9.0.0/armtools/bin/../lib/gcc/arm-atollic-eabi/6.3.1/../../../../arm-atollic-eabi/lib/armv7e-m/fpu/fpv5-d16\libc_nano.a(lib_a-malloc.o) (_free_r)
c:/program files (x86)/atollic/truestudio for stm32 9.0.0/armtools/bin/../lib/gcc/arm-atollic-eabi/6.3.1/../../../../arm-atollic-eabi/lib/armv7e-m/fpu/fpv5-d16\libc_nano.a(lib_a-nano-mallocr.o)
                              c:/program files (x86)/atollic/truestudio for stm32 9.0.0/armtools/bin/../lib/gcc/arm-atollic-eabi/6.3.1/../../../../arm-atollic-eabi/lib/armv7e-m/fpu/fpv5-d16\libc_nano.a(lib_a-malloc.o) (_malloc_r)
c:/program files (x86)/atollic/truestudio for stm32 9.0.0/armtools/bin/../lib/gcc/arm-atollic-eabi/6.3.1/../../../../arm-atollic-eabi/lib/armv7e-m/fpu/fpv5-d16\libc_nano.a(lib_a-sbrkr.o)
                              c:/program files (x86)/atollic/truestudio for stm32 9.0.0/armtools/bin/../lib/gcc/arm-atollic-eabi/6.3.1/../../../../arm-atollic-eabi/lib/armv7e-m/fpu/fpv5-d16\libc_nano.a(lib_a-nano-mallocr.o) (_sbrk_r)
c:/program files (x86)/atollic/truestudio for stm32 9.0.0/armtools/bin/../lib/gcc/arm-atollic-eabi/6.3.1/../../../../arm-atollic-eabi/lib/armv7e-m/fpu/fpv5-d16\libc_nano.a(lib_a-impure.o)
                              c:/program files (x86)/atollic/truestudio for stm32 9.0.0/armtools/bin/../lib/gcc/arm-atollic-eabi/6.3.1/../../../../arm-atollic-eabi/lib/armv7e-m/fpu/fpv5-d16\libc_nano.a(lib_a-malloc.o) (_impure_ptr)
c:/program files (x86)/atollic/truestudio for stm32 9.0.0/armtools/bin/../lib/gcc/arm-atollic-eabi/6.3.1/../../../../arm-atollic-eabi/lib/armv7e-m/fpu/fpv5-d16\libc_nano.a(lib_a-mlock.o)
                              c:/program files (x86)/atollic/truestudio for stm32 9.0.0/armtools/bin/../lib/gcc/arm-atollic-eabi/6.3.1/../../../../arm-atollic-eabi/lib/armv7e-m/fpu/fpv5-d16\libc_nano.a(lib_a-nano-freer.o) (__malloc_lock)
c:/program files (x86)/atollic/truestudio for stm32 9.0.0/armtools/bin/../lib/gcc/arm-atollic-eabi/6.3.1/../../../../arm-atollic-eabi/lib/armv7e-m/fpu/fpv5-d16\libc_nano.a(lib_a-reent.o)
                              c:/program files (x86)/atollic/truestudio for stm32 9.0.0/armtools/bin/../lib/gcc/arm-atollic-eabi/6.3.1/../../../../arm-atollic-eabi/lib/armv7e-m/fpu/fpv5-d16\libc_nano.a(lib_a-sbrkr.o) (errno)
c:/program files (x86)/atollic/truestudio for stm32 9.0.0/armtools/bin/../lib/gcc/arm-atollic-eabi/6.3.1/armv7e-m/fpu/fpv5-d16\libgcc.a(_aeabi_uldivmod.o)
                              Drivers\STM32F7xx_HAL_Driver\stm32f7xx_hal_rcc.o (__aeabi_uldivmod)
c:/program files (x86)/atollic/truestudio for stm32 9.0.0/armtools/bin/../lib/gcc/arm-atollic-eabi/6.3.1/armv7e-m/fpu/fpv5-d16\libgcc.a(_udivmoddi4.o)
                              c:/program files (x86)/atollic/truestudio for stm32 9.0.0/armtools/bin/../lib/gcc/arm-atollic-eabi/6.3.1/armv7e-m/fpu/fpv5-d16\libgcc.a(_aeabi_uldivmod.o) (__udivmoddi4)
c:/program files (x86)/atollic/truestudio for stm32 9.0.0/armtools/bin/../lib/gcc/arm-atollic-eabi/6.3.1/armv7e-m/fpu/fpv5-d16\libgcc.a(_dvmd_tls.o)
                              c:/program files (x86)/atollic/truestudio for stm32 9.0.0/armtools/bin/../lib/gcc/arm-atollic-eabi/6.3.1/armv7e-m/fpu/fpv5-d16\libgcc.a(_aeabi_uldivmod.o) (__aeabi_ldiv0)
c:/program files (x86)/atollic/truestudio for stm32 9.0.0/armtools/bin/../lib/gcc/arm-atollic-eabi/6.3.1/../../../../arm-atollic-eabi/lib/armv7e-m/fpu/fpv5-d16\libnosys.a(sbrk.o)
                              c:/program files (x86)/atollic/truestudio for stm32 9.0.0/armtools/bin/../lib/gcc/arm-atollic-eabi/6.3.1/../../../../arm-atollic-eabi/lib/armv7e-m/fpu/fpv5-d16\libc_nano.a(lib_a-sbrkr.o) (_sbrk)

Allocating common symbols
Common symbol       size              file

hUsbDeviceFS        0x29c             Src\usb_device.o
defaultTaskHandle   0x4               Src\freertos.o
hspi2               0x64              Src\spi.o
[...]
Memory Configuration

Name             Origin             Length             Attributes
RAM              0x20000000         0x00080000         xrw
FLASH            0x08000000         0x00100000         xr
*default*        0x00000000         0xffffffff

Linker script and memory map

LOAD c:/program files (x86)/atollic/truestudio for stm32 9.0.0/armtools/bin/../lib/gcc/arm-atollic-eabi/6.3.1/armv7e-m/fpu/fpv5-d16/crti.o
LOAD c:/program files (x86)/atollic/truestudio for stm32 9.0.0/armtools/bin/../lib/gcc/arm-atollic-eabi/6.3.1/armv7e-m/fpu/fpv5-d16/crtbegin.o
LOAD Drivers\STM32F7xx_HAL_Driver\stm32f7xx_hal.o
LOAD Drivers\STM32F7xx_HAL_Driver\stm32f7xx_hal_cortex.o
LOAD Drivers\STM32F7xx_HAL_Driver\stm32f7xx_hal_dma.o
LOAD Drivers\STM32F7xx_HAL_Driver\stm32f7xx_hal_dma_ex.o
LOAD Drivers\STM32F7xx_HAL_Driver\stm32f7xx_hal_flash.o
LOAD Drivers\STM32F7xx_HAL_Driver\stm32f7xx_hal_flash_ex.o
LOAD Drivers\STM32F7xx_HAL_Driver\stm32f7xx_hal_gpio.o
LOAD Drivers\STM32F7xx_HAL_Driver\stm32f7xx_hal_i2c.o
LOAD Drivers\STM32F7xx_HAL_Driver\stm32f7xx_hal_i2c_ex.o
LOAD Drivers\STM32F7xx_HAL_Driver\stm32f7xx_hal_pcd.o
LOAD Drivers\STM32F7xx_HAL_Driver\stm32f7xx_hal_pcd_ex.o
LOAD Drivers\STM32F7xx_HAL_Driver\stm32f7xx_hal_pwr.o
LOAD Drivers\STM32F7xx_HAL_Driver\stm32f7xx_hal_pwr_ex.o
LOAD Drivers\STM32F7xx_HAL_Driver\stm32f7xx_hal_qspi.o
LOAD Drivers\STM32F7xx_HAL_Driver\stm32f7xx_hal_rcc.o
LOAD Drivers\STM32F7xx_HAL_Driver\stm32f7xx_hal_rcc_ex.o
LOAD Drivers\STM32F7xx_HAL_Driver\stm32f7xx_hal_spi.o
LOAD Drivers\STM32F7xx_HAL_Driver\stm32f7xx_hal_tim.o
LOAD Drivers\STM32F7xx_HAL_Driver\stm32f7xx_hal_tim_ex.o
LOAD Drivers\STM32F7xx_HAL_Driver\stm32f7xx_hal_uart.o
LOAD Drivers\STM32F7xx_HAL_Driver\stm32f7xx_ll_usb.o
LOAD Middlewares\FreeRTOS\cmsis_os.o
LOAD Middlewares\FreeRTOS\croutine.o
LOAD Middlewares\FreeRTOS\event_groups.o
LOAD Middlewares\FreeRTOS\heap_4.o
LOAD Middlewares\FreeRTOS\list.o
LOAD Middlewares\FreeRTOS\port.o
LOAD Middlewares\FreeRTOS\queue.o
LOAD Middlewares\FreeRTOS\tasks.o
LOAD Middlewares\FreeRTOS\timers.o
LOAD Middlewares\USB_Device_Library\usbd_cdc.o
LOAD Middlewares\USB_Device_Library\usbd_core.o
LOAD Middlewares\USB_Device_Library\usbd_ctlreq.o
LOAD Middlewares\USB_Device_Library\usbd_ioreq.o
LOAD Src\buffers.o
LOAD Src\freertos.o
LOAD Src\gpio.o
LOAD Src\i2c.o
LOAD Src\main.o
LOAD Src\quadspi.o
LOAD Src\spi.o
LOAD Src\stm32f7xx_hal_msp.o
LOAD Src\stm32f7xx_hal_timebase_TIM.o
LOAD Src\stm32f7xx_it.o
LOAD Src\system_stm32f7xx.o
LOAD Src\usart.o
LOAD Src\usb_device.o
LOAD Src\usbd_cdc_if.o
LOAD Src\usbd_conf.o
LOAD Src\usbd_desc.o
LOAD startup\startup_stm32f765xx.o
                0x00000080                malloc_getpagesize_P = 0x80
START GROUP
LOAD c:/program files (x86)/atollic/truestudio for stm32 9.0.0/armtools/bin/../lib/gcc/arm-atollic-eabi/6.3.1/../../../../arm-atollic-eabi/lib/armv7e-m/fpu/fpv5-d16\libc_nano.a
LOAD c:/program files (x86)/atollic/truestudio for stm32 9.0.0/armtools/bin/../lib/gcc/arm-atollic-eabi/6.3.1/../../../../arm-atollic-eabi/lib/armv7e-m/fpu/fpv5-d16\libm.a
END GROUP
START GROUP
LOAD c:/program files (x86)/atollic/truestudio for stm32 9.0.0/armtools/bin/../lib/gcc/arm-atollic-eabi/6.3.1/armv7e-m/fpu/fpv5-d16\libgcc.a
LOAD c:/program files (x86)/atollic/truestudio for stm32 9.0.0/armtools/bin/../lib/gcc/arm-atollic-eabi/6.3.1/../../../../arm-atollic-eabi/lib/armv7e-m/fpu/fpv5-d16\libc_nano.a
END GROUP
START GROUP
LOAD c:/program files (x86)/atollic/truestudio for stm32 9.0.0/armtools/bin/../lib/gcc/arm-atollic-eabi/6.3.1/armv7e-m/fpu/fpv5-d16\libgcc.a
LOAD c:/program files (x86)/atollic/truestudio for stm32 9.0.0/armtools/bin/../lib/gcc/arm-atollic-eabi/6.3.1/../../../../arm-atollic-eabi/lib/armv7e-m/fpu/fpv5-d16\libc_nano.a
LOAD c:/program files (x86)/atollic/truestudio for stm32 9.0.0/armtools/bin/../lib/gcc/arm-atollic-eabi/6.3.1/../../../../arm-atollic-eabi/lib/armv7e-m/fpu/fpv5-d16\libnosys.a
END GROUP
START GROUP
LOAD c:/program files (x86)/atollic/truestudio for stm32 9.0.0/armtools/bin/../lib/gcc/arm-atollic-eabi/6.3.1/armv7e-m/fpu/fpv5-d16\libgcc.a
LOAD c:/program files (x86)/atollic/truestudio for stm32 9.0.0/armtools/bin/../lib/gcc/arm-atollic-eabi/6.3.1/../../../../arm-atollic-eabi/lib/armv7e-m/fpu/fpv5-d16\libc_nano.a
LOAD c:/program files (x86)/atollic/truestudio for stm32 9.0.0/armtools/bin/../lib/gcc/arm-atollic-eabi/6.3.1/../../../../arm-atollic-eabi/lib/armv7e-m/fpu/fpv5-d16\libnosys.a
END GROUP
LOAD c:/program files (x86)/atollic/truestudio for stm32 9.0.0/armtools/bin/../lib/gcc/arm-atollic-eabi/6.3.1/armv7e-m/fpu/fpv5-d16/crtend.o
LOAD c:/program files (x86)/atollic/truestudio for stm32 9.0.0/armtools/bin/../lib/gcc/arm-atollic-eabi/6.3.1/armv7e-m/fpu/fpv5-d16/crtn.o
                0x20080000                _estack = 0x20080000
                0x00000200                _Min_Heap_Size = 0x200
                0x00000400                _Min_Stack_Size = 0x400

.isr_vector     0x08000000      0x1f8
                0x08000000                . = ALIGN (0x4)
 *(.isr_vector)
 .isr_vector    0x08000000      0x1f8 startup\startup_stm32f765xx.o
                0x08000000                g_pfnVectors
                0x080001f8                . = ALIGN (0x4)

.text           0x08000200     0x6634
                0x08000200                . = ALIGN (0x4)
 *(.text)
 .text          0x08000200       0x40 c:/program files (x86)/atollic/truestudio for stm32 9.0.0/armtools/bin/../lib/gcc/arm-atollic-eabi/6.3.1/armv7e-m/fpu/fpv5-d16/crtbegin.o
 .text          0x08000240       0x30 c:/program files (x86)/atollic/truestudio for stm32 9.0.0/armtools/bin/../lib/gcc/arm-atollic-eabi/6.3.1/armv7e-m/fpu/fpv5-d16\libgcc.a(_aeabi_uldivmod.o)
                0x08000240                __aeabi_uldivmod
 .text          0x08000270      0x2dc c:/program files (x86)/atollic/truestudio for stm32 9.0.0/armtools/bin/../lib/gcc/arm-atollic-eabi/6.3.1/armv7e-m/fpu/fpv5-d16\libgcc.a(_udivmoddi4.o)
                0x08000270                __udivmoddi4
 .text          0x0800054c        0x4 c:/program files (x86)/atollic/truestudio for stm32 9.0.0/armtools/bin/../lib/gcc/arm-atollic-eabi/6.3.1/armv7e-m/fpu/fpv5-d16\libgcc.a(_dvmd_tls.o)
                0x0800054c                __aeabi_idiv0
                0x0800054c                __aeabi_ldiv0
 *(.text*)
 .text.HAL_Init
                0x08000550       0x16 Drivers\STM32F7xx_HAL_Driver\stm32f7xx_hal.o
                0x08000550                HAL_Init
 *fill*         0x08000566        0x2 
 .text.HAL_IncTick
                0x08000568       0x18 Drivers\STM32F7xx_HAL_Driver\stm32f7xx_hal.o
                0x08000568                HAL_IncTick
 .text.HAL_GetTick
                0x08000580        0xc Drivers\STM32F7xx_HAL_Driver\stm32f7xx_hal.o
                0x08000580                HAL_GetTick
 .text.HAL_Delay
                0x0800058c       0x24 Drivers\STM32F7xx_HAL_Driver\stm32f7xx_hal.o
                0x0800058c                HAL_Delay
 .text.HAL_NVIC_SetPriorityGrouping
                0x080005b0       0x24 Drivers\STM32F7xx_HAL_Driver\stm32f7xx_hal_cortex.o
                0x080005b0                HAL_NVIC_SetPriorityGrouping
 .text.HAL_NVIC_SetPriority
                0x080005d4       0x70 Drivers\STM32F7xx_HAL_Driver\stm32f7xx_hal_cortex.o
                0x080005d4                HAL_NVIC_SetPriority
 .text.HAL_NVIC_EnableIRQ
                0x08000644       0x18 Drivers\STM32F7xx_HAL_Driver\stm32f7xx_hal_cortex.o
                0x08000644                HAL_NVIC_EnableIRQ
 .text.HAL_SYSTICK_Config
                0x0800065c       0x2c Drivers\STM32F7xx_HAL_Driver\stm32f7xx_hal_cortex.o
                0x0800065c                HAL_SYSTICK_Config
 .text.HAL_SYSTICK_CLKSourceConfig
                0x08000688       0x18 Drivers\STM32F7xx_HAL_Driver\stm32f7xx_hal_cortex.o
                0x08000688                HAL_SYSTICK_CLKSourceConfig
 .text.HAL_DMA_Abort_IT
                0x080006a0       0x24 Drivers\STM32F7xx_HAL_Driver\stm32f7xx_hal_dma.o
                0x080006a0                HAL_DMA_Abort_IT
 .text.FLASH_SetErrorCode
                0x080006c4       0x64 Drivers\STM32F7xx_HAL_Driver\stm32f7xx_hal_flash.o
 .text.HAL_FLASH_EndOfOperationCallback
                0x08000728        0x2 Drivers\STM32F7xx_HAL_Driver\stm32f7xx_hal_flash.o
                0x08000728                HAL_FLASH_EndOfOperationCallback
 .text.HAL_FLASH_OperationErrorCallback
                0x0800072a        0x2 Drivers\STM32F7xx_HAL_Driver\stm32f7xx_hal_flash.o
                0x0800072a                HAL_FLASH_OperationErrorCallback
 .text.HAL_FLASH_IRQHandler
                0x0800072c       0xe8 Drivers\STM32F7xx_HAL_Driver\stm32f7xx_hal_flash.o
                0x0800072c                HAL_FLASH_IRQHandler
 .text.FLASH_Erase_Sector
                0x08000814       0x54 Drivers\STM32F7xx_HAL_Driver\stm32f7xx_hal_flash_ex.o
                0x08000814                FLASH_Erase_Sector
 .text.HAL_GPIO_Init
                0x08000868      0x1d4 Drivers\STM32F7xx_HAL_Driver\stm32f7xx_hal_gpio.o
                0x08000868                HAL_GPIO_Init
 .text.HAL_GPIO_WritePin
                0x08000a3c        0xa Drivers\STM32F7xx_HAL_Driver\stm32f7xx_hal_gpio.o
                0x08000a3c                HAL_GPIO_WritePin
 .text.I2C_Flush_TXDR
                0x08000a46       0x1c Drivers\STM32F7xx_HAL_Driver\stm32f7xx_hal_i2c.o
 .text.I2C_Disable_IRQ
                0x08000a62       0x5e Drivers\STM32F7xx_HAL_Driver\stm32f7xx_hal_i2c.o
 .text.HAL_I2C_Init
                0x08000ac0       0xa2 Drivers\STM32F7xx_HAL_Driver\stm32f7xx_hal_i2c.o
                0x08000ac0                HAL_I2C_Init
 .text.HAL_I2C_EV_IRQHandler
                0x08000b62        0xe Drivers\STM32F7xx_HAL_Driver\stm32f7xx_hal_i2c.o
                0x08000b62                HAL_I2C_EV_IRQHandler
 .text.HAL_I2C_SlaveTxCpltCallback
                0x08000b70        0x2 Drivers\STM32F7xx_HAL_Driver\stm32f7xx_hal_i2c.o
                0x08000b70                HAL_I2C_SlaveTxCpltCallback
 .text.HAL_I2C_SlaveRxCpltCallback
                0x08000b72        0x2 Drivers\STM32F7xx_HAL_Driver\stm32f7xx_hal_i2c.o
                0x08000b72                HAL_I2C_SlaveRxCpltCallback
 .text.I2C_ITSlaveSequentialCplt
                0x08000b74       0x52 Drivers\STM32F7xx_HAL_Driver\stm32f7xx_hal_i2c.o
 .text.HAL_I2C_AddrCallback
                0x08000bc6        0x2 Drivers\STM32F7xx_HAL_Driver\stm32f7xx_hal_i2c.o
                0x08000bc6                HAL_I2C_AddrCallback
 .text.HAL_I2C_ListenCpltCallback
                0x08000bc8        0x2 Drivers\STM32F7xx_HAL_Driver\stm32f7xx_hal_i2c.o
                0x08000bc8                HAL_I2C_ListenCpltCallback
 *fill*         0x08000bca        0x2 
 .text.I2C_ITListenCplt
                0x08000bcc       0x60 Drivers\STM32F7xx_HAL_Driver\stm32f7xx_hal_i2c.o
 .text.HAL_I2C_ErrorCallback
                0x08000c2c        0x2 Drivers\STM32F7xx_HAL_Driver\stm32f7xx_hal_i2c.o
                0x08000c2c                HAL_I2C_ErrorCallback
 .text.HAL_I2C_AbortCpltCallback
                0x08000c2e        0x2 Drivers\STM32F7xx_HAL_Driver\stm32f7xx_hal_i2c.o
                0x08000c2e                HAL_I2C_AbortCpltCallback
 .text.I2C_ITError
                0x08000c30       0xe0 Drivers\STM32F7xx_HAL_Driver\stm32f7xx_hal_i2c.o
 .text.I2C_ITSlaveCplt
                0x08000d10      0x100 Drivers\STM32F7xx_HAL_Driver\stm32f7xx_hal_i2c.o
 .text.I2C_Slave_ISR_IT
                0x08000e10      0x1b0 Drivers\STM32F7xx_HAL_Driver\stm32f7xx_hal_i2c.o
 .text.HAL_I2C_ER_IRQHandler
                0x08000fc0       0x62 Drivers\STM32F7xx_HAL_Driver\stm32f7xx_hal_i2c.o
                0x08000fc0                HAL_I2C_ER_IRQHandler
 .text.I2C_DMAAbort
                0x08001022       0x32 Drivers\STM32F7xx_HAL_Driver\stm32f7xx_hal_i2c.o
 .text.HAL_I2CEx_ConfigAnalogFilter
                0x08001054       0x4c Drivers\STM32F7xx_HAL_Driver\stm32f7xx_hal_i2c_ex.o
                0x08001054                HAL_I2CEx_ConfigAnalogFilter
 .text.HAL_I2CEx_ConfigDigitalFilter
                0x080010a0       0x4a Drivers\STM32F7xx_HAL_Driver\stm32f7xx_hal_i2c_ex.o
                0x080010a0                HAL_I2CEx_ConfigDigitalFilter
 .text.HAL_PCD_Init
                0x080010ea       0xe8 Drivers\STM32F7xx_HAL_Driver\stm32f7xx_hal_pcd.o
                0x080010ea                HAL_PCD_Init
 .text.HAL_PCD_Start
                0x080011d2       0x2a Drivers\STM32F7xx_HAL_Driver\stm32f7xx_hal_pcd.o
                0x080011d2                HAL_PCD_Start
 .text.HAL_PCD_IRQHandler
                0x080011fc      0x664 Drivers\STM32F7xx_HAL_Driver\stm32f7xx_hal_pcd.o
                0x080011fc                HAL_PCD_IRQHandler
 .text.HAL_PCD_SetAddress
                0x08001860       0x28 Drivers\STM32F7xx_HAL_Driver\stm32f7xx_hal_pcd.o
                0x08001860                HAL_PCD_SetAddress
 .text.HAL_PCD_EP_Open
                0x08001888       0x68 Drivers\STM32F7xx_HAL_Driver\stm32f7xx_hal_pcd.o
                0x08001888                HAL_PCD_EP_Open
 .text.HAL_PCD_EP_Close
                0x080018f0       0x56 Drivers\STM32F7xx_HAL_Driver\stm32f7xx_hal_pcd.o
                0x080018f0                HAL_PCD_EP_Close
 .text.HAL_PCD_EP_Receive
                0x08001946       0x48 Drivers\STM32F7xx_HAL_Driver\stm32f7xx_hal_pcd.o
                0x08001946                HAL_PCD_EP_Receive
 .text.HAL_PCD_EP_GetRxCount
                0x0800198e       0x10 Drivers\STM32F7xx_HAL_Driver\stm32f7xx_hal_pcd.o
                0x0800198e                HAL_PCD_EP_GetRxCount
 .text.HAL_PCD_EP_Transmit
                0x0800199e       0x40 Drivers\STM32F7xx_HAL_Driver\stm32f7xx_hal_pcd.o
                0x0800199e                HAL_PCD_EP_Transmit
 .text.HAL_PCD_EP_SetStall
                0x080019de       0x74 Drivers\STM32F7xx_HAL_Driver\stm32f7xx_hal_pcd.o
                0x080019de                HAL_PCD_EP_SetStall
 .text.HAL_PCD_EP_ClrStall
                0x08001a52       0x62 Drivers\STM32F7xx_HAL_Driver\stm32f7xx_hal_pcd.o
                0x08001a52                HAL_PCD_EP_ClrStall
 .text.HAL_PCDEx_SetTxFiFo
                0x08001ab4       0x42 Drivers\STM32F7xx_HAL_Driver\stm32f7xx_hal_pcd_ex.o
                0x08001ab4                HAL_PCDEx_SetTxFiFo
 .text.HAL_PCDEx_SetRxFiFo
                0x08001af6        0x8 Drivers\STM32F7xx_HAL_Driver\stm32f7xx_hal_pcd_ex.o
                0x08001af6                HAL_PCDEx_SetRxFiFo
 .text.HAL_PCDEx_ActivateLPM
                0x08001afe       0x26 Drivers\STM32F7xx_HAL_Driver\stm32f7xx_hal_pcd_ex.o
                0x08001afe                HAL_PCDEx_ActivateLPM
 .text.HAL_PWR_PVDCallback
                0x08001b24        0x2 Drivers\STM32F7xx_HAL_Driver\stm32f7xx_hal_pwr.o
                0x08001b24                HAL_PWR_PVDCallback
 *fill*         0x08001b26        0x2 
 .text.HAL_PWR_PVD_IRQHandler
                0x08001b28       0x1c Drivers\STM32F7xx_HAL_Driver\stm32f7xx_hal_pwr.o
                0x08001b28                HAL_PWR_PVD_IRQHandler
 .text.HAL_PWREx_EnableOverDrive
                0x08001b44       0x70 Drivers\STM32F7xx_HAL_Driver\stm32f7xx_hal_pwr_ex.o
                0x08001b44                HAL_PWREx_EnableOverDrive
 .text.QSPI_WaitFlagStateUntilTimeout
                0x08001bb4       0x4c Drivers\STM32F7xx_HAL_Driver\stm32f7xx_hal_qspi.o
 .text.HAL_QSPI_Init
                0x08001c00       0xb8 Drivers\STM32F7xx_HAL_Driver\stm32f7xx_hal_qspi.o
                0x08001c00                HAL_QSPI_Init
 .text.HAL_QSPI_ErrorCallback
                0x08001cb8        0x2 Drivers\STM32F7xx_HAL_Driver\stm32f7xx_hal_qspi.o
                0x08001cb8                HAL_QSPI_ErrorCallback
 .text.QSPI_DMAAbortCplt
                0x08001cba       0x36 Drivers\STM32F7xx_HAL_Driver\stm32f7xx_hal_qspi.o
 .text.HAL_QSPI_AbortCpltCallback
                0x08001cf0        0x2 Drivers\STM32F7xx_HAL_Driver\stm32f7xx_hal_qspi.o
                0x08001cf0                HAL_QSPI_AbortCpltCallback
 .text.HAL_QSPI_CmdCpltCallback
                0x08001cf2        0x2 Drivers\STM32F7xx_HAL_Driver\stm32f7xx_hal_qspi.o
                0x08001cf2                HAL_QSPI_CmdCpltCallback
 .text.HAL_QSPI_RxCpltCallback
                0x08001cf4        0x2 Drivers\STM32F7xx_HAL_Driver\stm32f7xx_hal_qspi.o
                0x08001cf4                HAL_QSPI_RxCpltCallback
 .text.HAL_QSPI_TxCpltCallback
                0x08001cf6        0x2 Drivers\STM32F7xx_HAL_Driver\stm32f7xx_hal_qspi.o
                0x08001cf6                HAL_QSPI_TxCpltCallback
 .text.HAL_QSPI_FifoThresholdCallback
                0x08001cf8        0x2 Drivers\STM32F7xx_HAL_Driver\stm32f7xx_hal_qspi.o
                0x08001cf8                HAL_QSPI_FifoThresholdCallback
 .text.HAL_QSPI_StatusMatchCallback
                0x08001cfa        0x2 Drivers\STM32F7xx_HAL_Driver\stm32f7xx_hal_qspi.o
                0x08001cfa                HAL_QSPI_StatusMatchCallback
 .text.HAL_QSPI_TimeOutCallback
                0x08001cfc        0x2 Drivers\STM32F7xx_HAL_Driver\stm32f7xx_hal_qspi.o
                0x08001cfc                HAL_QSPI_TimeOutCallback
 *fill*         0x08001cfe        0x2 
 .text.HAL_QSPI_IRQHandler
                0x08001d00      0x1c0 Drivers\STM32F7xx_HAL_Driver\stm32f7xx_hal_qspi.o
                0x08001d00                HAL_QSPI_IRQHandler
 .text.HAL_RCC_OscConfig
                0x08001ec0      0x328 Drivers\STM32F7xx_HAL_Driver\stm32f7xx_hal_rcc.o
                0x08001ec0                HAL_RCC_OscConfig
 .text.HAL_RCC_GetSysClockFreq
                0x080021e8       0x5c Drivers\STM32F7xx_HAL_Driver\stm32f7xx_hal_rcc.o
                0x080021e8                HAL_RCC_GetSysClockFreq
 .text.HAL_RCC_ClockConfig
                0x08002244      0x13c Drivers\STM32F7xx_HAL_Driver\stm32f7xx_hal_rcc.o
                0x08002244                HAL_RCC_ClockConfig
 .text.HAL_RCC_GetHCLKFreq
                0x08002380        0xc Drivers\STM32F7xx_HAL_Driver\stm32f7xx_hal_rcc.o
                0x08002380                HAL_RCC_GetHCLKFreq
 .text.HAL_RCC_GetPCLK1Freq
                0x0800238c       0x20 Drivers\STM32F7xx_HAL_Driver\stm32f7xx_hal_rcc.o
                0x0800238c                HAL_RCC_GetPCLK1Freq
 .text.HAL_RCC_GetPCLK2Freq
                0x080023ac       0x20 Drivers\STM32F7xx_HAL_Driver\stm32f7xx_hal_rcc.o
                0x080023ac                HAL_RCC_GetPCLK2Freq
 .text.HAL_RCC_GetClockConfig
                0x080023cc       0x3c Drivers\STM32F7xx_HAL_Driver\stm32f7xx_hal_rcc.o
                0x080023cc                HAL_RCC_GetClockConfig
 .text.HAL_RCCEx_PeriphCLKConfig
                0x08002408      0x51c Drivers\STM32F7xx_HAL_Driver\stm32f7xx_hal_rcc_ex.o
                0x08002408                HAL_RCCEx_PeriphCLKConfig
 .text.HAL_SPI_Init
                0x08002924       0xaa Drivers\STM32F7xx_HAL_Driver\stm32f7xx_hal_spi.o
                0x08002924                HAL_SPI_Init
 .text.HAL_SPI_ErrorCallback
                0x080029ce        0x2 Drivers\STM32F7xx_HAL_Driver\stm32f7xx_hal_spi.o
                0x080029ce                HAL_SPI_ErrorCallback
 .text.HAL_SPI_IRQHandler
                0x080029d0       0xe4 Drivers\STM32F7xx_HAL_Driver\stm32f7xx_hal_spi.o
                0x080029d0                HAL_SPI_IRQHandler
 .text.SPI_DMAAbortOnError
                0x08002ab4       0x12 Drivers\STM32F7xx_HAL_Driver\stm32f7xx_hal_spi.o
 .text.HAL_TIM_Base_MspInit
                0x08002ac6        0x2 Drivers\STM32F7xx_HAL_Driver\stm32f7xx_hal_tim.o
                0x08002ac6                HAL_TIM_Base_MspInit
 .text.HAL_TIM_Base_Start_IT
                0x08002ac8       0x16 Drivers\STM32F7xx_HAL_Driver\stm32f7xx_hal_tim.o
                0x08002ac8                HAL_TIM_Base_Start_IT
 .text.HAL_TIM_OC_DelayElapsedCallback
                0x08002ade        0x2 Drivers\STM32F7xx_HAL_Driver\stm32f7xx_hal_tim.o
                0x08002ade                HAL_TIM_OC_DelayElapsedCallback
 .text.HAL_TIM_IC_CaptureCallback
                0x08002ae0        0x2 Drivers\STM32F7xx_HAL_Driver\stm32f7xx_hal_tim.o
                0x08002ae0                HAL_TIM_IC_CaptureCallback
 .text.HAL_TIM_PWM_PulseFinishedCallback
                0x08002ae2        0x2 Drivers\STM32F7xx_HAL_Driver\stm32f7xx_hal_tim.o
                0x08002ae2                HAL_TIM_PWM_PulseFinishedCallback
 .text.HAL_TIM_TriggerCallback
                0x08002ae4        0x2 Drivers\STM32F7xx_HAL_Driver\stm32f7xx_hal_tim.o
                0x08002ae4                HAL_TIM_TriggerCallback
 .text.HAL_TIM_IRQHandler
                0x08002ae6      0x160 Drivers\STM32F7xx_HAL_Driver\stm32f7xx_hal_tim.o
                0x08002ae6                HAL_TIM_IRQHandler
 *fill*         0x08002c46        0x2 
 .text.TIM_Base_SetConfig
                0x08002c48       0xd0 Drivers\STM32F7xx_HAL_Driver\stm32f7xx_hal_tim.o
                0x08002c48                TIM_Base_SetConfig
 .text.HAL_TIM_Base_Init
                0x08002d18       0x34 Drivers\STM32F7xx_HAL_Driver\stm32f7xx_hal_tim.o
                0x08002d18                HAL_TIM_Base_Init
 .text.HAL_TIMEx_CommutationCallback
                0x08002d4c        0x2 Drivers\STM32F7xx_HAL_Driver\stm32f7xx_hal_tim_ex.o
                0x08002d4c                HAL_TIMEx_CommutationCallback
 .text.HAL_TIMEx_BreakCallback
                0x08002d4e        0x2 Drivers\STM32F7xx_HAL_Driver\stm32f7xx_hal_tim_ex.o
                0x08002d4e                HAL_TIMEx_BreakCallback
 .text.UART_EndRxTransfer
                0x08002d50       0x1a Drivers\STM32F7xx_HAL_Driver\stm32f7xx_hal_uart.o
 .text.UART_WaitOnFlagUntilTimeout
                0x08002d6a       0x62 Drivers\STM32F7xx_HAL_Driver\stm32f7xx_hal_uart.o
                0x08002d6a                UART_WaitOnFlagUntilTimeout
 .text.HAL_UART_TxCpltCallback
                0x08002dcc        0x2 Drivers\STM32F7xx_HAL_Driver\stm32f7xx_hal_uart.o
                0x08002dcc                HAL_UART_TxCpltCallback
 .text.HAL_UART_RxCpltCallback
                0x08002dce        0x2 Drivers\STM32F7xx_HAL_Driver\stm32f7xx_hal_uart.o
                0x08002dce                HAL_UART_RxCpltCallback
 .text.UART_Receive_IT
                0x08002dd0       0x6e Drivers\STM32F7xx_HAL_Driver\stm32f7xx_hal_uart.o
 .text.HAL_UART_ErrorCallback
                0x08002e3e        0x2 Drivers\STM32F7xx_HAL_Driver\stm32f7xx_hal_uart.o
                0x08002e3e                HAL_UART_ErrorCallback
 .text.HAL_UART_IRQHandler
                0x08002e40      0x15c Drivers\STM32F7xx_HAL_Driver\stm32f7xx_hal_uart.o
                0x08002e40                HAL_UART_IRQHandler
 .text.UART_DMAAbortOnError
                0x08002f9c       0x14 Drivers\STM32F7xx_HAL_Driver\stm32f7xx_hal_uart.o
 .text.UART_SetConfig
                0x08002fb0      0x290 Drivers\STM32F7xx_HAL_Driver\stm32f7xx_hal_uart.o
                0x08002fb0                UART_SetConfig
 .text.UART_AdvFeatureConfig
                0x08003240       0xaa Drivers\STM32F7xx_HAL_Driver\stm32f7xx_hal_uart.o
                0x08003240                UART_AdvFeatureConfig
 .text.UART_CheckIdleState
                0x080032ea       0x44 Drivers\STM32F7xx_HAL_Driver\stm32f7xx_hal_uart.o
                0x080032ea                UART_CheckIdleState
 .text.HAL_UART_Init
                0x0800332e       0x64 Drivers\STM32F7xx_HAL_Driver\stm32f7xx_hal_uart.o
                0x0800332e                HAL_UART_Init
 *fill*         0x08003392        0x2 
 .text.USB_CoreReset
                0x08003394       0x30 Drivers\STM32F7xx_HAL_Driver\stm32f7xx_ll_usb.o
 .text.USB_CoreInit
                0x080033c4       0x76 Drivers\STM32F7xx_HAL_Driver\stm32f7xx_ll_usb.o
                0x080033c4                USB_CoreInit
 .text.USB_EnableGlobalInt
                0x0800343a        0xc Drivers\STM32F7xx_HAL_Driver\stm32f7xx_ll_usb.o
                0x0800343a                USB_EnableGlobalInt
 .text.USB_DisableGlobalInt
                0x08003446        0xc Drivers\STM32F7xx_HAL_Driver\stm32f7xx_ll_usb.o
                0x08003446                USB_DisableGlobalInt
 .text.USB_SetCurrentMode
                0x08003452       0x2e Drivers\STM32F7xx_HAL_Driver\stm32f7xx_ll_usb.o
                0x08003452                USB_SetCurrentMode
 .text.USB_FlushTxFifo
                0x08003480       0x24 Drivers\STM32F7xx_HAL_Driver\stm32f7xx_ll_usb.o
                0x08003480                USB_FlushTxFifo
 .text.USB_FlushRxFifo
                0x080034a4       0x20 Drivers\STM32F7xx_HAL_Driver\stm32f7xx_ll_usb.o
                0x080034a4                USB_FlushRxFifo
 .text.USB_SetDevSpeed
                0x080034c4        0xe Drivers\STM32F7xx_HAL_Driver\stm32f7xx_ll_usb.o
                0x080034c4                USB_SetDevSpeed
 *fill*         0x080034d2        0x2 
 .text.USB_DevInit
                0x080034d4      0x170 Drivers\STM32F7xx_HAL_Driver\stm32f7xx_ll_usb.o
                0x080034d4                USB_DevInit
 .text.USB_GetDevSpeed
                0x08003644       0x1c Drivers\STM32F7xx_HAL_Driver\stm32f7xx_ll_usb.o
                0x08003644                USB_GetDevSpeed
 .text.USB_ActivateEndpoint
                0x08003660       0x82 Drivers\STM32F7xx_HAL_Driver\stm32f7xx_ll_usb.o
                0x08003660                USB_ActivateEndpoint
 *fill*         0x080036e2        0x2 
 .text.USB_DeactivateEndpoint
                0x080036e4       0x64 Drivers\STM32F7xx_HAL_Driver\stm32f7xx_ll_usb.o
                0x080036e4                USB_DeactivateEndpoint
 .text.USB_EP0StartXfer
                0x08003748      0x100 Drivers\STM32F7xx_HAL_Driver\stm32f7xx_ll_usb.o
                0x08003748                USB_EP0StartXfer
 .text.USB_WritePacket
                0x08003848       0x28 Drivers\STM32F7xx_HAL_Driver\stm32f7xx_ll_usb.o
                0x08003848                USB_WritePacket
 .text.USB_EPStartXfer
                0x08003870      0x1a4 Drivers\STM32F7xx_HAL_Driver\stm32f7xx_ll_usb.o
                0x08003870                USB_EPStartXfer
 .text.USB_ReadPacket
                0x08003a14       0x1c Drivers\STM32F7xx_HAL_Driver\stm32f7xx_ll_usb.o
                0x08003a14                USB_ReadPacket
 .text.USB_EPSetStall
                0x08003a30       0x5a Drivers\STM32F7xx_HAL_Driver\stm32f7xx_ll_usb.o
                0x08003a30                USB_EPSetStall
 .text.USB_EPClearStall
                0x08003a8a       0x56 Drivers\STM32F7xx_HAL_Driver\stm32f7xx_ll_usb.o
                0x08003a8a                USB_EPClearStall
 .text.USB_SetDevAddress
                0x08003ae0       0x20 Drivers\STM32F7xx_HAL_Driver\stm32f7xx_ll_usb.o
                0x08003ae0                USB_SetDevAddress
 .text.USB_DevConnect
                0x08003b00       0x18 Drivers\STM32F7xx_HAL_Driver\stm32f7xx_ll_usb.o
                0x08003b00                USB_DevConnect
 .text.USB_DevDisconnect
                0x08003b18       0x18 Drivers\STM32F7xx_HAL_Driver\stm32f7xx_ll_usb.o
                0x08003b18                USB_DevDisconnect
 .text.USB_ReadInterrupts
                0x08003b30        0x8 Drivers\STM32F7xx_HAL_Driver\stm32f7xx_ll_usb.o
                0x08003b30                USB_ReadInterrupts
 .text.USB_ReadDevAllOutEpInterrupt
                0x08003b38       0x10 Drivers\STM32F7xx_HAL_Driver\stm32f7xx_ll_usb.o
                0x08003b38                USB_ReadDevAllOutEpInterrupt
 .text.USB_ReadDevAllInEpInterrupt
                0x08003b48       0x10 Drivers\STM32F7xx_HAL_Driver\stm32f7xx_ll_usb.o
                0x08003b48                USB_ReadDevAllInEpInterrupt
 .text.USB_ReadDevOutEPInterrupt
                0x08003b58       0x12 Drivers\STM32F7xx_HAL_Driver\stm32f7xx_ll_usb.o
                0x08003b58                USB_ReadDevOutEPInterrupt
 .text.USB_ReadDevInEPInterrupt
                0x08003b6a       0x24 Drivers\STM32F7xx_HAL_Driver\stm32f7xx_ll_usb.o
                0x08003b6a                USB_ReadDevInEPInterrupt
 .text.USB_GetMode
                0x08003b8e        0x8 Drivers\STM32F7xx_HAL_Driver\stm32f7xx_ll_usb.o
                0x08003b8e                USB_GetMode
 .text.USB_ActivateSetup
                0x08003b96       0x36 Drivers\STM32F7xx_HAL_Driver\stm32f7xx_ll_usb.o
                0x08003b96                USB_ActivateSetup
 .text.USB_EP0_OutStart
                0x08003bcc       0x40 Drivers\STM32F7xx_HAL_Driver\stm32f7xx_ll_usb.o
                0x08003bcc                USB_EP0_OutStart
 .text.osKernelStart
                0x08003c0c        0xa Middlewares\FreeRTOS\cmsis_os.o
                0x08003c0c                osKernelStart
 .text.osThreadCreate
                0x08003c16       0x30 Middlewares\FreeRTOS\cmsis_os.o
                0x08003c16                osThreadCreate
 .text.osDelay  0x08003c46       0x10 Middlewares\FreeRTOS\cmsis_os.o
                0x08003c46                osDelay
 .text.osSystickHandler
                0x08003c56       0x14 Middlewares\FreeRTOS\cmsis_os.o
                0x08003c56                osSystickHandler
 *fill*         0x08003c6a        0x2 
 .text.unlikely.prvInsertBlockIntoFreeList
                0x08003c6c       0x48 Middlewares\FreeRTOS\heap_4.o
 .text.pvPortMalloc
                0x08003cb4      0x124 Middlewares\FreeRTOS\heap_4.o
                0x08003cb4                pvPortMalloc
 .text.vPortFree
                0x08003dd8       0x78 Middlewares\FreeRTOS\heap_4.o
                0x08003dd8                vPortFree
 .text.vListInitialise
                0x08003e50       0x16 Middlewares\FreeRTOS\list.o
                0x08003e50                vListInitialise
 .text.vListInitialiseItem
                0x08003e66        0x6 Middlewares\FreeRTOS\list.o
                0x08003e66                vListInitialiseItem
 .text.vListInsertEnd
                0x08003e6c       0x18 Middlewares\FreeRTOS\list.o
                0x08003e6c                vListInsertEnd
 .text.vListInsert
                0x08003e84       0x2e Middlewares\FreeRTOS\list.o
                0x08003e84                vListInsert
 .text.uxListRemove
                0x08003eb2       0x20 Middlewares\FreeRTOS\list.o
                0x08003eb2                uxListRemove
 *fill*         0x08003ed2        0x2 
 .text.prvTaskExitError
                0x08003ed4       0x38 Middlewares\FreeRTOS\port.o
 .text.prvPortStartFirstTask
                0x08003f0c       0x20 Middlewares\FreeRTOS\port.o
 .text.vPortEnableVFP
                0x08003f2c       0x14 Middlewares\FreeRTOS\port.o
 .text.pxPortInitialiseStack
                0x08003f40       0x24 Middlewares\FreeRTOS\port.o
                0x08003f40                pxPortInitialiseStack
 *fill*         0x08003f64        0xc 
 .text.SVC_Handler
                0x08003f70       0x24 Middlewares\FreeRTOS\port.o
                0x08003f70                SVC_Handler
 .text.vPortEnterCritical
                0x08003f94       0x4c Middlewares\FreeRTOS\port.o
                0x08003f94                vPortEnterCritical
 .text.vPortExitCritical
                0x08003fe0       0x2c Middlewares\FreeRTOS\port.o
                0x08003fe0                vPortExitCritical
 *fill*         0x0800400c        0x4 
 .text.PendSV_Handler
                0x08004010       0x64 Middlewares\FreeRTOS\port.o
                0x08004010                PendSV_Handler
 .text.xPortSysTickHandler
                0x08004074       0x30 Middlewares\FreeRTOS\port.o
                0x08004074                xPortSysTickHandler
 .text.vPortSetupTimerInterrupt
                0x080040a4       0x28 Middlewares\FreeRTOS\port.o
                0x080040a4                vPortSetupTimerInterrupt
 .text.xPortStartScheduler
                0x080040cc       0xa8 Middlewares\FreeRTOS\port.o
                0x080040cc                xPortStartScheduler
 .text.prvResetNextTaskUnblockTime
                0x08004174       0x24 Middlewares\FreeRTOS\tasks.o
 .text.prvAddCurrentTaskToDelayedList
                0x08004198       0x8c Middlewares\FreeRTOS\tasks.o
 .text.xTaskCreate
                0x08004224      0x1a0 Middlewares\FreeRTOS\tasks.o
                0x08004224                xTaskCreate
 .text.vTaskStartScheduler
                0x080043c4       0x80 Middlewares\FreeRTOS\tasks.o
                0x080043c4                vTaskStartScheduler
 .text.vTaskSuspendAll
                0x08004444       0x10 Middlewares\FreeRTOS\tasks.o
                0x08004444                vTaskSuspendAll
 .text.xTaskIncrementTick
                0x08004454      0x128 Middlewares\FreeRTOS\tasks.o
                0x08004454                xTaskIncrementTick
 .text.xTaskResumeAll
                0x0800457c       0xf4 Middlewares\FreeRTOS\tasks.o
                0x0800457c                xTaskResumeAll
 .text.vTaskDelay
                0x08004670       0x4c Middlewares\FreeRTOS\tasks.o
                0x08004670                vTaskDelay
 .text.prvIdleTask
                0x080046bc       0x74 Middlewares\FreeRTOS\tasks.o
 .text.vTaskSwitchContext
                0x08004730       0x78 Middlewares\FreeRTOS\tasks.o
                0x08004730                vTaskSwitchContext
 .text.xTaskGetSchedulerState
                0x080047a8       0x20 Middlewares\FreeRTOS\tasks.o
                0x080047a8                xTaskGetSchedulerState
 .text.USBD_CDC_EP0_RxReady
                0x080047c8       0x28 Middlewares\USB_Device_Library\usbd_cdc.o
 .text.USBD_CDC_GetFSCfgDesc
                0x080047f0        0xc Middlewares\USB_Device_Library\usbd_cdc.o
 .text.USBD_CDC_GetHSCfgDesc
                0x080047fc        0xc Middlewares\USB_Device_Library\usbd_cdc.o
 .text.USBD_CDC_GetOtherSpeedCfgDesc
                0x08004808        0xc Middlewares\USB_Device_Library\usbd_cdc.o
 .text.USBD_CDC_GetDeviceQualifierDescriptor
                0x08004814        0xc Middlewares\USB_Device_Library\usbd_cdc.o
                0x08004814                USBD_CDC_GetDeviceQualifierDescriptor
 .text.USBD_CDC_DataOut
                0x08004820       0x2e Middlewares\USB_Device_Library\usbd_cdc.o
 .text.USBD_CDC_DataIn
                0x0800484e       0x42 Middlewares\USB_Device_Library\usbd_cdc.o
 .text.USBD_CDC_Setup
                0x08004890       0xbc Middlewares\USB_Device_Library\usbd_cdc.o
 .text.USBD_CDC_DeInit
                0x0800494c       0x42 Middlewares\USB_Device_Library\usbd_cdc.o
 .text.USBD_CDC_Init
                0x0800498e       0xaa Middlewares\USB_Device_Library\usbd_cdc.o
 .text.USBD_CDC_RegisterInterface
                0x08004a38        0xe Middlewares\USB_Device_Library\usbd_cdc.o
                0x08004a38                USBD_CDC_RegisterInterface
 .text.USBD_CDC_SetTxBuffer
                0x08004a46       0x10 Middlewares\USB_Device_Library\usbd_cdc.o
                0x08004a46                USBD_CDC_SetTxBuffer
 .text.USBD_CDC_SetRxBuffer
                0x08004a56        0xc Middlewares\USB_Device_Library\usbd_cdc.o
                0x08004a56                USBD_CDC_SetRxBuffer
 .text.USBD_CDC_TransmitPacket
                0x08004a62       0x32 Middlewares\USB_Device_Library\usbd_cdc.o
                0x08004a62                USBD_CDC_TransmitPacket
 .text.USBD_CDC_ReceivePacket
                0x08004a94       0x26 Middlewares\USB_Device_Library\usbd_cdc.o
                0x08004a94                USBD_CDC_ReceivePacket
 .text.USBD_Init
                0x08004aba       0x2a Middlewares\USB_Device_Library\usbd_core.o
                0x08004aba                USBD_Init
 .text.USBD_RegisterClass
                0x08004ae4        0xe Middlewares\USB_Device_Library\usbd_core.o
                0x08004ae4                USBD_RegisterClass
 .text.USBD_Start
                0x08004af2        0xa Middlewares\USB_Device_Library\usbd_core.o
                0x08004af2                USBD_Start
 .text.USBD_SetClassConfig
                0x08004afc       0x16 Middlewares\USB_Device_Library\usbd_core.o
                0x08004afc                USBD_SetClassConfig
 .text.USBD_ClrClassConfig
                0x08004b12        0xe Middlewares\USB_Device_Library\usbd_core.o
                0x08004b12                USBD_ClrClassConfig
 .text.USBD_LL_SetupStage
                0x08004b20       0x5a Middlewares\USB_Device_Library\usbd_core.o
                0x08004b20                USBD_LL_SetupStage
 .text.USBD_LL_DataOutStage
                0x08004b7a       0x70 Middlewares\USB_Device_Library\usbd_core.o
                0x08004b7a                USBD_LL_DataOutStage
 .text.USBD_LL_DataInStage
                0x08004bea       0xb6 Middlewares\USB_Device_Library\usbd_core.o
                0x08004bea                USBD_LL_DataInStage
 .text.USBD_LL_Reset
                0x08004ca0       0x4e Middlewares\USB_Device_Library\usbd_core.o
                0x08004ca0                USBD_LL_Reset
 .text.USBD_LL_SetSpeed
                0x08004cee        0x6 Middlewares\USB_Device_Library\usbd_core.o
                0x08004cee                USBD_LL_SetSpeed
 .text.USBD_LL_Suspend
                0x08004cf4       0x12 Middlewares\USB_Device_Library\usbd_core.o
                0x08004cf4                USBD_LL_Suspend
 .text.USBD_LL_Resume
                0x08004d06        0xc Middlewares\USB_Device_Library\usbd_core.o
                0x08004d06                USBD_LL_Resume
 .text.USBD_LL_SOF
                0x08004d12       0x18 Middlewares\USB_Device_Library\usbd_core.o
                0x08004d12                USBD_LL_SOF
 .text.USBD_LL_IsoINIncomplete
                0x08004d2a        0x4 Middlewares\USB_Device_Library\usbd_core.o
                0x08004d2a                USBD_LL_IsoINIncomplete
 .text.USBD_LL_IsoOUTIncomplete
                0x08004d2e        0x4 Middlewares\USB_Device_Library\usbd_core.o
                0x08004d2e                USBD_LL_IsoOUTIncomplete
 .text.USBD_LL_DevConnected
                0x08004d32        0x4 Middlewares\USB_Device_Library\usbd_core.o
                0x08004d32                USBD_LL_DevConnected
 .text.USBD_LL_DevDisconnected
                0x08004d36       0x16 Middlewares\USB_Device_Library\usbd_core.o
                0x08004d36                USBD_LL_DevDisconnected
 .text.USBD_CtlError.constprop.1
                0x08004d4c       0x16 Middlewares\USB_Device_Library\usbd_ctlreq.o
 *fill*         0x08004d62        0x2 
 .text.USBD_StdDevReq
                0x08004d64      0x244 Middlewares\USB_Device_Library\usbd_ctlreq.o
                0x08004d64                USBD_StdDevReq
 .text.USBD_StdItfReq
                0x08004fa8       0x4a Middlewares\USB_Device_Library\usbd_ctlreq.o
                0x08004fa8                USBD_StdItfReq
 .text.USBD_StdEPReq
                0x08004ff2      0x114 Middlewares\USB_Device_Library\usbd_ctlreq.o
                0x08004ff2                USBD_StdEPReq
 .text.USBD_ParseSetupRequest
                0x08005106       0x28 Middlewares\USB_Device_Library\usbd_ctlreq.o
                0x08005106                USBD_ParseSetupRequest
 .text.USBD_CtlError
                0x0800512e       0x16 Middlewares\USB_Device_Library\usbd_ctlreq.o
                0x0800512e                USBD_CtlError
 .text.USBD_GetString
                0x08005144       0x38 Middlewares\USB_Device_Library\usbd_ctlreq.o
                0x08005144                USBD_GetString
 .text.USBD_CtlSendData
                0x0800517c       0x1a Middlewares\USB_Device_Library\usbd_ioreq.o
                0x0800517c                USBD_CtlSendData
 .text.USBD_CtlContinueSendData
                0x08005196       0x10 Middlewares\USB_Device_Library\usbd_ioreq.o
                0x08005196                USBD_CtlContinueSendData
 .text.USBD_CtlPrepareRx
                0x080051a6       0x1e Middlewares\USB_Device_Library\usbd_ioreq.o
                0x080051a6                USBD_CtlPrepareRx
 .text.USBD_CtlContinueRx
                0x080051c4       0x10 Middlewares\USB_Device_Library\usbd_ioreq.o
                0x080051c4                USBD_CtlContinueRx
 .text.USBD_CtlSendStatus
                0x080051d4       0x16 Middlewares\USB_Device_Library\usbd_ioreq.o
                0x080051d4                USBD_CtlSendStatus
 .text.USBD_CtlReceiveStatus
                0x080051ea       0x16 Middlewares\USB_Device_Library\usbd_ioreq.o
                0x080051ea                USBD_CtlReceiveStatus
 .text.initBuffMan
                0x08005200       0x12 Src\buffers.o
                0x08005200                initBuffMan
 .text.available
                0x08005212       0x20 Src\buffers.o
                0x08005212                available
 .text.insert   0x08005232       0x2c Src\buffers.o
                0x08005232                insert
 .text.read     0x0800525e       0x2c Src\buffers.o
                0x0800525e                read
 .text.StartDefaultTask
                0x0800528a        0xe Src\freertos.o
                0x0800528a                StartDefaultTask
 .text.MX_FREERTOS_Init
                0x08005298       0x28 Src\freertos.o
                0x08005298                MX_FREERTOS_Init
 .text.MX_GPIO_Init
                0x080052c0       0xf0 Src\gpio.o
                0x080052c0                MX_GPIO_Init
 .text.MX_I2C1_Init
                0x080053b0       0x68 Src\i2c.o
                0x080053b0                MX_I2C1_Init
 .text.MX_I2C2_Init
                0x08005418       0x68 Src\i2c.o
                0x08005418                MX_I2C2_Init
 .text.HAL_I2C_MspInit
                0x08005480       0xcc Src\i2c.o
                0x08005480                HAL_I2C_MspInit
 .text.Buffer_Task
                0x0800554c       0x8c Src\main.o
                0x0800554c                Buffer_Task
 .text.SystemClock_Config
                0x080055d8       0xd0 Src\main.o
                0x080055d8                SystemClock_Config
 .text.startup.main
                0x080056a8       0x68 Src\main.o
                0x080056a8                main
 .text.HAL_TIM_PeriodElapsedCallback
                0x08005710       0x14 Src\main.o
                0x08005710                HAL_TIM_PeriodElapsedCallback
 .text._Error_Handler
                0x08005724        0x2 Src\main.o
                0x08005724                _Error_Handler
 *fill*         0x08005726        0x2 
 .text.MX_QUADSPI_Init
                0x08005728       0x3c Src\quadspi.o
                0x08005728                MX_QUADSPI_Init
 .text.HAL_QSPI_MspInit
                0x08005764       0xe8 Src\quadspi.o
                0x08005764                HAL_QSPI_MspInit
 .text.MX_SPI1_Init
                0x0800584c       0x58 Src\spi.o
                0x0800584c                MX_SPI1_Init
 .text.MX_SPI2_Init
                0x080058a4       0x54 Src\spi.o
                0x080058a4                MX_SPI2_Init
 .text.MX_SPI3_Init
                0x080058f8       0x58 Src\spi.o
                0x080058f8                MX_SPI3_Init
 .text.MX_SPI4_Init
                0x08005950       0x58 Src\spi.o
                0x08005950                MX_SPI4_Init
 .text.MX_SPI6_Init
                0x080059a8       0x58 Src\spi.o
                0x080059a8                MX_SPI6_Init
 .text.HAL_SPI_MspInit
                0x08005a00      0x1f8 Src\spi.o
                0x08005a00                HAL_SPI_MspInit
 .text.HAL_MspInit
                0x08005bf8       0xcc Src\stm32f7xx_hal_msp.o
                0x08005bf8                HAL_MspInit
 .text.HAL_InitTick
                0x08005cc4       0x78 Src\stm32f7xx_hal_timebase_TIM.o
                0x08005cc4                HAL_InitTick
 .text.NMI_Handler
                0x08005d3c        0x2 Src\stm32f7xx_it.o
                0x08005d3c                NMI_Handler
 .text.HardFault_Handler
                0x08005d3e        0x2 Src\stm32f7xx_it.o
                0x08005d3e                HardFault_Handler
 .text.MemManage_Handler
                0x08005d40        0x2 Src\stm32f7xx_it.o
                0x08005d40                MemManage_Handler
 .text.BusFault_Handler
                0x08005d42        0x2 Src\stm32f7xx_it.o
                0x08005d42                BusFault_Handler
 .text.UsageFault_Handler
                0x08005d44        0x2 Src\stm32f7xx_it.o
                0x08005d44                UsageFault_Handler
 .text.DebugMon_Handler
                0x08005d46        0x2 Src\stm32f7xx_it.o
                0x08005d46                DebugMon_Handler
 .text.SysTick_Handler
                0x08005d48        0x4 Src\stm32f7xx_it.o
                0x08005d48                SysTick_Handler
 .text.PVD_IRQHandler
                0x08005d4c        0x4 Src\stm32f7xx_it.o
                0x08005d4c                PVD_IRQHandler
 .text.FLASH_IRQHandler
                0x08005d50        0x4 Src\stm32f7xx_it.o
                0x08005d50                FLASH_IRQHandler
 .text.RCC_IRQHandler
                0x08005d54        0x2 Src\stm32f7xx_it.o
                0x08005d54                RCC_IRQHandler
 *fill*         0x08005d56        0x2 
 .text.I2C1_EV_IRQHandler
                0x08005d58        0xc Src\stm32f7xx_it.o
                0x08005d58                I2C1_EV_IRQHandler
 .text.I2C1_ER_IRQHandler
                0x08005d64        0xc Src\stm32f7xx_it.o
                0x08005d64                I2C1_ER_IRQHandler
 .text.I2C2_EV_IRQHandler
                0x08005d70        0xc Src\stm32f7xx_it.o
                0x08005d70                I2C2_EV_IRQHandler
 .text.I2C2_ER_IRQHandler
                0x08005d7c        0xc Src\stm32f7xx_it.o
                0x08005d7c                I2C2_ER_IRQHandler
 .text.SPI1_IRQHandler
                0x08005d88        0xc Src\stm32f7xx_it.o
                0x08005d88                SPI1_IRQHandler
 .text.SPI2_IRQHandler
                0x08005d94        0xc Src\stm32f7xx_it.o
                0x08005d94                SPI2_IRQHandler
 .text.USART1_IRQHandler
                0x08005da0        0xc Src\stm32f7xx_it.o
                0x08005da0                USART1_IRQHandler
 .text.SPI3_IRQHandler
                0x08005dac        0xc Src\stm32f7xx_it.o
                0x08005dac                SPI3_IRQHandler
 .text.UART4_IRQHandler
                0x08005db8        0xc Src\stm32f7xx_it.o
                0x08005db8                UART4_IRQHandler
 .text.UART5_IRQHandler
                0x08005dc4        0xc Src\stm32f7xx_it.o
                0x08005dc4                UART5_IRQHandler
 .text.TIM7_IRQHandler
                0x08005dd0        0xc Src\stm32f7xx_it.o
                0x08005dd0                TIM7_IRQHandler
 .text.OTG_FS_IRQHandler
                0x08005ddc        0xc Src\stm32f7xx_it.o
                0x08005ddc                OTG_FS_IRQHandler
 .text.FPU_IRQHandler
                0x08005de8        0x2 Src\stm32f7xx_it.o
                0x08005de8                FPU_IRQHandler
 *fill*         0x08005dea        0x2 
 .text.UART8_IRQHandler
                0x08005dec        0xc Src\stm32f7xx_it.o
                0x08005dec                UART8_IRQHandler
 .text.SPI4_IRQHandler
                0x08005df8        0xc Src\stm32f7xx_it.o
                0x08005df8                SPI4_IRQHandler
 .text.SPI6_IRQHandler
                0x08005e04        0xc Src\stm32f7xx_it.o
                0x08005e04                SPI6_IRQHandler
 .text.QUADSPI_IRQHandler
                0x08005e10        0xc Src\stm32f7xx_it.o
                0x08005e10                QUADSPI_IRQHandler
 .text.SystemInit
                0x08005e1c       0x4c Src\system_stm32f7xx.o
                0x08005e1c                SystemInit
 .text.MX_UART4_Init
                0x08005e68       0x44 Src\usart.o
                0x08005e68                MX_UART4_Init
 .text.MX_UART5_Init
                0x08005eac       0x44 Src\usart.o
                0x08005eac                MX_UART5_Init
 .text.MX_UART8_Init
                0x08005ef0       0x44 Src\usart.o
                0x08005ef0                MX_UART8_Init
 .text.MX_USART1_UART_Init
                0x08005f34       0x44 Src\usart.o
                0x08005f34                MX_USART1_UART_Init
 .text.HAL_UART_MspInit
                0x08005f78      0x15c Src\usart.o
                0x08005f78                HAL_UART_MspInit
 .text.MX_USB_DEVICE_Init
                0x080060d4       0x38 Src\usb_device.o
                0x080060d4                MX_USB_DEVICE_Init
 .text.CDC_DeInit_FS
                0x0800610c        0x4 Src\usbd_cdc_if.o
 .text.CDC_Receive_FS
                0x08006110       0x38 Src\usbd_cdc_if.o
 .text.CDC_Init_FS
                0x08006148       0x50 Src\usbd_cdc_if.o
 .text.CDC_Control_FS
                0x08006198       0x3c Src\usbd_cdc_if.o
 .text.CDC_Transmit_FS
                0x080061d4       0x2c Src\usbd_cdc_if.o
                0x080061d4                CDC_Transmit_FS
 .text.HAL_PCD_MspInit
                0x08006200       0x80 Src\usbd_conf.o
                0x08006200                HAL_PCD_MspInit
 .text.HAL_PCD_SetupStageCallback
                0x08006280        0xc Src\usbd_conf.o
                0x08006280                HAL_PCD_SetupStageCallback
 .text.HAL_PCD_DataOutStageCallback
                0x0800628c       0x12 Src\usbd_conf.o
                0x0800628c                HAL_PCD_DataOutStageCallback
 .text.HAL_PCD_DataInStageCallback
                0x0800629e       0x10 Src\usbd_conf.o
                0x0800629e                HAL_PCD_DataInStageCallback
 .text.HAL_PCD_SOFCallback
                0x080062ae        0x8 Src\usbd_conf.o
                0x080062ae                HAL_PCD_SOFCallback
 .text.HAL_PCD_ResetCallback
                0x080062b6       0x20 Src\usbd_conf.o
                0x080062b6                HAL_PCD_ResetCallback
 *fill*         0x080062d6        0x2 
 .text.HAL_PCD_SuspendCallback
                0x080062d8       0x30 Src\usbd_conf.o
                0x080062d8                HAL_PCD_SuspendCallback
 .text.HAL_PCD_ResumeCallback
                0x08006308        0x8 Src\usbd_conf.o
                0x08006308                HAL_PCD_ResumeCallback
 .text.HAL_PCD_ISOOUTIncompleteCallback
                0x08006310        0x8 Src\usbd_conf.o
                0x08006310                HAL_PCD_ISOOUTIncompleteCallback
 .text.HAL_PCD_ISOINIncompleteCallback
                0x08006318        0x8 Src\usbd_conf.o
                0x08006318                HAL_PCD_ISOINIncompleteCallback
 .text.HAL_PCD_ConnectCallback
                0x08006320        0x8 Src\usbd_conf.o
                0x08006320                HAL_PCD_ConnectCallback
 .text.HAL_PCD_DisconnectCallback
                0x08006328        0x8 Src\usbd_conf.o
                0x08006328                HAL_PCD_DisconnectCallback
 .text.USBD_LL_Init
                0x08006330       0x6c Src\usbd_conf.o
                0x08006330                USBD_LL_Init
 .text.USBD_LL_Start
                0x0800639c       0x1c Src\usbd_conf.o
                0x0800639c                USBD_LL_Start
 .text.USBD_LL_OpenEP
                0x080063b8       0x20 Src\usbd_conf.o
                0x080063b8                USBD_LL_OpenEP
 .text.USBD_LL_CloseEP
                0x080063d8       0x1c Src\usbd_conf.o
                0x080063d8                USBD_LL_CloseEP
 .text.USBD_LL_StallEP
                0x080063f4       0x1c Src\usbd_conf.o
                0x080063f4                USBD_LL_StallEP
 .text.USBD_LL_ClearStallEP
                0x08006410       0x1c Src\usbd_conf.o
                0x08006410                USBD_LL_ClearStallEP
 .text.USBD_LL_IsStallEP
                0x0800642c       0x26 Src\usbd_conf.o
                0x0800642c                USBD_LL_IsStallEP
 *fill*         0x08006452        0x2 
 .text.USBD_LL_SetUSBAddress
                0x08006454       0x1c Src\usbd_conf.o
                0x08006454                USBD_LL_SetUSBAddress
 .text.USBD_LL_Transmit
                0x08006470       0x1c Src\usbd_conf.o
                0x08006470                USBD_LL_Transmit
 .text.USBD_LL_PrepareReceive
                0x0800648c       0x1c Src\usbd_conf.o
                0x0800648c                USBD_LL_PrepareReceive
 .text.USBD_LL_GetRxDataSize
                0x080064a8        0xc Src\usbd_conf.o
                0x080064a8                USBD_LL_GetRxDataSize
 .text.HAL_PCDEx_LPM_Callback
                0x080064b4       0x64 Src\usbd_conf.o
                0x080064b4                HAL_PCDEx_LPM_Callback
 .text.USBD_FS_DeviceDescriptor
                0x08006518        0xc Src\usbd_desc.o
                0x08006518                USBD_FS_DeviceDescriptor
 .text.USBD_FS_LangIDStrDescriptor
                0x08006524        0xc Src\usbd_desc.o
                0x08006524                USBD_FS_LangIDStrDescriptor
 .text.USBD_FS_USR_BOSDescriptor
                0x08006530        0xc Src\usbd_desc.o
                0x08006530                USBD_FS_USR_BOSDescriptor
 .text.USBD_FS_ManufacturerStrDescriptor
                0x0800653c       0x1c Src\usbd_desc.o
                0x0800653c                USBD_FS_ManufacturerStrDescriptor
 .text.USBD_FS_ProductStrDescriptor
                0x08006558       0x1c Src\usbd_desc.o
                0x08006558                USBD_FS_ProductStrDescriptor
 .text.USBD_FS_SerialStrDescriptor
                0x08006574       0x1c Src\usbd_desc.o
                0x08006574                USBD_FS_SerialStrDescriptor
 .text.USBD_FS_ConfigStrDescriptor
                0x08006590       0x1c Src\usbd_desc.o
                0x08006590                USBD_FS_ConfigStrDescriptor
 .text.USBD_FS_InterfaceStrDescriptor
                0x080065ac       0x1c Src\usbd_desc.o
                0x080065ac                USBD_FS_InterfaceStrDescriptor
 .text.Reset_Handler
                0x080065c8       0x50 startup\startup_stm32f765xx.o
                0x080065c8                Reset_Handler
 .text.Default_Handler
                0x08006618        0x2 startup\startup_stm32f765xx.o
                0x08006618                RTC_Alarm_IRQHandler
                0x08006618                EXTI2_IRQHandler
                0x08006618                TIM8_CC_IRQHandler
                0x08006618                TIM1_CC_IRQHandler
                0x08006618                DMA2_Stream5_IRQHandler
                0x08006618                DMA1_Stream5_IRQHandler
                0x08006618                CAN3_RX1_IRQHandler
                0x08006618                TAMP_STAMP_IRQHandler
                0x08006618                CAN2_RX1_IRQHandler
                0x08006618                EXTI3_IRQHandler
                0x08006618                TIM8_TRG_COM_TIM14_IRQHandler
                0x08006618                DFSDM1_FLT1_IRQHandler
                0x08006618                TIM1_UP_TIM10_IRQHandler
                0x08006618                TIM8_UP_TIM13_IRQHandler
                0x08006618                I2C3_ER_IRQHandler
                0x08006618                DFSDM1_FLT2_IRQHandler
                0x08006618                EXTI0_IRQHandler
                0x08006618                DMA1_Stream2_IRQHandler
                0x08006618                CAN1_RX0_IRQHandler
                0x08006618                OTG_HS_WKUP_IRQHandler
                0x08006618                CAN3_SCE_IRQHandler
                0x08006618                CAN2_SCE_IRQHandler
                0x08006618                DMA2_Stream2_IRQHandler
                0x08006618                TIM6_DAC_IRQHandler
                0x08006618                TIM1_BRK_TIM9_IRQHandler
                0x08006618                DCMI_IRQHandler
                0x08006618                CAN2_RX0_IRQHandler
                0x08006618                DMA2_Stream3_IRQHandler
                0x08006618                SAI2_IRQHandler
                0x08006618                DFSDM1_FLT3_IRQHandler
                0x08006618                USART6_IRQHandler
                0x08006618                CAN3_RX0_IRQHandler
                0x08006618                USART3_IRQHandler
                0x08006618                CAN1_RX1_IRQHandler
                0x08006618                DMA2_Stream0_IRQHandler
                0x08006618                TIM4_IRQHandler
                0x08006618                DMA1_Stream6_IRQHandler
                0x08006618                DMA1_Stream1_IRQHandler
                0x08006618                TIM3_IRQHandler
                0x08006618                TIM8_BRK_TIM12_IRQHandler
                0x08006618                Default_Handler
                0x08006618                CEC_IRQHandler
                0x08006618                EXTI15_10_IRQHandler
                0x08006618                ADC_IRQHandler
                0x08006618                DMA1_Stream7_IRQHandler
                0x08006618                SPI5_IRQHandler
                0x08006618                SDMMC1_IRQHandler
                0x08006618                CAN2_TX_IRQHandler
                0x08006618                TIM5_IRQHandler
                0x08006618                DMA2_Stream7_IRQHandler
                0x08006618                I2C3_EV_IRQHandler
                0x08006618                EXTI9_5_IRQHandler
                0x08006618                RTC_WKUP_IRQHandler
                0x08006618                ETH_WKUP_IRQHandler
                0x08006618                SPDIF_RX_IRQHandler
                0x08006618                OTG_HS_EP1_IN_IRQHandler
                0x08006618                DMA1_Stream0_IRQHandler
                0x08006618                CAN1_TX_IRQHandler
                0x08006618                EXTI4_IRQHandler
                0x08006618                RNG_IRQHandler
                0x08006618                ETH_IRQHandler
                0x08006618                OTG_HS_EP1_OUT_IRQHandler
                0x08006618                WWDG_IRQHandler
                0x08006618                MDIOS_IRQHandler
                0x08006618                I2C4_EV_IRQHandler
                0x08006618                CAN3_TX_IRQHandler
                0x08006618                TIM2_IRQHandler
                0x08006618                OTG_FS_WKUP_IRQHandler
                0x08006618                TIM1_TRG_COM_TIM11_IRQHandler
                0x08006618                OTG_HS_IRQHandler
                0x08006618                DMA2D_IRQHandler
                0x08006618                EXTI1_IRQHandler
                0x08006618                SDMMC2_IRQHandler
                0x08006618                UART7_IRQHandler
                0x08006618                USART2_IRQHandler
                0x08006618                DFSDM1_FLT0_IRQHandler
                0x08006618                DMA2_Stream1_IRQHandler
                0x08006618                CAN1_SCE_IRQHandler
                0x08006618                DMA2_Stream4_IRQHandler
                0x08006618                DMA1_Stream4_IRQHandler
                0x08006618                FMC_IRQHandler
                0x08006618                LPTIM1_IRQHandler
                0x08006618                I2C4_ER_IRQHandler
                0x08006618                DMA2_Stream6_IRQHandler
                0x08006618                SAI1_IRQHandler
                0x08006618                DMA1_Stream3_IRQHandler
 *fill*         0x0800661a        0x2 
 .text.__libc_init_array
                0x0800661c       0x48 c:/program files (x86)/atollic/truestudio for stm32 9.0.0/armtools/bin/../lib/gcc/arm-atollic-eabi/6.3.1/../../../../arm-atollic-eabi/lib/armv7e-m/fpu/fpv5-d16\libc_nano.a(lib_a-init.o)
                0x0800661c                __libc_init_array
 .text.malloc   0x08006664       0x10 c:/program files (x86)/atollic/truestudio for stm32 9.0.0/armtools/bin/../lib/gcc/arm-atollic-eabi/6.3.1/../../../../arm-atollic-eabi/lib/armv7e-m/fpu/fpv5-d16\libc_nano.a(lib_a-malloc.o)
                0x08006664                malloc
 .text.free     0x08006674       0x10 c:/program files (x86)/atollic/truestudio for stm32 9.0.0/armtools/bin/../lib/gcc/arm-atollic-eabi/6.3.1/../../../../arm-atollic-eabi/lib/armv7e-m/fpu/fpv5-d16\libc_nano.a(lib_a-malloc.o)
                0x08006674                free
 .text._free_r  0x08006684       0x9c c:/program files (x86)/atollic/truestudio for stm32 9.0.0/armtools/bin/../lib/gcc/arm-atollic-eabi/6.3.1/../../../../arm-atollic-eabi/lib/armv7e-m/fpu/fpv5-d16\libc_nano.a(lib_a-nano-freer.o)
                0x08006684                _free_r
 .text._malloc_r
                0x08006720       0xbc c:/program files (x86)/atollic/truestudio for stm32 9.0.0/armtools/bin/../lib/gcc/arm-atollic-eabi/6.3.1/../../../../arm-atollic-eabi/lib/armv7e-m/fpu/fpv5-d16\libc_nano.a(lib_a-nano-mallocr.o)
                0x08006720                _malloc_r
 .text._sbrk_r  0x080067dc       0x20 c:/program files (x86)/atollic/truestudio for stm32 9.0.0/armtools/bin/../lib/gcc/arm-atollic-eabi/6.3.1/../../../../arm-atollic-eabi/lib/armv7e-m/fpu/fpv5-d16\libc_nano.a(lib_a-sbrkr.o)
                0x080067dc                _sbrk_r
 .text.__malloc_lock
                0x080067fc        0x2 c:/program files (x86)/atollic/truestudio for stm32 9.0.0/armtools/bin/../lib/gcc/arm-atollic-eabi/6.3.1/../../../../arm-atollic-eabi/lib/armv7e-m/fpu/fpv5-d16\libc_nano.a(lib_a-mlock.o)
                0x080067fc                __malloc_lock
 .text.__malloc_unlock
                0x080067fe        0x2 c:/program files (x86)/atollic/truestudio for stm32 9.0.0/armtools/bin/../lib/gcc/arm-atollic-eabi/6.3.1/../../../../arm-atollic-eabi/lib/armv7e-m/fpu/fpv5-d16\libc_nano.a(lib_a-mlock.o)
                0x080067fe                __malloc_unlock
 .text._sbrk    0x08006800       0x1c c:/program files (x86)/atollic/truestudio for stm32 9.0.0/armtools/bin/../lib/gcc/arm-atollic-eabi/6.3.1/../../../../arm-atollic-eabi/lib/armv7e-m/fpu/fpv5-d16\libnosys.a(sbrk.o)
                0x08006800                _sbrk
 *(.glue_7)
 .glue_7        0x0800681c        0x0 linker stubs
 *(.glue_7t)
 .glue_7t       0x0800681c        0x0 linker stubs
 *(.eh_frame)
 .eh_frame      0x0800681c        0x0 c:/program files (x86)/atollic/truestudio for stm32 9.0.0/armtools/bin/../lib/gcc/arm-atollic-eabi/6.3.1/armv7e-m/fpu/fpv5-d16/crtbegin.o
 *(.init)
 .init          0x0800681c        0x4 c:/program files (x86)/atollic/truestudio for stm32 9.0.0/armtools/bin/../lib/gcc/arm-atollic-eabi/6.3.1/armv7e-m/fpu/fpv5-d16/crti.o
                0x0800681c                _init
 .init          0x08006820        0x8 c:/program files (x86)/atollic/truestudio for stm32 9.0.0/armtools/bin/../lib/gcc/arm-atollic-eabi/6.3.1/armv7e-m/fpu/fpv5-d16/crtn.o
 *(.fini)
 .fini          0x08006828        0x4 c:/program files (x86)/atollic/truestudio for stm32 9.0.0/armtools/bin/../lib/gcc/arm-atollic-eabi/6.3.1/armv7e-m/fpu/fpv5-d16/crti.o
                0x08006828                _fini
 .fini          0x0800682c        0x8 c:/program files (x86)/atollic/truestudio for stm32 9.0.0/armtools/bin/../lib/gcc/arm-atollic-eabi/6.3.1/armv7e-m/fpu/fpv5-d16/crtn.o
                0x08006834                . = ALIGN (0x4)
                0x08006834                _etext = .

.vfp11_veneer   0x08006834        0x0
 .vfp11_veneer  0x08006834        0x0 linker stubs

.v4_bx          0x08006834        0x0
 .v4_bx         0x08006834        0x0 linker stubs

.iplt           0x08006834        0x0
 .iplt          0x08006834        0x0 c:/program files (x86)/atollic/truestudio for stm32 9.0.0/armtools/bin/../lib/gcc/arm-atollic-eabi/6.3.1/armv7e-m/fpu/fpv5-d16/crtbegin.o

.rodata         0x08006834       0xf8
                0x08006834                . = ALIGN (0x4)
 *(.rodata)
 .rodata        0x08006834       0x14 Src\freertos.o
 *(.rodata*)
 .rodata.CSWTCH.38
                0x08006848        0x4 Drivers\STM32F7xx_HAL_Driver\stm32f7xx_hal_uart.o
 .rodata.CSWTCH.39
                0x0800684c        0xd Drivers\STM32F7xx_HAL_Driver\stm32f7xx_hal_uart.o
 .rodata.vTaskStartScheduler.str1.1
                0x08006859        0x5 Middlewares\FreeRTOS\tasks.o
 .rodata.str1.1
                0x0800685e        0xc Src\freertos.o
 .rodata.MX_I2C1_Init.str1.1
                0x0800686a        0xd Src\i2c.o
 .rodata.main.str1.1
                0x08006877        0x7 Src\main.o
 .rodata.MX_QUADSPI_Init.str1.1
                0x0800687e       0x11 Src\quadspi.o
 .rodata.MX_SPI1_Init.str1.1
                0x0800688f        0xd Src\spi.o
 .rodata.AHBPrescTable
                0x0800689c       0x10 Src\system_stm32f7xx.o
                0x0800689c                AHBPrescTable
 .rodata.APBPrescTable
                0x080068ac        0x8 Src\system_stm32f7xx.o
                0x080068ac                APBPrescTable
 .rodata.MX_UART4_Init.str1.1
                0x080068b4        0xf Src\usart.o
 .rodata.CSWTCH.41
                0x080068c3        0x4 Src\usbd_conf.o
 .rodata.USBD_LL_Init.str1.1
                0x080068c7       0x13 Src\usbd_conf.o
 .rodata.USBD_FS_ConfigStrDescriptor.str1.1
                0x080068da        0xb Src\usbd_desc.o
 .rodata.USBD_FS_InterfaceStrDescriptor.str1.1
                0x080068e5        0xe Src\usbd_desc.o
 .rodata.USBD_FS_ManufacturerStrDescriptor.str1.1
                0x080068f3       0x13 Src\usbd_desc.o
 .rodata.USBD_FS_ProductStrDescriptor.str1.1
                0x08006906       0x16 Src\usbd_desc.o
 .rodata.USBD_FS_SerialStrDescriptor.str1.1
                0x0800691c        0xd Src\usbd_desc.o
                0x0800692c                . = ALIGN (0x4)
 *fill*         0x08006929        0x3 

.ARM.extab
 *(.ARM.extab* .gnu.linkonce.armextab.*)

.ARM            0x0800692c        0x8
                0x0800692c                __exidx_start = .
 *(.ARM.exidx*)
 .ARM.exidx     0x0800692c        0x8 c:/program files (x86)/atollic/truestudio for stm32 9.0.0/armtools/bin/../lib/gcc/arm-atollic-eabi/6.3.1/armv7e-m/fpu/fpv5-d16\libgcc.a(_udivmoddi4.o)
                0x08006934                __exidx_end = .

.rel.dyn        0x08006934        0x0
 .rel.iplt      0x08006934        0x0 c:/program files (x86)/atollic/truestudio for stm32 9.0.0/armtools/bin/../lib/gcc/arm-atollic-eabi/6.3.1/armv7e-m/fpu/fpv5-d16/crtbegin.o

.preinit_array  0x08006934        0x0
                0x08006934                PROVIDE (__preinit_array_start, .)
 *(.preinit_array*)
                0x08006934                PROVIDE (__preinit_array_end, .)

.init_array     0x08006934        0x4
                0x08006934                PROVIDE (__init_array_start, .)
 *(SORT(.init_array.*))
 *(.init_array*)
 .init_array    0x08006934        0x4 c:/program files (x86)/atollic/truestudio for stm32 9.0.0/armtools/bin/../lib/gcc/arm-atollic-eabi/6.3.1/armv7e-m/fpu/fpv5-d16/crtbegin.o
                0x08006938                PROVIDE (__init_array_end, .)

.fini_array     0x08006938        0x4
                [!provide]                PROVIDE (__fini_array_start, .)
 *(SORT(.fini_array.*))
 *(.fini_array*)
 .fini_array    0x08006938        0x4 c:/program files (x86)/atollic/truestudio for stm32 9.0.0/armtools/bin/../lib/gcc/arm-atollic-eabi/6.3.1/armv7e-m/fpu/fpv5-d16/crtbegin.o
                [!provide]                PROVIDE (__fini_array_end, .)
                0x0800693c                _sidata = LOADADDR (.data)

.data           0x20000000      0x1dc load address 0x0800693c
                0x20000000                . = ALIGN (0x4)
                0x20000000                _sdata = .
 *(.data)
 *(.data*)
 .data.uwTickFreq
                0x20000000        0x1 Drivers\STM32F7xx_HAL_Driver\stm32f7xx_hal.o
                0x20000000                uwTickFreq
 *fill*         0x20000001        0x3 
 .data.uxCriticalNesting
                0x20000004        0x4 Middlewares\FreeRTOS\port.o
 .data.USBD_CDC
                0x20000008       0x38 Middlewares\USB_Device_Library\usbd_cdc.o
                0x20000008                USBD_CDC
 .data.USBD_CDC_CfgFSDesc
                0x20000040       0x43 Middlewares\USB_Device_Library\usbd_cdc.o
                0x20000040                USBD_CDC_CfgFSDesc
 *fill*         0x20000083        0x1 
 .data.USBD_CDC_CfgHSDesc
                0x20000084       0x43 Middlewares\USB_Device_Library\usbd_cdc.o
                0x20000084                USBD_CDC_CfgHSDesc
 *fill*         0x200000c7        0x1 
 .data.USBD_CDC_DeviceQualifierDesc
                0x200000c8        0xa Middlewares\USB_Device_Library\usbd_cdc.o
 *fill*         0x200000d2        0x2 
 .data.USBD_CDC_OtherSpeedCfgDesc
                0x200000d4       0x43 Middlewares\USB_Device_Library\usbd_cdc.o
                0x200000d4                USBD_CDC_OtherSpeedCfgDesc
 *fill*         0x20000117        0x1 
 .data.SystemCoreClock
                0x20000118        0x4 Src\system_stm32f7xx.o
                0x20000118                SystemCoreClock
 .data.USBD_Interface_fops_FS
                0x2000011c       0x10 Src\usbd_cdc_if.o
                0x2000011c                USBD_Interface_fops_FS
 .data.currlinecode
                0x2000012c        0x7 Src\usbd_cdc_if.o
                0x2000012c                currlinecode
 *fill*         0x20000133        0x1 
 .data.FS_Desc  0x20000134       0x20 Src\usbd_desc.o
                0x20000134                FS_Desc
 .data.USBD_FS_BOSDesc
                0x20000154        0xc Src\usbd_desc.o
                0x20000154                USBD_FS_BOSDesc
 .data.USBD_FS_DeviceDesc
                0x20000160       0x12 Src\usbd_desc.o
                0x20000160                USBD_FS_DeviceDesc
 *fill*         0x20000172        0x2 
 .data.USBD_LangIDDesc
                0x20000174        0x4 Src\usbd_desc.o
                0x20000174                USBD_LangIDDesc
 .data._impure_ptr
                0x20000178        0x4 c:/program files (x86)/atollic/truestudio for stm32 9.0.0/armtools/bin/../lib/gcc/arm-atollic-eabi/6.3.1/../../../../arm-atollic-eabi/lib/armv7e-m/fpu/fpv5-d16\libc_nano.a(lib_a-impure.o)
                0x20000178                _impure_ptr
 .data.impure_data
                0x2000017c       0x60 c:/program files (x86)/atollic/truestudio for stm32 9.0.0/armtools/bin/../lib/gcc/arm-atollic-eabi/6.3.1/../../../../arm-atollic-eabi/lib/armv7e-m/fpu/fpv5-d16\libc_nano.a(lib_a-impure.o)
                0x200001dc                . = ALIGN (0x4)
                0x200001dc                _edata = .

.igot.plt       0x200001dc        0x0 load address 0x08006b18
 .igot.plt      0x200001dc        0x0 c:/program files (x86)/atollic/truestudio for stm32 9.0.0/armtools/bin/../lib/gcc/arm-atollic-eabi/6.3.1/armv7e-m/fpu/fpv5-d16/crtbegin.o
                0x200001dc                . = ALIGN (0x4)

.bss            0x200001dc     0x5d40 load address 0x08006b18
                0x200001dc                _sbss = .
                0x200001dc                __bss_start__ = _sbss
 *(.bss)
 .bss           0x200001dc       0x1c c:/program files (x86)/atollic/truestudio for stm32 9.0.0/armtools/bin/../lib/gcc/arm-atollic-eabi/6.3.1/armv7e-m/fpu/fpv5-d16/crtbegin.o
 *(.bss*)
 .bss.pxEnd     0x200001f8        0x4 Middlewares\FreeRTOS\heap_4.o
 .bss.ucHeap    0x200001fc     0x3c00 Middlewares\FreeRTOS\heap_4.o
 .bss.xBlockAllocatedBit
                0x20003dfc        0x4 Middlewares\FreeRTOS\heap_4.o
 .bss.xFreeBytesRemaining
                0x20003e00        0x4 Middlewares\FreeRTOS\heap_4.o
 .bss.xMinimumEverFreeBytesRemaining
                0x20003e04        0x4 Middlewares\FreeRTOS\heap_4.o
 .bss.xStart    0x20003e08        0x8 Middlewares\FreeRTOS\heap_4.o
 .bss.ucMaxSysCallPriority
                0x20003e10        0x1 Middlewares\FreeRTOS\port.o
 *fill*         0x20003e11        0x3 
 .bss.ulMaxPRIGROUPValue
                0x20003e14        0x4 Middlewares\FreeRTOS\port.o
 .bss.pxCurrentTCB
                0x20003e18        0x4 Middlewares\FreeRTOS\tasks.o
                0x20003e18                pxCurrentTCB
 .bss.pxDelayedTaskList
                0x20003e1c        0x4 Middlewares\FreeRTOS\tasks.o
 .bss.pxOverflowDelayedTaskList
                0x20003e20        0x4 Middlewares\FreeRTOS\tasks.o
 .bss.pxReadyTasksLists
                0x20003e24       0x8c Middlewares\FreeRTOS\tasks.o
 .bss.uxCurrentNumberOfTasks
                0x20003eb0        0x4 Middlewares\FreeRTOS\tasks.o
 .bss.uxDeletedTasksWaitingCleanUp
                0x20003eb4        0x4 Middlewares\FreeRTOS\tasks.o
 .bss.uxPendedTicks
                0x20003eb8        0x4 Middlewares\FreeRTOS\tasks.o
 .bss.uxSchedulerSuspended
                0x20003ebc        0x4 Middlewares\FreeRTOS\tasks.o
 .bss.uxTaskNumber
                0x20003ec0        0x4 Middlewares\FreeRTOS\tasks.o
 .bss.uxTopReadyPriority
                0x20003ec4        0x4 Middlewares\FreeRTOS\tasks.o
 .bss.xDelayedTaskList1
                0x20003ec8       0x14 Middlewares\FreeRTOS\tasks.o
 .bss.xDelayedTaskList2
                0x20003edc       0x14 Middlewares\FreeRTOS\tasks.o
 .bss.xIdleTaskHandle
                0x20003ef0        0x4 Middlewares\FreeRTOS\tasks.o
 .bss.xNextTaskUnblockTime
                0x20003ef4        0x4 Middlewares\FreeRTOS\tasks.o
 .bss.xNumOfOverflows
                0x20003ef8        0x4 Middlewares\FreeRTOS\tasks.o
 .bss.xPendingReadyList
                0x20003efc       0x14 Middlewares\FreeRTOS\tasks.o
 .bss.xSchedulerRunning
                0x20003f10        0x4 Middlewares\FreeRTOS\tasks.o
 .bss.xSuspendedTaskList
                0x20003f14       0x14 Middlewares\FreeRTOS\tasks.o
 .bss.xTasksWaitingTermination
                0x20003f28       0x14 Middlewares\FreeRTOS\tasks.o
 .bss.xTickCount
                0x20003f3c        0x4 Middlewares\FreeRTOS\tasks.o
 .bss.xYieldPending
                0x20003f40        0x4 Middlewares\FreeRTOS\tasks.o
 .bss.cfgidx.11013
                0x20003f44        0x1 Middlewares\USB_Device_Library\usbd_ctlreq.o
 *fill*         0x20003f45        0x3 
 .bss.Buffer_Task_Handle
                0x20003f48        0x4 Src\main.o
                0x20003f48                Buffer_Task_Handle
 .bss.__malloc_free_list
                0x20003f4c        0x4 c:/program files (x86)/atollic/truestudio for stm32 9.0.0/armtools/bin/../lib/gcc/arm-atollic-eabi/6.3.1/../../../../arm-atollic-eabi/lib/armv7e-m/fpu/fpv5-d16\libc_nano.a(lib_a-nano-mallocr.o)
                0x20003f4c                __malloc_free_list
 .bss.__malloc_sbrk_start
                0x20003f50        0x4 c:/program files (x86)/atollic/truestudio for stm32 9.0.0/armtools/bin/../lib/gcc/arm-atollic-eabi/6.3.1/../../../../arm-atollic-eabi/lib/armv7e-m/fpu/fpv5-d16\libc_nano.a(lib_a-nano-mallocr.o)
                0x20003f50                __malloc_sbrk_start
 .bss.heap_end.5239
                0x20003f54        0x4 c:/program files (x86)/atollic/truestudio for stm32 9.0.0/armtools/bin/../lib/gcc/arm-atollic-eabi/6.3.1/../../../../arm-atollic-eabi/lib/armv7e-m/fpu/fpv5-d16\libnosys.a(sbrk.o)
 *(COMMON)
 COMMON         0x20003f58        0x4 Drivers\STM32F7xx_HAL_Driver\stm32f7xx_hal.o
                0x20003f58                uwTick
 COMMON         0x20003f5c       0x1c Drivers\STM32F7xx_HAL_Driver\stm32f7xx_hal_flash.o
                0x20003f5c                pFlash
 COMMON         0x20003f78        0x4 Src\freertos.o
                0x20003f78                defaultTaskHandle
 COMMON         0x20003f7c       0x98 Src\i2c.o
                0x20003f7c                hi2c1
                0x20003fc8                hi2c2
 COMMON         0x20004014      0x228 Src\main.o
                0x20004014                rxman
                0x20004028                txbuff
                0x20004128                rxbuff
                0x20004228                txman
 COMMON         0x2000423c       0x4c Src\quadspi.o
                0x2000423c                hqspi
 COMMON         0x20004288      0x1f4 Src\spi.o
                0x20004288                hspi2
                0x200042ec                hspi6
                0x20004350                hspi3
                0x200043b4                hspi4
                0x20004418                hspi1
 COMMON         0x2000447c       0x40 Src\stm32f7xx_hal_timebase_TIM.o
                0x2000447c                htim7
 COMMON         0x200044bc      0x1c0 Src\usart.o
                0x200044bc                huart5
                0x2000452c                huart1
                0x2000459c                huart8
                0x2000460c                huart4
 COMMON         0x2000467c      0x29c Src\usb_device.o
                0x2000467c                hUsbDeviceFS
 COMMON         0x20004918     0x1000 Src\usbd_cdc_if.o
                0x20004918                UserRxBufferFS
                0x20005118                UserTxBufferFS
 COMMON         0x20005918      0x400 Src\usbd_conf.o
                0x20005918                hpcd_USB_OTG_FS
 COMMON         0x20005d18      0x200 Src\usbd_desc.o
                0x20005d18                USBD_StrDesc
 COMMON         0x20005f18        0x4 c:/program files (x86)/atollic/truestudio for stm32 9.0.0/armtools/bin/../lib/gcc/arm-atollic-eabi/6.3.1/../../../../arm-atollic-eabi/lib/armv7e-m/fpu/fpv5-d16\libc_nano.a(lib_a-reent.o)
                0x20005f18                errno
                0x20005f1c                . = ALIGN (0x4)
                0x20005f1c                _ebss = .
                0x20005f1c                __bss_end__ = _ebss

._user_heap_stack
                0x20005f1c      0x600 load address 0x08006b18
                0x20005f1c                . = ALIGN (0x4)
                0x20005f1c                PROVIDE (end, .)
                [!provide]                PROVIDE (_end, .)
                0x2000611c                . = (. + _Min_Heap_Size)
 *fill*         0x20005f1c      0x200 
                0x2000651c                . = (. + _Min_Stack_Size)
 *fill*         0x2000611c      0x400 
                0x2000651c                . = ALIGN (0x4)

/DISCARD/
 libc.a(*)
 libm.a(*)
 libgcc.a(*)

.ARM.attributes
                0x00000000       0x2e
 *(.ARM.attributes)
 .ARM.attributes
                0x00000000       0x20 c:/program files (x86)/atollic/truestudio for stm32 9.0.0/armtools/bin/../lib/gcc/arm-atollic-eabi/6.3.1/armv7e-m/fpu/fpv5-d16/crti.o
 .ARM.attributes
                0x00000020       0x32 c:/program files (x86)/atollic/truestudio for stm32 9.0.0/armtools/bin/../lib/gcc/arm-atollic-eabi/6.3.1/armv7e-m/fpu/fpv5-d16/crtbegin.o
 .ARM.attributes
                0x00000052       0x37 Drivers\STM32F7xx_HAL_Driver\stm32f7xx_hal.o
 .ARM.attributes
                0x00000089       0x37 Drivers\STM32F7xx_HAL_Driver\stm32f7xx_hal_cortex.o
 .ARM.attributes
                0x000000c0       0x37 Drivers\STM32F7xx_HAL_Driver\stm32f7xx_hal_dma.o
 .ARM.attributes
                0x000000f7       0x37 Drivers\STM32F7xx_HAL_Driver\stm32f7xx_hal_flash.o
 .ARM.attributes
                0x0000012e       0x37 Drivers\STM32F7xx_HAL_Driver\stm32f7xx_hal_flash_ex.o
 .ARM.attributes
                0x00000165       0x37 Drivers\STM32F7xx_HAL_Driver\stm32f7xx_hal_gpio.o
 .ARM.attributes
                0x0000019c       0x37 Drivers\STM32F7xx_HAL_Driver\stm32f7xx_hal_i2c.o
 .ARM.attributes
                0x000001d3       0x37 Drivers\STM32F7xx_HAL_Driver\stm32f7xx_hal_i2c_ex.o
 .ARM.attributes
                0x0000020a       0x37 Drivers\STM32F7xx_HAL_Driver\stm32f7xx_hal_pcd.o
 .ARM.attributes
                0x00000241       0x37 Drivers\STM32F7xx_HAL_Driver\stm32f7xx_hal_pcd_ex.o
 .ARM.attributes
                0x00000278       0x37 Drivers\STM32F7xx_HAL_Driver\stm32f7xx_hal_pwr.o
 .ARM.attributes
                0x000002af       0x37 Drivers\STM32F7xx_HAL_Driver\stm32f7xx_hal_pwr_ex.o
 .ARM.attributes
                0x000002e6       0x37 Drivers\STM32F7xx_HAL_Driver\stm32f7xx_hal_qspi.o
 .ARM.attributes
                0x0000031d       0x37 Drivers\STM32F7xx_HAL_Driver\stm32f7xx_hal_rcc.o
 .ARM.attributes
                0x00000354       0x37 Drivers\STM32F7xx_HAL_Driver\stm32f7xx_hal_rcc_ex.o
 .ARM.attributes
                0x0000038b       0x37 Drivers\STM32F7xx_HAL_Driver\stm32f7xx_hal_spi.o
 .ARM.attributes
                0x000003c2       0x37 Drivers\STM32F7xx_HAL_Driver\stm32f7xx_hal_tim.o
 .ARM.attributes
                0x000003f9       0x37 Drivers\STM32F7xx_HAL_Driver\stm32f7xx_hal_tim_ex.o
 .ARM.attributes
                0x00000430       0x37 Drivers\STM32F7xx_HAL_Driver\stm32f7xx_hal_uart.o
 .ARM.attributes
                0x00000467       0x37 Drivers\STM32F7xx_HAL_Driver\stm32f7xx_ll_usb.o
 .ARM.attributes
                0x0000049e       0x37 Middlewares\FreeRTOS\cmsis_os.o
 .ARM.attributes
                0x000004d5       0x37 Middlewares\FreeRTOS\heap_4.o
 .ARM.attributes
                0x0000050c       0x37 Middlewares\FreeRTOS\list.o
 .ARM.attributes
                0x00000543       0x37 Middlewares\FreeRTOS\port.o
 .ARM.attributes
                0x0000057a       0x37 Middlewares\FreeRTOS\tasks.o
 .ARM.attributes
                0x000005b1       0x37 Middlewares\USB_Device_Library\usbd_cdc.o
 .ARM.attributes
                0x000005e8       0x37 Middlewares\USB_Device_Library\usbd_core.o
 .ARM.attributes
                0x0000061f       0x37 Middlewares\USB_Device_Library\usbd_ctlreq.o
 .ARM.attributes
                0x00000656       0x37 Middlewares\USB_Device_Library\usbd_ioreq.o
 .ARM.attributes
                0x0000068d       0x37 Src\buffers.o
 .ARM.attributes
                0x000006c4       0x37 Src\freertos.o
 .ARM.attributes
                0x000006fb       0x37 Src\gpio.o
 .ARM.attributes
                0x00000732       0x37 Src\i2c.o
 .ARM.attributes
                0x00000769       0x37 Src\main.o
 .ARM.attributes
                0x000007a0       0x37 Src\quadspi.o
 .ARM.attributes
                0x000007d7       0x37 Src\spi.o
 .ARM.attributes
                0x0000080e       0x37 Src\stm32f7xx_hal_msp.o
 .ARM.attributes
                0x00000845       0x37 Src\stm32f7xx_hal_timebase_TIM.o
 .ARM.attributes
                0x0000087c       0x37 Src\stm32f7xx_it.o
 .ARM.attributes
                0x000008b3       0x37 Src\system_stm32f7xx.o
 .ARM.attributes
                0x000008ea       0x37 Src\usart.o
 .ARM.attributes
                0x00000921       0x37 Src\usb_device.o
 .ARM.attributes
                0x00000958       0x37 Src\usbd_cdc_if.o
 .ARM.attributes
                0x0000098f       0x37 Src\usbd_conf.o
 .ARM.attributes
                0x000009c6       0x37 Src\usbd_desc.o
 .ARM.attributes
                0x000009fd       0x21 startup\startup_stm32f765xx.o
 .ARM.attributes
                0x00000a1e       0x32 c:/program files (x86)/atollic/truestudio for stm32 9.0.0/armtools/bin/../lib/gcc/arm-atollic-eabi/6.3.1/../../../../arm-atollic-eabi/lib/armv7e-m/fpu/fpv5-d16\libc_nano.a(lib_a-init.o)
 .ARM.attributes
                0x00000a50       0x32 c:/program files (x86)/atollic/truestudio for stm32 9.0.0/armtools/bin/../lib/gcc/arm-atollic-eabi/6.3.1/../../../../arm-atollic-eabi/lib/armv7e-m/fpu/fpv5-d16\libc_nano.a(lib_a-malloc.o)
 .ARM.attributes
                0x00000a82       0x32 c:/program files (x86)/atollic/truestudio for stm32 9.0.0/armtools/bin/../lib/gcc/arm-atollic-eabi/6.3.1/../../../../arm-atollic-eabi/lib/armv7e-m/fpu/fpv5-d16\libc_nano.a(lib_a-nano-freer.o)
 .ARM.attributes
                0x00000ab4       0x32 c:/program files (x86)/atollic/truestudio for stm32 9.0.0/armtools/bin/../lib/gcc/arm-atollic-eabi/6.3.1/../../../../arm-atollic-eabi/lib/armv7e-m/fpu/fpv5-d16\libc_nano.a(lib_a-nano-mallocr.o)
 .ARM.attributes
                0x00000ae6       0x32 c:/program files (x86)/atollic/truestudio for stm32 9.0.0/armtools/bin/../lib/gcc/arm-atollic-eabi/6.3.1/../../../../arm-atollic-eabi/lib/armv7e-m/fpu/fpv5-d16\libc_nano.a(lib_a-sbrkr.o)
 .ARM.attributes
                0x00000b18       0x32 c:/program files (x86)/atollic/truestudio for stm32 9.0.0/armtools/bin/../lib/gcc/arm-atollic-eabi/6.3.1/../../../../arm-atollic-eabi/lib/armv7e-m/fpu/fpv5-d16\libc_nano.a(lib_a-impure.o)
 .ARM.attributes
                0x00000b4a       0x32 c:/program files (x86)/atollic/truestudio for stm32 9.0.0/armtools/bin/../lib/gcc/arm-atollic-eabi/6.3.1/../../../../arm-atollic-eabi/lib/armv7e-m/fpu/fpv5-d16\libc_nano.a(lib_a-mlock.o)
 .ARM.attributes
                0x00000b7c       0x32 c:/program files (x86)/atollic/truestudio for stm32 9.0.0/armtools/bin/../lib/gcc/arm-atollic-eabi/6.3.1/../../../../arm-atollic-eabi/lib/armv7e-m/fpu/fpv5-d16\libc_nano.a(lib_a-reent.o)
 .ARM.attributes
                0x00000bae       0x20 c:/program files (x86)/atollic/truestudio for stm32 9.0.0/armtools/bin/../lib/gcc/arm-atollic-eabi/6.3.1/armv7e-m/fpu/fpv5-d16\libgcc.a(_aeabi_uldivmod.o)
 .ARM.attributes
                0x00000bce       0x32 c:/program files (x86)/atollic/truestudio for stm32 9.0.0/armtools/bin/../lib/gcc/arm-atollic-eabi/6.3.1/armv7e-m/fpu/fpv5-d16\libgcc.a(_udivmoddi4.o)
 .ARM.attributes
                0x00000c00       0x20 c:/program files (x86)/atollic/truestudio for stm32 9.0.0/armtools/bin/../lib/gcc/arm-atollic-eabi/6.3.1/armv7e-m/fpu/fpv5-d16\libgcc.a(_dvmd_tls.o)
 .ARM.attributes
                0x00000c20       0x32 c:/program files (x86)/atollic/truestudio for stm32 9.0.0/armtools/bin/../lib/gcc/arm-atollic-eabi/6.3.1/../../../../arm-atollic-eabi/lib/armv7e-m/fpu/fpv5-d16\libnosys.a(sbrk.o)
 .ARM.attributes
                0x00000c52       0x20 c:/program files (x86)/atollic/truestudio for stm32 9.0.0/armtools/bin/../lib/gcc/arm-atollic-eabi/6.3.1/armv7e-m/fpu/fpv5-d16/crtn.o
OUTPUT(CDC_USB.elf elf32-littlearm)

.debug_info     0x00000000    0x41d18
 .debug_info    0x00000000     0x12f1 Drivers\STM32F7xx_HAL_Driver\stm32f7xx_hal.o
 .debug_info    0x000012f1     0x1996 Drivers\STM32F7xx_HAL_Driver\stm32f7xx_hal_cortex.o
 .debug_info    0x00002c87     0x125c Drivers\STM32F7xx_HAL_Driver\stm32f7xx_hal_dma.o
 .debug_info    0x00003ee3      0xf75 Drivers\STM32F7xx_HAL_Driver\stm32f7xx_hal_flash.o
 .debug_info    0x00004e58     0x123a Drivers\STM32F7xx_HAL_Driver\stm32f7xx_hal_flash_ex.o
 .debug_info    0x00006092      0xfbc Drivers\STM32F7xx_HAL_Driver\stm32f7xx_hal_gpio.o
 .debug_info    0x0000704e     0x394a Drivers\STM32F7xx_HAL_Driver\stm32f7xx_hal_i2c.o
 .debug_info    0x0000a998     0x11b6 Drivers\STM32F7xx_HAL_Driver\stm32f7xx_hal_i2c_ex.o
 .debug_info    0x0000bb4e     0x1e1d Drivers\STM32F7xx_HAL_Driver\stm32f7xx_hal_pcd.o
 .debug_info    0x0000d96b      0xfd1 Drivers\STM32F7xx_HAL_Driver\stm32f7xx_hal_pcd_ex.o
 .debug_info    0x0000e93c     0x1236 Drivers\STM32F7xx_HAL_Driver\stm32f7xx_hal_pwr.o
 .debug_info    0x0000fb72     0x122c Drivers\STM32F7xx_HAL_Driver\stm32f7xx_hal_pwr_ex.o
 .debug_info    0x00010d9e     0x1ecb Drivers\STM32F7xx_HAL_Driver\stm32f7xx_hal_qspi.o
 .debug_info    0x00012c69     0x1367 Drivers\STM32F7xx_HAL_Driver\stm32f7xx_hal_rcc.o
 .debug_info    0x00013fd0     0x108a Drivers\STM32F7xx_HAL_Driver\stm32f7xx_hal_rcc_ex.o
 .debug_info    0x0001505a     0x2880 Drivers\STM32F7xx_HAL_Driver\stm32f7xx_hal_spi.o
 .debug_info    0x000178da     0x3ad5 Drivers\STM32F7xx_HAL_Driver\stm32f7xx_hal_tim.o
 .debug_info    0x0001b3af     0x1e62 Drivers\STM32F7xx_HAL_Driver\stm32f7xx_hal_tim_ex.o
 .debug_info    0x0001d211     0x20b0 Drivers\STM32F7xx_HAL_Driver\stm32f7xx_hal_uart.o
 .debug_info    0x0001f2c1     0x2310 Drivers\STM32F7xx_HAL_Driver\stm32f7xx_ll_usb.o
 .debug_info    0x000215d1     0x24f5 Middlewares\FreeRTOS\cmsis_os.o
 .debug_info    0x00023ac6      0xca5 Middlewares\FreeRTOS\heap_4.o
 .debug_info    0x0002476b      0xac0 Middlewares\FreeRTOS\list.o
 .debug_info    0x0002522b      0x4e8 Middlewares\FreeRTOS\port.o
 .debug_info    0x00025713     0x2999 Middlewares\FreeRTOS\tasks.o
 .debug_info    0x000280ac     0x1a6c Middlewares\USB_Device_Library\usbd_cdc.o
 .debug_info    0x00029b18     0x14d9 Middlewares\USB_Device_Library\usbd_core.o
 .debug_info    0x0002aff1     0x14f4 Middlewares\USB_Device_Library\usbd_ctlreq.o
 .debug_info    0x0002c4e5      0xff9 Middlewares\USB_Device_Library\usbd_ioreq.o
 .debug_info    0x0002d4de      0x1d3 Src\buffers.o
 .debug_info    0x0002d6b1      0x237 Src\freertos.o
 .debug_info    0x0002d8e8      0xda8 Src\gpio.o
 .debug_info    0x0002e690     0x17c7 Src\i2c.o
 .debug_info    0x0002fe57     0x2c34 Src\main.o
 .debug_info    0x00032a8b     0x1605 Src\quadspi.o
 .debug_info    0x00034090     0x19a8 Src\spi.o
 .debug_info    0x00035a38      0xfca Src\stm32f7xx_hal_msp.o
 .debug_info    0x00036a02     0x14bf Src\stm32f7xx_hal_timebase_TIM.o
 .debug_info    0x00037ec1     0x20e9 Src\stm32f7xx_it.o
 .debug_info    0x00039faa      0xf05 Src\system_stm32f7xx.o
 .debug_info    0x0003aeaf     0x183d Src\usart.o
 .debug_info    0x0003c6ec      0xebb Src\usb_device.o
 .debug_info    0x0003d5a7     0x1263 Src\usbd_cdc_if.o
 .debug_info    0x0003e80a     0x26af Src\usbd_conf.o
 .debug_info    0x00040eb9      0xde7 Src\usbd_desc.o
 .debug_info    0x00041ca0       0x78 startup\startup_stm32f765xx.o

.debug_abbrev   0x00000000     0x7e7f
 .debug_abbrev  0x00000000      0x2f9 Drivers\STM32F7xx_HAL_Driver\stm32f7xx_hal.o
 .debug_abbrev  0x000002f9      0x399 Drivers\STM32F7xx_HAL_Driver\stm32f7xx_hal_cortex.o
 .debug_abbrev  0x00000692      0x34a Drivers\STM32F7xx_HAL_Driver\stm32f7xx_hal_dma.o
 .debug_abbrev  0x000009dc      0x35c Drivers\STM32F7xx_HAL_Driver\stm32f7xx_hal_flash.o
 .debug_abbrev  0x00000d38      0x359 Drivers\STM32F7xx_HAL_Driver\stm32f7xx_hal_flash_ex.o
 .debug_abbrev  0x00001091      0x268 Drivers\STM32F7xx_HAL_Driver\stm32f7xx_hal_gpio.o
 .debug_abbrev  0x000012f9      0x3c9 Drivers\STM32F7xx_HAL_Driver\stm32f7xx_hal_i2c.o
 .debug_abbrev  0x000016c2      0x209 Drivers\STM32F7xx_HAL_Driver\stm32f7xx_hal_i2c_ex.o
 .debug_abbrev  0x000018cb      0x3a7 Drivers\STM32F7xx_HAL_Driver\stm32f7xx_hal_pcd.o
 .debug_abbrev  0x00001c72      0x25f Drivers\STM32F7xx_HAL_Driver\stm32f7xx_hal_pcd_ex.o
 .debug_abbrev  0x00001ed1      0x24a Drivers\STM32F7xx_HAL_Driver\stm32f7xx_hal_pwr.o
 .debug_abbrev  0x0000211b      0x2b6 Drivers\STM32F7xx_HAL_Driver\stm32f7xx_hal_pwr_ex.o
 .debug_abbrev  0x000023d1      0x39b Drivers\STM32F7xx_HAL_Driver\stm32f7xx_hal_qspi.o
 .debug_abbrev  0x0000276c      0x35e Drivers\STM32F7xx_HAL_Driver\stm32f7xx_hal_rcc.o
 .debug_abbrev  0x00002aca      0x25f Drivers\STM32F7xx_HAL_Driver\stm32f7xx_hal_rcc_ex.o
 .debug_abbrev  0x00002d29      0x39a Drivers\STM32F7xx_HAL_Driver\stm32f7xx_hal_spi.o
 .debug_abbrev  0x000030c3      0x381 Drivers\STM32F7xx_HAL_Driver\stm32f7xx_hal_tim.o
 .debug_abbrev  0x00003444      0x30d Drivers\STM32F7xx_HAL_Driver\stm32f7xx_hal_tim_ex.o
 .debug_abbrev  0x00003751      0x3a6 Drivers\STM32F7xx_HAL_Driver\stm32f7xx_hal_uart.o
 .debug_abbrev  0x00003af7      0x39f Drivers\STM32F7xx_HAL_Driver\stm32f7xx_ll_usb.o
 .debug_abbrev  0x00003e96      0x468 Middlewares\FreeRTOS\cmsis_os.o
 .debug_abbrev  0x000042fe      0x314 Middlewares\FreeRTOS\heap_4.o
 .debug_abbrev  0x00004612      0x1e3 Middlewares\FreeRTOS\list.o
 .debug_abbrev  0x000047f5      0x211 Middlewares\FreeRTOS\port.o
 .debug_abbrev  0x00004a06      0x419 Middlewares\FreeRTOS\tasks.o
 .debug_abbrev  0x00004e1f      0x307 Middlewares\USB_Device_Library\usbd_cdc.o
 .debug_abbrev  0x00005126      0x331 Middlewares\USB_Device_Library\usbd_core.o
 .debug_abbrev  0x00005457      0x3d7 Middlewares\USB_Device_Library\usbd_ctlreq.o
 .debug_abbrev  0x0000582e      0x206 Middlewares\USB_Device_Library\usbd_ioreq.o
 .debug_abbrev  0x00005a34       0xf7 Src\buffers.o
 .debug_abbrev  0x00005b2b      0x14d Src\freertos.o
 .debug_abbrev  0x00005c78      0x1f7 Src\gpio.o
 .debug_abbrev  0x00005e6f      0x249 Src\i2c.o
 .debug_abbrev  0x000060b8      0x332 Src\main.o
 .debug_abbrev  0x000063ea      0x230 Src\quadspi.o
 .debug_abbrev  0x0000661a      0x281 Src\spi.o
 .debug_abbrev  0x0000689b      0x200 Src\stm32f7xx_hal_msp.o
 .debug_abbrev  0x00006a9b      0x258 Src\stm32f7xx_hal_timebase_TIM.o
 .debug_abbrev  0x00006cf3      0x269 Src\stm32f7xx_it.o
 .debug_abbrev  0x00006f5c      0x1e6 Src\system_stm32f7xx.o
 .debug_abbrev  0x00007142      0x272 Src\usart.o
 .debug_abbrev  0x000073b4      0x1fe Src\usb_device.o
 .debug_abbrev  0x000075b2      0x34d Src\usbd_cdc_if.o
 .debug_abbrev  0x000078ff      0x30d Src\usbd_conf.o
 .debug_abbrev  0x00007c0c      0x261 Src\usbd_desc.o
 .debug_abbrev  0x00007e6d       0x12 startup\startup_stm32f765xx.o

.debug_loc      0x00000000    0x15277
 .debug_loc     0x00000000      0x11b Drivers\STM32F7xx_HAL_Driver\stm32f7xx_hal.o
 .debug_loc     0x0000011b      0x536 Drivers\STM32F7xx_HAL_Driver\stm32f7xx_hal_cortex.o
 .debug_loc     0x00000651      0x7ed Drivers\STM32F7xx_HAL_Driver\stm32f7xx_hal_dma.o
 .debug_loc     0x00000e3e      0x290 Drivers\STM32F7xx_HAL_Driver\stm32f7xx_hal_flash.o
 .debug_loc     0x000010ce      0x5b2 Drivers\STM32F7xx_HAL_Driver\stm32f7xx_hal_flash_ex.o
 .debug_loc     0x00001680      0x3cd Drivers\STM32F7xx_HAL_Driver\stm32f7xx_hal_gpio.o
 .debug_loc     0x00001a4d     0x31a9 Drivers\STM32F7xx_HAL_Driver\stm32f7xx_hal_i2c.o
 .debug_loc     0x00004bf6      0x144 Drivers\STM32F7xx_HAL_Driver\stm32f7xx_hal_i2c_ex.o
 .debug_loc     0x00004d3a      0xb15 Drivers\STM32F7xx_HAL_Driver\stm32f7xx_hal_pcd.o
 .debug_loc     0x0000584f      0x14d Drivers\STM32F7xx_HAL_Driver\stm32f7xx_hal_pcd_ex.o
 .debug_loc     0x0000599c       0xae Drivers\STM32F7xx_HAL_Driver\stm32f7xx_hal_pwr.o
 .debug_loc     0x00005a4a      0x1c2 Drivers\STM32F7xx_HAL_Driver\stm32f7xx_hal_pwr_ex.o
 .debug_loc     0x00005c0c     0x1132 Drivers\STM32F7xx_HAL_Driver\stm32f7xx_hal_qspi.o
 .debug_loc     0x00006d3e      0x40a Drivers\STM32F7xx_HAL_Driver\stm32f7xx_hal_rcc.o
 .debug_loc     0x00007148      0x5ba Drivers\STM32F7xx_HAL_Driver\stm32f7xx_hal_rcc_ex.o
 .debug_loc     0x00007702     0x18e6 Drivers\STM32F7xx_HAL_Driver\stm32f7xx_hal_spi.o
 .debug_loc     0x00008fe8     0x2eb3 Drivers\STM32F7xx_HAL_Driver\stm32f7xx_hal_tim.o
 .debug_loc     0x0000be9b     0x1211 Drivers\STM32F7xx_HAL_Driver\stm32f7xx_hal_tim_ex.o
 .debug_loc     0x0000d0ac     0x131b Drivers\STM32F7xx_HAL_Driver\stm32f7xx_hal_uart.o
 .debug_loc     0x0000e3c7     0x1a66 Drivers\STM32F7xx_HAL_Driver\stm32f7xx_ll_usb.o
 .debug_loc     0x0000fe2d     0x1037 Middlewares\FreeRTOS\cmsis_os.o
 .debug_loc     0x00010e64      0x390 Middlewares\FreeRTOS\heap_4.o
 .debug_loc     0x000111f4       0x94 Middlewares\FreeRTOS\list.o
 .debug_loc     0x00011288       0x9d Middlewares\FreeRTOS\port.o
 .debug_loc     0x00011325     0x124d Middlewares\FreeRTOS\tasks.o
 .debug_loc     0x00012572      0x623 Middlewares\USB_Device_Library\usbd_cdc.o
 .debug_loc     0x00012b95      0x705 Middlewares\USB_Device_Library\usbd_core.o
 .debug_loc     0x0001329a      0x8e0 Middlewares\USB_Device_Library\usbd_ctlreq.o
 .debug_loc     0x00013b7a      0x23c Middlewares\USB_Device_Library\usbd_ioreq.o
 .debug_loc     0x00013db6       0x90 Src\buffers.o
 .debug_loc     0x00013e46       0x21 Src\freertos.o
 .debug_loc     0x00013e67       0x7f Src\i2c.o
 .debug_loc     0x00013ee6       0xd3 Src\main.o